#
# A fatal error has been detected by the Java Runtime Environment:
#
#  EXCEPTION_ACCESS_VIOLATION (0xc0000005) at pc=0x00000133bc408299, pid=9932, tid=32700
#
# JRE version: Java(TM) SE Runtime Environment (21.0.10+8) (build 21.0.10+8-LTS-217)
# Java VM: Java HotSpot(TM) 64-Bit Server VM (21.0.10+8-LTS-217, mixed mode, sharing, tiered, compressed oops, compressed class ptrs, g1 gc, windows-amd64)
# Problematic frame:
# J 13101 c2 net.runelite.client.plugins.gpushared.shim.SceneGraphBridge.waitForSpace()V (14 bytes) @ 0x00000133bc408299 [0x00000133bc408160+0x0000000000000139]
#
# No core dump will be written. Minidumps are not enabled by default on client versions of Windows
#
# If you would like to submit a bug report, please visit:
#   https://bugreport.java.com/bugreport/crash.jsp
#

---------------  S U M M A R Y ------------

Command Line: -Dfile.encoding=UTF-8 -Duser.country=US -Duser.language=en -Duser.variant net.runelite.client.RuneLite

Host: 12th Gen Intel(R) Core(TM) i9-12900K, 24 cores, 31G,  Windows 11 , 64 bit Build 26100 (10.0.26100.7920)
Time: Sat Mar 21 15:31:47 2026 US Eastern Daylight Time elapsed time: 691.097435 seconds (0d 0h 11m 31s)

---------------  T H R E A D  ---------------

Current thread (0x00000134224e8ea0):  JavaThread "Client"    daemon [_thread_in_Java, id=32700, stack(0x0000001fd6fd0000,0x0000001fd70d0000) (1024K)]

Stack: [0x0000001fd6fd0000,0x0000001fd70d0000],  sp=0x0000001fd70ceb90,  free space=1018k
Native frames: (J=compiled Java code, j=interpreted, Vv=VM code, C=native code)
C  0x00000133bc408299

The last pc belongs to nmethod (printed below).

siginfo: EXCEPTION_ACCESS_VIOLATION (0xc0000005), reading address 0x0000013380000004


Registers:
RAX=0x0000000000000001, RBX=0x0000000000000000, RCX=0x0000013418927e30, RDX=0x0000000000000000
RSP=0x0000001fd70ceb90, RBP=0x0000013380000000, RSI=0x000000000000f2df, RDI=0x000000061a08e258
R8 =0x0000000000000100, R9 =0x0000000000000000, R10=0x0000000000000000, R11=0x0000013380000000
R12=0x0000000000000000, R13=0x0000000000000000, R14=0x0000001fd70ceb70, R15=0x00000134224e8ea0
RIP=0x00000133bc408299, EFLAGS=0x0000000000010246


Register to memory mapping:

RAX=0x0000000000000001 is an unknown value
RBX=0x0 is null
RCX=0x0000013418927e30 points into unknown readable memory: 0x0000000603bcddd8 | d8 dd bc 03 06 00 00 00
RDX=0x0 is null
RSP=0x0000001fd70ceb90 is pointing into the stack for thread: 0x00000134224e8ea0
RBP=0x0000013380000000 is an unknown value
RSI=0x000000000000f2df is an unknown value
RDI=0x000000061a08e258 is an oop: [I 
{0x000000061a08e258} - klass: {type array int}
 - length: 62175
R8 =0x0000000000000100 is an unknown value
R9 =0x0 is null
R10=0x0 is null
R11=0x0000013380000000 is an unknown value
R12=0x0 is null
R13=0x0 is null
R14=0x0000001fd70ceb70 is pointing into the stack for thread: 0x00000134224e8ea0
R15=0x00000134224e8ea0 is a thread

Top of Stack: (sp=0x0000001fd70ceb90)
0x0000001fd70ceb90:   0000000605868108 0000000000000000
0x0000001fd70ceba0:   0000001100000012 000000060dd87a08
0x0000001fd70cebb0:   000000060dd87a60 000000060dd879b0
0x0000001fd70cebc0:   00000000c3d47a91 00000133b5d591ac
0x0000001fd70cebd0:   00000000c3d47a91 00000133b4252374
0x0000001fd70cebe0:   0000130f0000130a 000003b300001311
0x0000001fd70cebf0:   000003b5fffffdd0 00000000fffffdd6
0x0000001fd70cec00:   00000000c3d47a91 00000133b5d58ba4
0x0000001fd70cec10:   ffffffff00000000 0000000000000000
0x0000001fd70cec20:   0000000000000000 0000000000000000
0x0000001fd70cec30:   00000007fe673760 0000000605868108
0x0000001fd70cec40:   0000000d0000f2df 0000013300000001
0x0000001fd70cec50:   000000061a08e258 0000000000000000
0x0000001fd70cec60:   000000070000f1c3 0000f1b30000f2df
0x0000001fd70cec70:   000000061a0cade8 00002300fffff180
0x0000001fd70cec80:   00000000c3d47a91 00000133b5d6eb3c
0x0000001fd70cec90:   0000000100000000 000000061ea2a350
0x0000001fd70ceca0:   000000061eb17070 00007fff00000001
0x0000001fd70cecb0:   0000000000000000 000000000000039e
0x0000001fd70cecc0:   00000000c1feb1a1 00000133bc6c5da4
0x0000001fd70cecd0:   00000000fffff3c0 000023c0ffffffff
0x0000001fd70cece0:   fffffdd8ffffffff 0000001fffffffff
0x0000001fd70cecf0:   00000000ffffffff 000000000000f2df
0x0000001fd70ced00:   000000061a08e258 0000000000000000
0x0000001fd70ced10:   00000006053f2fb0 000000010000000d
0x0000001fd70ced20:   000000061eb17070 000000061a08ce80
0x0000001fd70ced30:   00000000c3d47a91 00000133b49fbd4c
0x0000001fd70ced40:   0000000000000006 000000060ff58d08
0x0000001fd70ced50:   000000060f0e4548 000000061a08e120
0x0000001fd70ced60:   00000047ffffffe6 00007fff4b50b86f
0x0000001fd70ced70:   00000134152f43c8 00000134224e8ea0
0x0000001fd70ced80:   00000000c3d47a91 00000133bbfe945c 

Instructions: (pc=0x00000133bc408299)
0x00000133bc408199:   00 48 89 14 24 4d 8b 97 88 03 00 00 4d 8b 1a 8b
0x00000133bc4081a9:   6a 18 45 8b 44 ec 08 41 81 f8 b0 0e 1c 00 0f 85
0x00000133bc4081b9:   9b 01 00 00 4d 8d 04 ec 41 8b 68 1c 83 c5 fd 85
0x00000133bc4081c9:   ed 0f 8c 9c 01 00 00 83 fd 04 0f 86 af 01 00 00
0x00000133bc4081d9:   49 8b 48 10 45 8b 50 24 45 85 d2 0f 85 ba 01 00
0x00000133bc4081e9:   00 45 0f b6 50 2d 44 8b 4a 0c 4c 8b c1 45 8b 40
0x00000133bc4081f9:   04 41 8b d8 0f cb 45 85 d2 44 0f 45 c3 45 2b c8
0x00000133bc408209:   41 81 f9 00 01 00 00 0f 8c a3 00 00 00 45 8b 5b
0x00000133bc408219:   08 41 81 fb 98 9e 02 00 0f 84 19 01 00 00 66 0f
0x00000133bc408229:   1f 84 00 00 00 00 00 66 66 90 e8 a8 bd 8d ff 0f
0x00000133bc408239:   1f 84 00 a8 02 00 00 4d 8b 97 58 04 00 00 41 85
0x00000133bc408249:   02 4c 8b 14 24 41 8b 6a 18 45 8b 5c ec 08 41 81
0x00000133bc408259:   fb b0 0e 1c 00 75 6c 4d 8d 14 ec 41 8b 6a 1c 83
0x00000133bc408269:   c5 fd 85 ed 7c 71 83 fd 04 0f 86 84 00 00 00 45
0x00000133bc408279:   8b 5a 24 49 8b 6a 10 45 85 db 0f 85 8f 00 00 00
0x00000133bc408289:   45 0f b6 52 2d 4c 8b 1c 24 45 8b 43 0c 4c 8b dd
0x00000133bc408299:   45 8b 5b 04 41 8b cb 0f c9 45 85 d2 44 0f 45 d9
0x00000133bc4082a9:   45 2b c3 41 81 f8 00 01 00 00 0f 8d 77 ff ff ff
0x00000133bc4082b9:   48 83 c4 40 5d 49 3b a7 50 04 00 00 0f 87 3d 01
0x00000133bc4082c9:   00 00 c3 ba de ff ff ff 66 90 e8 28 c3 1d ff 0f
0x00000133bc4082d9:   1f 84 00 48 03 00 02 ba cc ff ff ff 4c 89 54 24
0x00000133bc4082e9:   18 4c 89 54 24 20 e8 0c c3 1d ff 0f 1f 84 00 64
0x00000133bc4082f9:   03 00 03 ba e4 ff ff ff 4c 89 54 24 18 4c 89 54
0x00000133bc408309:   24 20 e8 f0 c2 1d ff 0f 1f 84 00 80 03 00 04 48
0x00000133bc408319:   83 c5 04 ba 45 ff ff ff 4c 89 54 24 18 4c 89 54
0x00000133bc408329:   24 20 44 89 5c 24 28 66 66 90 e8 c8 c2 1d ff 0f
0x00000133bc408339:   1f 84 00 a8 03 00 05 ba 76 ff ff ff 48 8b 2c 24
0x00000133bc408349:   66 90 e8 b0 c2 1d ff 0f 1f 84 00 c0 03 00 06 ba
0x00000133bc408359:   de ff ff ff 66 90 e8 9c c2 1d ff 0f 1f 84 00 d4
0x00000133bc408369:   03 00 07 ba cc ff ff ff 4c 89 44 24 18 4c 89 44
0x00000133bc408379:   24 20 e8 80 c2 1d ff 0f 1f 84 00 f0 03 00 08 ba
0x00000133bc408389:   e4 ff ff ff 4c 89 44 24 18 4c 89 44 24 20 e8 64 


Stack slot to memory mapping:

stack at sp + 0 slots: 0x0000000605868108 is an oop: net.runelite.client.plugins.gpushared.shim.SceneGraphBridge 
{0x0000000605868108} - klass: 'net/runelite/client/plugins/gpushared/shim/SceneGraphBridge'
 - ---- fields (total size 4 words):
 - private 'localWriteHead' 'I' @12  256 (0x00000100)
 - private 'nativeHandle' 'J' @16  0 (0x0000000000000000)
 - private 'buf' 'Ljava/nio/ByteBuffer;' @24  a 'java/nio/DirectByteBuffer'{0x000000061ec9b5b8} (0xc3d936b7)
stack at sp + 1 slots: 0x0 is null
stack at sp + 2 slots: 0x0000001100000012 is an unknown value
stack at sp + 3 slots: 0x000000060dd87a08 is an oop: [I 
{0x000000060dd87a08} - klass: {type array int}
 - length: 18
stack at sp + 4 slots: 0x000000060dd87a60 is an oop: [I 
{0x000000060dd87a60} - klass: {type array int}
 - length: 18
stack at sp + 5 slots: 0x000000060dd879b0 is an oop: [I 
{0x000000060dd879b0} - klass: {type array int}
 - length: 18
stack at sp + 6 slots: 3285482129 is a compressed pointer to object: net.runelite.client.plugins.gpushared.GpuPluginShared$$Lambda/0x00000133d37d1918 
{0x000000061ea3d488} - klass: 'net/runelite/client/plugins/gpushared/GpuPluginShared$$Lambda+0x00000133d37d1918'
 - ---- fields (total size 2 words):
 - private final 'arg$1' 'Lnet/runelite/client/plugins/gpushared/GpuPluginShared;' @12  a 'net/runelite/client/plugins/gpushared/GpuPluginShared'{0x00000006053f2fb0} (0xc0a7e5f6)
stack at sp + 7 slots: 0x00000133b5d591ac is at entry_point+652 in (nmethod*)0x00000133b5d58d10
Compiled method (c1)  691157 13060       3       java.nio.IntBuffer::get (54 bytes)
 total in heap  [0x00000133b5d58d10,0x00000133b5d59658] = 2376
 relocation     [0x00000133b5d58e70,0x00000133b5d58f10] = 160
 main code      [0x00000133b5d58f20,0x00000133b5d593c8] = 1192
 stub code      [0x00000133b5d593c8,0x00000133b5d59440] = 120
 metadata       [0x00000133b5d59440,0x00000133b5d59460] = 32
 scopes data    [0x00000133b5d59460,0x00000133b5d59540] = 224
 scopes pcs     [0x00000133b5d59540,0x00000133b5d59630] = 240
 dependencies   [0x00000133b5d59630,0x00000133b5d59638] = 8
 nul chk table  [0x00000133b5d59638,0x00000133b5d59658] = 32


Compiled method (c2)  691158 13101       4       net.runelite.client.plugins.gpushared.shim.SceneGraphBridge::waitForSpace (14 bytes)
 total in heap  [0x00000133bc407f90,0x00000133bc4086e0] = 1872
 relocation     [0x00000133bc4080f0,0x00000133bc408150] = 96
 main code      [0x00000133bc408160,0x00000133bc408428] = 712
 stub code      [0x00000133bc408428,0x00000133bc408450] = 40
 oops           [0x00000133bc408450,0x00000133bc408468] = 24
 metadata       [0x00000133bc408468,0x00000133bc4084c0] = 88
 scopes data    [0x00000133bc4084c0,0x00000133bc4085b8] = 248
 scopes pcs     [0x00000133bc4085b8,0x00000133bc4086a8] = 240
 dependencies   [0x00000133bc4086a8,0x00000133bc4086b0] = 8
 handler table  [0x00000133bc4086b0,0x00000133bc4086c8] = 24
 nul chk table  [0x00000133bc4086c8,0x00000133bc4086e0] = 24

[Constant Pool (empty)]

[MachCode]
[Entry Point]
  # {method} {0x00000134152f7668} 'waitForSpace' '()V' in 'net/runelite/client/plugins/gpushared/shim/SceneGraphBridge'
  #           [sp+0x50]  (sp of caller)
  0x00000133bc408160: 448b 5208 | 49bb 0000 | 00d2 3301 | 0000 4d03 | d349 3bc2 

  0x00000133bc408174: ;   {runtime_call ic_miss_stub}
  0x00000133bc408174: 0f85 0666 | 1dff 6690 | 0f1f 4000 
[Verified Entry Point]
  0x00000133bc408180: 8984 2400 | 80ff ff55 | 4883 ec40 | 4181 7f20 | 1500 0000 | 0f85 8402 | 0000 4889 | 1424 4d8b 
  0x00000133bc4081a0: 9788 0300 | 004d 8b1a | 8b6a 1845 | 8b44 ec08 

  0x00000133bc4081b0: ;   {metadata('java/nio/DirectByteBuffer')}
  0x00000133bc4081b0: 4181 f8b0 | 0e1c 000f | 859b 0100 | 004d 8d04 | ec41 8b68 | 1c83 c5fd | 85ed 0f8c | 9c01 0000 
  0x00000133bc4081d0: 83fd 040f | 86af 0100 | 0049 8b48 | 1045 8b50 | 2445 85d2 | 0f85 ba01 | 0000 450f | b650 2d44 
  0x00000133bc4081f0: 8b4a 0c4c | 8bc1 458b | 4004 418b | d80f cb45 | 85d2 440f | 45c3 452b | c841 81f9 | 0001 0000 
  0x00000133bc408210: 0f8c a300 | 0000 458b 

  0x00000133bc408218: ;   {metadata('java/lang/VirtualThread')}
  0x00000133bc408218: 5b08 4181 | fb98 9e02 | 000f 8419 | 0100 0066 | 0f1f 8400 | 0000 0000 

  0x00000133bc408230: ;   {static_call}
  0x00000133bc408230: 6666 90e8 

  0x00000133bc408234: ; ImmutableOopMap {[0]=Oop }
                      ;*invokestatic yield0 {reexecute=0 rethrow=0 return_oop=0}
                      ; - java.lang.Thread::yield@23 (line 445)
                      ; - net.runelite.client.plugins.gpushared.shim.SceneGraphBridge::waitForSpace@7 (line 115)
  0x00000133bc408234: a8bd 8dff 

  0x00000133bc408238: ;   {other}
  0x00000133bc408238: 0f1f 8400 | a802 0000 | 4d8b 9758 

  0x00000133bc408244: ; ImmutableOopMap {[0]=Oop }
                      ;*goto {reexecute=1 rethrow=0 return_oop=0}
                      ; - (reexecute) net.runelite.client.plugins.gpushared.shim.SceneGraphBridge::waitForSpace@10 (line 115)
                      ;   {poll}
  0x00000133bc408244: 0400 0041 | 8502 4c8b | 1424 418b | 6a18 458b 

  0x00000133bc408254: ;   {metadata('java/nio/DirectByteBuffer')}
  0x00000133bc408254: 5cec 0841 | 81fb b00e | 1c00 756c | 4d8d 14ec | 418b 6a1c | 83c5 fd85 | ed7c 7183 | fd04 0f86 
  0x00000133bc408274: 8400 0000 | 458b 5a24 | 498b 6a10 | 4585 db0f | 858f 0000 | 0045 0fb6 | 522d 4c8b | 1c24 458b 
  0x00000133bc408294: 430c 4c8b | dd45 8b5b | 0441 8bcb | 0fc9 4585 | d244 0f45 | d945 2bc3 | 4181 f800 | 0100 000f 
  0x00000133bc4082b4: 8d77 ffff | ff48 83c4 

  0x00000133bc4082bc: ;   {poll_return}
  0x00000133bc4082bc: 405d 493b | a750 0400 | 000f 873d | 0100 00c3 | bade ffff 

  0x00000133bc4082d0: ;   {runtime_call UncommonTrapBlob}
  0x00000133bc4082d0: ff66 90e8 

  0x00000133bc4082d4: ; ImmutableOopMap {rbp=NarrowOop [0]=Oop }
                      ;*invokevirtual getInt {reexecute=0 rethrow=0 return_oop=0}
                      ; - net.runelite.client.plugins.gpushared.shim.SceneGraphBridge::isFull@8 (line 105)
                      ; - net.runelite.client.plugins.gpushared.shim.SceneGraphBridge::waitForSpace@1 (line 113)
  0x00000133bc4082d4: 28c3 1dff 

  0x00000133bc4082d8: ;   {other}
  0x00000133bc4082d8: 0f1f 8400 | 4803 0002 | bacc ffff | ff4c 8954 | 2418 4c89 

  0x00000133bc4082ec: ;   {runtime_call UncommonTrapBlob}
  0x00000133bc4082ec: 5424 20e8 

  0x00000133bc4082f0: ; ImmutableOopMap {[0]=Oop [24]=Oop [32]=Oop }
                      ;*invokestatic checkIndex {reexecute=0 rethrow=0 return_oop=0}
                      ; - java.nio.Buffer::checkIndex@12 (line 779)
                      ; - java.nio.DirectByteBuffer::getInt@5 (line 761)
                      ; - net.runelite.client.plugins.gpushared.shim.SceneGraphBridge::isFull@8 (line 105)
                      ; - net.runelite.client.plugins.gpushared.shim.SceneGraphBridge::waitForSpace@1 (line 113)
  0x00000133bc4082f0: 0cc3 1dff 

  0x00000133bc4082f4: ;   {other}
  0x00000133bc4082f4: 0f1f 8400 | 6403 0003 | bae4 ffff | ff4c 8954 | 2418 4c89 

  0x00000133bc408308: ;   {runtime_call UncommonTrapBlob}
  0x00000133bc408308: 5424 20e8 

  0x00000133bc40830c: ; ImmutableOopMap {[0]=Oop [24]=Oop [32]=Oop }
                      ;*invokestatic checkIndex {reexecute=0 rethrow=0 return_oop=0}
                      ; - java.nio.Buffer::checkIndex@12 (line 779)
                      ; - java.nio.DirectByteBuffer::getInt@5 (line 761)
                      ; - net.runelite.client.plugins.gpushared.shim.SceneGraphBridge::isFull@8 (line 105)
                      ; - net.runelite.client.plugins.gpushared.shim.SceneGraphBridge::waitForSpace@1 (line 113)
  0x00000133bc40830c: f0c2 1dff 

  0x00000133bc408310: ;   {other}
  0x00000133bc408310: 0f1f 8400 | 8003 0004 | 4883 c504 | ba45 ffff | ff4c 8954 | 2418 4c89 | 5424 2044 | 895c 2428 
  0x00000133bc408330: ;   {runtime_call UncommonTrapBlob}
  0x00000133bc408330: 6666 90e8 

  0x00000133bc408334: ; ImmutableOopMap {[0]=Oop [24]=Oop [32]=Oop [40]=NarrowOop }
                      ;*ifnull {reexecute=1 rethrow=0 return_oop=0}
                      ; - (reexecute) java.nio.Buffer::session@4 (line 792)
                      ; - java.nio.DirectByteBuffer::getInt@4 (line 744)
                      ; - java.nio.DirectByteBuffer::getInt@11 (line 761)
                      ; - net.runelite.client.plugins.gpushared.shim.SceneGraphBridge::isFull@8 (line 105)
                      ; - net.runelite.client.plugins.gpushared.shim.SceneGraphBridge::waitForSpace@1 (line 113)
  0x00000133bc408334: c8c2 1dff 

  0x00000133bc408338: ;   {other}
  0x00000133bc408338: 0f1f 8400 | a803 0005 | ba76 ffff | ff48 8b2c 

  0x00000133bc408348: ;   {runtime_call UncommonTrapBlob}
  0x00000133bc408348: 2466 90e8 

  0x00000133bc40834c: ; ImmutableOopMap {rbp=Oop }
                      ;*ifeq {reexecute=1 rethrow=0 return_oop=0}
                      ; - (reexecute) net.runelite.client.plugins.gpushared.shim.SceneGraphBridge::waitForSpace@4 (line 113)
  0x00000133bc40834c: b0c2 1dff 

  0x00000133bc408350: ;   {other}
  0x00000133bc408350: 0f1f 8400 | c003 0006 | bade ffff 

  0x00000133bc40835c: ;   {runtime_call UncommonTrapBlob}
  0x00000133bc40835c: ff66 90e8 

  0x00000133bc408360: ; ImmutableOopMap {rbp=NarrowOop [0]=Oop }
                      ;*invokevirtual getInt {reexecute=0 rethrow=0 return_oop=0}
                      ; - net.runelite.client.plugins.gpushared.shim.SceneGraphBridge::isFull@8 (line 105)
                      ; - net.runelite.client.plugins.gpushared.shim.SceneGraphBridge::waitForSpace@1 (line 113)
  0x00000133bc408360: 9cc2 1dff 

  0x00000133bc408364: ;   {other}
  0x00000133bc408364: 0f1f 8400 | d403 0007 | bacc ffff | ff4c 8944 | 2418 4c89 

  0x00000133bc408378: ;   {runtime_call UncommonTrapBlob}
  0x00000133bc408378: 4424 20e8 

  0x00000133bc40837c: ; ImmutableOopMap {[0]=Oop [24]=Oop [32]=Oop }
                      ;*invokestatic checkIndex {reexecute=0 rethrow=0 return_oop=0}
                      ; - java.nio.Buffer::checkIndex@12 (line 779)
                      ; - java.nio.DirectByteBuffer::getInt@5 (line 761)
                      ; - net.runelite.client.plugins.gpushared.shim.SceneGraphBridge::isFull@8 (line 105)
                      ; - net.runelite.client.plugins.gpushared.shim.SceneGraphBridge::waitForSpace@1 (line 113)
  0x00000133bc40837c: 80c2 1dff 

  0x00000133bc408380: ;   {other}
  0x00000133bc408380: 0f1f 8400 | f003 0008 | bae4 ffff | ff4c 8944 | 2418 4c89 

  0x00000133bc408394: ;   {runtime_call UncommonTrapBlob}
  0x00000133bc408394: 4424 20e8 

  0x00000133bc408398: ; ImmutableOopMap {[0]=Oop [24]=Oop [32]=Oop }
                      ;*invokestatic checkIndex {reexecute=0 rethrow=0 return_oop=0}
                      ; - java.nio.Buffer::checkIndex@12 (line 779)
                      ; - java.nio.DirectByteBuffer::getInt@5 (line 761)
                      ; - net.runelite.client.plugins.gpushared.shim.SceneGraphBridge::isFull@8 (line 105)
                      ; - net.runelite.client.plugins.gpushared.shim.SceneGraphBridge::waitForSpace@1 (line 113)
  0x00000133bc408398: 64c2 1dff 

  0x00000133bc40839c: ;   {other}
  0x00000133bc40839c: 0f1f 8400 | 0c04 0009 | 4883 c104 | ba45 ffff | ff48 8b2c | 244c 8944 | 2410 4889 | 4c24 184c 
  0x00000133bc4083bc: 8944 2420 | 4489 5424 

  0x00000133bc4083c4: ;   {runtime_call UncommonTrapBlob}
  0x00000133bc4083c4: 2866 90e8 

  0x00000133bc4083c8: ; ImmutableOopMap {rbp=Oop [16]=Oop [32]=Oop [40]=NarrowOop }
                      ;*ifnull {reexecute=1 rethrow=0 return_oop=0}
                      ; - (reexecute) java.nio.Buffer::session@4 (line 792)
                      ; - java.nio.DirectByteBuffer::getInt@4 (line 744)
                      ; - java.nio.DirectByteBuffer::getInt@11 (line 761)
                      ; - net.runelite.client.plugins.gpushared.shim.SceneGraphBridge::isFull@8 (line 105)
                      ; - net.runelite.client.plugins.gpushared.shim.SceneGraphBridge::waitForSpace@1 (line 113)
  0x00000133bc4083c8: 34c2 1dff 

  0x00000133bc4083cc: ;   {other}
  0x00000133bc4083cc: 0f1f 8400 | 3c04 000a | 488b d048 | 83c4 405d 

  0x00000133bc4083dc: ;   {runtime_call _rethrow_Java}
  0x00000133bc4083dc: e99f 5d2a | ffba f6ff 

  0x00000133bc4083e4: ;   {runtime_call UncommonTrapBlob}
  0x00000133bc4083e4: ffff 90e8 

  0x00000133bc4083e8: ; ImmutableOopMap {}
                      ;*invokevirtual getInt {reexecute=0 rethrow=0 return_oop=0}
                      ; - net.runelite.client.plugins.gpushared.shim.SceneGraphBridge::isFull@8 (line 105)
                      ; - net.runelite.client.plugins.gpushared.shim.SceneGraphBridge::waitForSpace@1 (line 113)
  0x00000133bc4083e8: 14c2 1dff 

  0x00000133bc4083ec: ;   {other}
  0x00000133bc4083ec: 0f1f 8400 | 5c04 000b | baf6 ffff 

  0x00000133bc4083f8: ;   {runtime_call UncommonTrapBlob}
  0x00000133bc4083f8: ff66 90e8 

  0x00000133bc4083fc: ; ImmutableOopMap {}
                      ;*invokevirtual getInt {reexecute=0 rethrow=0 return_oop=0}
                      ; - net.runelite.client.plugins.gpushared.shim.SceneGraphBridge::isFull@8 (line 105)
                      ; - net.runelite.client.plugins.gpushared.shim.SceneGraphBridge::waitForSpace@1 (line 113)
  0x00000133bc4083fc: 00c2 1dff 

  0x00000133bc408400: ;   {other}
  0x00000133bc408400: 0f1f 8400 | 7004 000c 

  0x00000133bc408408: ;   {internal_word}
  0x00000133bc408408: 49ba be82 | 40bc 3301 | 0000 4d89 | 9768 0400 

  0x00000133bc408418: ;   {runtime_call SafepointBlob}
  0x00000133bc408418: 00e9 e2d2 

  0x00000133bc40841c: ;   {runtime_call StubRoutines (final stubs)}
  0x00000133bc40841c: 1dff e83d | c91b ffe9 | 72fd ffff 
[Stub Code]
  0x00000133bc408428: ;   {no_reloc}
  0x00000133bc408428: 48bb 0000 | 0000 0000 

  0x00000133bc408430: ;   {runtime_call}
  0x00000133bc408430: 0000 e9fb 

  0x00000133bc408434: ;   {runtime_call ExceptionBlob}
  0x00000133bc408434: ffff ffe9 | 4443 2aff 
[Deopt Handler Code]
  0x00000133bc40843c: e800 0000 | 0048 832c 

  0x00000133bc408444: ;   {runtime_call DeoptimizationBlob}
  0x00000133bc408444: 2405 e955 | c51d fff4 | f4f4 f4f4 
[/MachCode]


---------------  P R O C E S S  ---------------

Threads class SMR info:
_java_thread_list=0x0000013417bd36a0, length=34, elements={
0x00000133ce875a00, 0x00000133ce878570, 0x00000133ce87a170, 0x00000133ce87ae30,
0x00000133ce87bfd0, 0x00000133ce87d300, 0x00000133d1c351d0, 0x00000133d1c56c20,
0x00000133d1e04a70, 0x00000133d1e1df00, 0x0000013417d24260, 0x0000013417d248d0,
0x0000013417d28f50, 0x0000013417d5d470, 0x000001341827a3b0, 0x00000134182a3be0,
0x00000134183d8310, 0x00000134183d6f60, 0x00000134183d9030, 0x00000134224e6740,
0x00000134224e60b0, 0x00000134224e8ea0, 0x00000134224e5a20, 0x00000134224ec320,
0x00000134229aea60, 0x00000134229ad6b0, 0x00000134229ad020, 0x00000134253ef5c0,
0x00000134253f0970, 0x00000134253f51a0, 0x0000013423adf4b0, 0x0000013423adfb40,
0x0000013423ade790, 0x00000134253f23b0
}

Java Threads: ( => current thread )
  0x00000133ce875a00 JavaThread "Reference Handler"          daemon [_thread_blocked, id=44636, stack(0x0000001fd3700000,0x0000001fd3800000) (1024K)]
  0x00000133ce878570 JavaThread "Finalizer"                  daemon [_thread_blocked, id=41820, stack(0x0000001fd3800000,0x0000001fd3900000) (1024K)]
  0x00000133ce87a170 JavaThread "Signal Dispatcher"          daemon [_thread_blocked, id=13760, stack(0x0000001fd3900000,0x0000001fd3a00000) (1024K)]
  0x00000133ce87ae30 JavaThread "Attach Listener"            daemon [_thread_blocked, id=39612, stack(0x0000001fd3a00000,0x0000001fd3b00000) (1024K)]
  0x00000133ce87bfd0 JavaThread "Service Thread"             daemon [_thread_blocked, id=1756, stack(0x0000001fd3b00000,0x0000001fd3c00000) (1024K)]
  0x00000133ce87d300 JavaThread "Monitor Deflation Thread"   daemon [_thread_blocked, id=24124, stack(0x0000001fd3c00000,0x0000001fd3d00000) (1024K)]
  0x00000133d1c351d0 JavaThread "C2 CompilerThread0"         daemon [_thread_blocked, id=5776, stack(0x0000001fd3d00000,0x0000001fd3e00000) (1024K)]
  0x00000133d1c56c20 JavaThread "C1 CompilerThread0"         daemon [_thread_blocked, id=5640, stack(0x0000001fd3e00000,0x0000001fd3f00000) (1024K)]
  0x00000133d1e04a70 JavaThread "Notification Thread"        daemon [_thread_blocked, id=13468, stack(0x0000001fd4000000,0x0000001fd4100000) (1024K)]
  0x00000133d1e1df00 JavaThread "Common-Cleaner"             daemon [_thread_blocked, id=22024, stack(0x0000001fd4100000,0x0000001fd4200000) (1024K)]
  0x0000013417d24260 JavaThread "Java2D Disposer"            daemon [_thread_blocked, id=9700, stack(0x0000001fd5200000,0x0000001fd5300000) (1024K)]
  0x0000013417d248d0 JavaThread "AWT-Shutdown"                      [_thread_blocked, id=28400, stack(0x0000001fd5300000,0x0000001fd5400000) (1024K)]
  0x0000013417d28f50 JavaThread "AWT-Windows"                daemon [_thread_in_native, id=23116, stack(0x0000001fd5400000,0x0000001fd5500000) (1024K)]
  0x0000013417d5d470 JavaThread "AWT-EventQueue-0"                  [_thread_blocked, id=10032, stack(0x0000001fd5500000,0x0000001fd5600000) (1024K)]
  0x000001341827a3b0 JavaThread "TimerQueue"                 daemon [_thread_blocked, id=25200, stack(0x0000001fd4200000,0x0000001fd4300000) (1024K)]
  0x00000134182a3be0 JavaThread "D3D Screen Updater"         daemon [_thread_blocked, id=43364, stack(0x0000001fd4300000,0x0000001fd4400000) (1024K)]
  0x00000134183d8310 JavaThread "OkHttp static.runelite.net Writer"        [_thread_blocked, id=35432, stack(0x0000001fd69d0000,0x0000001fd6ad0000) (1024K)]
  0x00000134183d6f60 JavaThread "OkHttp static.runelite.net"        [_thread_in_native, id=45860, stack(0x0000001fd6ad0000,0x0000001fd6bd0000) (1024K)]
  0x00000134183d9030 JavaThread "OkHttp ConnectionPool"      daemon [_thread_blocked, id=25816, stack(0x0000001fd6bd0000,0x0000001fd6cd0000) (1024K)]
  0x00000134224e6740 JavaThread "pool-2-thread-1"                   [_thread_blocked, id=24068, stack(0x0000001fd4500000,0x0000001fd4600000) (1024K)]
  0x00000134224e60b0 JavaThread "Thread-1"                   daemon [_thread_blocked, id=35080, stack(0x0000001fd6ed0000,0x0000001fd6fd0000) (1024K)]
=>0x00000134224e8ea0 JavaThread "Client"                     daemon [_thread_in_Java, id=32700, stack(0x0000001fd6fd0000,0x0000001fd70d0000) (1024K)]
  0x00000134224e5a20 JavaThread "Thread-3"                   daemon [_thread_blocked, id=29968, stack(0x0000001fd70d0000,0x0000001fd71d0000) (1024K)]
  0x00000134224ec320 JavaThread "Thread-5"                   daemon [_thread_blocked, id=36484, stack(0x0000001fd72d0000,0x0000001fd73d0000) (1024K)]
  0x00000134229aea60 JavaThread "Java Sound Event Dispatcher" daemon [_thread_blocked, id=30396, stack(0x0000001fd79d0000,0x0000001fd7ad0000) (1024K)]
  0x00000134229ad6b0 JavaThread "Sound Engine"                      [_thread_blocked, id=3392, stack(0x0000001fd7dd0000,0x0000001fd7ed0000) (1024K)]
  0x00000134229ad020 JavaThread "Thread-7"                   daemon [_thread_blocked, id=32272, stack(0x0000001fd80d0000,0x0000001fd81d0000) (1024K)]
  0x00000134253ef5c0 JavaThread "pool-5-thread-1"                   [_thread_blocked, id=17284, stack(0x0000001fd83d0000,0x0000001fd84d0000) (1024K)]
  0x00000134253f0970 JavaThread "DestroyJavaVM"                     [_thread_blocked, id=16564, stack(0x0000001fd2f00000,0x0000001fd3000000) (1024K)]
  0x00000134253f51a0 JavaThread "Thread-9"                   daemon [_thread_in_native, id=10468, stack(0x0000001fd86d0000,0x0000001fd87d0000) (1024K)]
  0x0000013423adf4b0 JavaThread "Thread-10"                  daemon [_thread_in_native, id=25288, stack(0x0000001fd5cd0000,0x0000001fd5dd0000) (1024K)]
  0x0000013423adfb40 JavaThread "Thread-11"                  daemon [_thread_blocked, id=3980, stack(0x0000001fd5dd0000,0x0000001fd5ed0000) (1024K)]
  0x0000013423ade790 JavaThread "Map Loader"                 daemon [_thread_blocked, id=1848, stack(0x0000001fd3f00000,0x0000001fd4000000) (1024K)]
  0x00000134253f23b0 JavaThread "Okio Watchdog"              daemon [_thread_blocked, id=18104, stack(0x0000001fd5700000,0x0000001fd5800000) (1024K)]
Total: 34

Other Threads:
  0x00000133ce858c80 VMThread "VM Thread"                           [id=4588, stack(0x0000001fd3600000,0x0000001fd3700000) (1024K)]
  0x00000133ce848bb0 WatcherThread "VM Periodic Task Thread"        [id=35924, stack(0x0000001fd3500000,0x0000001fd3600000) (1024K)]
  0x00000133aa76a6d0 WorkerThread "GC Thread#0"                     [id=42592, stack(0x0000001fd3000000,0x0000001fd3100000) (1024K)]
  0x0000013417b66220 WorkerThread "GC Thread#1"                     [id=27580, stack(0x0000001fd4700000,0x0000001fd4800000) (1024K)]
  0x0000013417b665d0 WorkerThread "GC Thread#2"                     [id=33164, stack(0x0000001fd4800000,0x0000001fd4900000) (1024K)]
  0x0000013417b66980 WorkerThread "GC Thread#3"                     [id=37248, stack(0x0000001fd4900000,0x0000001fd4a00000) (1024K)]
  0x0000013417b66d30 WorkerThread "GC Thread#4"                     [id=37008, stack(0x0000001fd4a00000,0x0000001fd4b00000) (1024K)]
  0x0000013417b670e0 WorkerThread "GC Thread#5"                     [id=33844, stack(0x0000001fd4b00000,0x0000001fd4c00000) (1024K)]
  0x0000013417b67490 WorkerThread "GC Thread#6"                     [id=22712, stack(0x0000001fd4c00000,0x0000001fd4d00000) (1024K)]
  0x0000013417b68060 WorkerThread "GC Thread#7"                     [id=27276, stack(0x0000001fd4d00000,0x0000001fd4e00000) (1024K)]
  0x0000013417b68620 WorkerThread "GC Thread#8"                     [id=3664, stack(0x0000001fd4e00000,0x0000001fd4f00000) (1024K)]
  0x0000013417b689d0 WorkerThread "GC Thread#9"                     [id=17436, stack(0x0000001fd4f00000,0x0000001fd5000000) (1024K)]
  0x0000013417cb3560 WorkerThread "GC Thread#10"                    [id=30908, stack(0x0000001fd5000000,0x0000001fd5100000) (1024K)]
  0x0000013417cb3910 WorkerThread "GC Thread#11"                    [id=45612, stack(0x0000001fd5100000,0x0000001fd5200000) (1024K)]
  0x0000013417d957b0 WorkerThread "GC Thread#12"                    [id=25208, stack(0x0000001fd60d0000,0x0000001fd61d0000) (1024K)]
  0x0000013417d94190 WorkerThread "GC Thread#13"                    [id=10104, stack(0x0000001fd61d0000,0x0000001fd62d0000) (1024K)]
  0x0000013417d95b60 WorkerThread "GC Thread#14"                    [id=45924, stack(0x0000001fd62d0000,0x0000001fd63d0000) (1024K)]
  0x0000013421e693e0 WorkerThread "GC Thread#15"                    [id=15196, stack(0x0000001fd63d0000,0x0000001fd64d0000) (1024K)]
  0x0000013421e6bc70 WorkerThread "GC Thread#16"                    [id=39276, stack(0x0000001fd64d0000,0x0000001fd65d0000) (1024K)]
  0x0000013421e6b8c0 WorkerThread "GC Thread#17"                    [id=45404, stack(0x0000001fd5a00000,0x0000001fd5b00000) (1024K)]
  0x00000133aa77c420 ConcurrentGCThread "G1 Main Marker"            [id=30380, stack(0x0000001fd3100000,0x0000001fd3200000) (1024K)]
  0x00000133aa77dde0 WorkerThread "G1 Conc#0"                       [id=30756, stack(0x0000001fd3200000,0x0000001fd3300000) (1024K)]
  0x0000013421e68170 WorkerThread "G1 Conc#1"                       [id=6896, stack(0x0000001fd65d0000,0x0000001fd66d0000) (1024K)]
  0x0000013421e68520 WorkerThread "G1 Conc#2"                       [id=26684, stack(0x0000001fd66d0000,0x0000001fd67d0000) (1024K)]
  0x0000013421e69b40 WorkerThread "G1 Conc#3"                       [id=40676, stack(0x0000001fd67d0000,0x0000001fd68d0000) (1024K)]
  0x0000013421e69790 WorkerThread "G1 Conc#4"                       [id=26060, stack(0x0000001fd68d0000,0x0000001fd69d0000) (1024K)]
  0x00000133ce78a600 ConcurrentGCThread "G1 Refine#0"               [id=44304, stack(0x0000001fd3300000,0x0000001fd3400000) (1024K)]
  0x00000133ce78b020 ConcurrentGCThread "G1 Service"                [id=20272, stack(0x0000001fd3400000,0x0000001fd3500000) (1024K)]
Total: 28

Threads with active compile tasks:
Total: 0

VM state: not at safepoint (normal execution)

VM Mutex/Monitor currently owned by a thread: None

Heap address: 0x0000000603800000, size: 8136 MB, Compressed Oops mode: Zero based, Oop shift amount: 3

CDS archive(s) mapped at: [0x00000133d2000000-0x00000133d2c90000-0x00000133d2c90000), size 13172736, SharedBaseAddress: 0x00000133d2000000, ArchiveRelocationMode: 1.
Compressed class space mapped at: 0x00000133d3000000-0x0000013413000000, reserved size: 1073741824
Narrow klass base: 0x00000133d2000000, Narrow klass shift: 0, Narrow klass range: 0x100000000

GC Precious Log:
 CardTable entry size: 512
 Card Set container configuration: InlinePtr #cards 4 size 8 Array Of Cards #cards 32 size 80 Howl #buckets 8 coarsen threshold 7372 Howl Bitmap #cards 1024 size 144 coarsen threshold 921 Card regions per heap region 1 cards per card region 8192
 CPUs: 24 total, 24 available
 Memory: 32535M
 Large Page Support: Disabled
 NUMA Support: Disabled
 Compressed Oops: Enabled (Zero based)
 Heap Region Size: 4M
 Heap Min Capacity: 8M
 Heap Initial Capacity: 512M
 Heap Max Capacity: 8136M
 Pre-touch: Disabled
 Parallel Workers: 18
 Concurrent Workers: 5
 Concurrent Refinement Workers: 18
 Periodic GC: Disabled

Heap:
 garbage-first heap   total 503808K, used 365586K [0x0000000603800000, 0x0000000800000000)
  region size 4096K, 33 young (135168K), 5 survivors (20480K)
 Metaspace       used 89778K, committed 91008K, reserved 1179648K
  class space    used 8829K, committed 9408K, reserved 1048576K

Heap Regions: E=young(eden), S=young(survivor), O=old, HS=humongous(starts), HC=humongous(continues), CS=collection set, F=free, TAMS=top-at-mark-start, PB=parsable bottom
|   0|0x0000000603800000, 0x0000000603c00000, 0x0000000603c00000|100%| O|  |TAMS 0x0000000603800000| PB 0x0000000603800000| Untracked 
|   1|0x0000000603c00000, 0x0000000604000000, 0x0000000604000000|100%| O|  |TAMS 0x0000000603c00000| PB 0x0000000603c00000| Untracked 
|   2|0x0000000604000000, 0x0000000604400000, 0x0000000604400000|100%| O|  |TAMS 0x0000000604000000| PB 0x0000000604000000| Untracked 
|   3|0x0000000604400000, 0x0000000604800000, 0x0000000604800000|100%| O|  |TAMS 0x0000000604400000| PB 0x0000000604400000| Untracked 
|   4|0x0000000604800000, 0x0000000604c00000, 0x0000000604c00000|100%| O|  |TAMS 0x0000000604800000| PB 0x0000000604800000| Untracked 
|   5|0x0000000604c00000, 0x0000000605000000, 0x0000000605000000|100%| O|  |TAMS 0x0000000604c00000| PB 0x0000000604c00000| Untracked 
|   6|0x0000000605000000, 0x0000000605400000, 0x0000000605400000|100%| O|  |TAMS 0x0000000605000000| PB 0x0000000605000000| Untracked 
|   7|0x0000000605400000, 0x0000000605800000, 0x0000000605800000|100%| O|  |TAMS 0x0000000605400000| PB 0x0000000605400000| Untracked 
|   8|0x0000000605800000, 0x0000000605c00000, 0x0000000605c00000|100%| O|  |TAMS 0x0000000605800000| PB 0x0000000605800000| Untracked 
|   9|0x0000000605c00000, 0x0000000606000000, 0x0000000606000000|100%| O|  |TAMS 0x0000000605c00000| PB 0x0000000605c00000| Untracked 
|  10|0x0000000606000000, 0x0000000606400000, 0x0000000606400000|100%| O|  |TAMS 0x0000000606000000| PB 0x0000000606000000| Untracked 
|  11|0x0000000606400000, 0x0000000606800000, 0x0000000606800000|100%| O|  |TAMS 0x0000000606400000| PB 0x0000000606400000| Untracked 
|  12|0x0000000606800000, 0x0000000606c00000, 0x0000000606c00000|100%| O|  |TAMS 0x0000000606800000| PB 0x0000000606800000| Untracked 
|  13|0x0000000606c00000, 0x0000000607000000, 0x0000000607000000|100%| O|  |TAMS 0x0000000606c00000| PB 0x0000000606c00000| Untracked 
|  14|0x0000000607000000, 0x0000000607400000, 0x0000000607400000|100%| O|  |TAMS 0x0000000607000000| PB 0x0000000607000000| Untracked 
|  15|0x0000000607400000, 0x0000000607800000, 0x0000000607800000|100%| O|Cm|TAMS 0x0000000607400000| PB 0x0000000607400000| Complete 
|  16|0x0000000607800000, 0x0000000607c00000, 0x0000000607c00000|100%| O|Cm|TAMS 0x0000000607800000| PB 0x0000000607800000| Complete 
|  17|0x0000000607c00000, 0x0000000608000000, 0x0000000608000000|100%| O|  |TAMS 0x0000000607c00000| PB 0x0000000607c00000| Untracked 
|  18|0x0000000608000000, 0x0000000608000000, 0x0000000608400000|  0%| F|  |TAMS 0x0000000608000000| PB 0x0000000608000000| Untracked 
|  19|0x0000000608400000, 0x0000000608800000, 0x0000000608800000|100%| O|  |TAMS 0x0000000608400000| PB 0x0000000608400000| Untracked 
|  20|0x0000000608800000, 0x0000000608c00000, 0x0000000608c00000|100%| O|  |TAMS 0x0000000608800000| PB 0x0000000608800000| Untracked 
|  21|0x0000000608c00000, 0x0000000609000000, 0x0000000609000000|100%| O|  |TAMS 0x0000000608c00000| PB 0x0000000608c00000| Untracked 
|  22|0x0000000609000000, 0x0000000609189240, 0x0000000609400000| 38%| O|  |TAMS 0x0000000609000000| PB 0x0000000609000000| Untracked 
|  23|0x0000000609400000, 0x0000000609800000, 0x0000000609800000|100%| O|  |TAMS 0x0000000609400000| PB 0x0000000609400000| Untracked 
|  24|0x0000000609800000, 0x0000000609c00000, 0x0000000609c00000|100%| O|  |TAMS 0x0000000609800000| PB 0x0000000609800000| Untracked 
|  25|0x0000000609c00000, 0x000000060a000000, 0x000000060a000000|100%| O|  |TAMS 0x0000000609c00000| PB 0x0000000609c00000| Untracked 
|  26|0x000000060a000000, 0x000000060a400000, 0x000000060a400000|100%| O|  |TAMS 0x000000060a000000| PB 0x000000060a000000| Untracked 
|  27|0x000000060a400000, 0x000000060a800000, 0x000000060a800000|100%| O|  |TAMS 0x000000060a400000| PB 0x000000060a400000| Untracked 
|  28|0x000000060a800000, 0x000000060ac00000, 0x000000060ac00000|100%| O|  |TAMS 0x000000060a800000| PB 0x000000060a800000| Untracked 
|  29|0x000000060ac00000, 0x000000060b000000, 0x000000060b000000|100%| O|  |TAMS 0x000000060ac00000| PB 0x000000060ac00000| Untracked 
|  30|0x000000060b000000, 0x000000060b400000, 0x000000060b400000|100%| O|  |TAMS 0x000000060b000000| PB 0x000000060b000000| Untracked 
|  31|0x000000060b400000, 0x000000060b400000, 0x000000060b800000|  0%| F|  |TAMS 0x000000060b400000| PB 0x000000060b400000| Untracked 
|  32|0x000000060b800000, 0x000000060bc00000, 0x000000060bc00000|100%| O|  |TAMS 0x000000060b800000| PB 0x000000060b800000| Untracked 
|  33|0x000000060bc00000, 0x000000060c000000, 0x000000060c000000|100%| O|  |TAMS 0x000000060bc00000| PB 0x000000060bc00000| Untracked 
|  34|0x000000060c000000, 0x000000060c400000, 0x000000060c400000|100%| O|  |TAMS 0x000000060c000000| PB 0x000000060c000000| Untracked 
|  35|0x000000060c400000, 0x000000060c400000, 0x000000060c800000|  0%| F|  |TAMS 0x000000060c400000| PB 0x000000060c400000| Untracked 
|  36|0x000000060c800000, 0x000000060cc00000, 0x000000060cc00000|100%| O|  |TAMS 0x000000060c800000| PB 0x000000060c800000| Untracked 
|  37|0x000000060cc00000, 0x000000060d000000, 0x000000060d000000|100%| O|  |TAMS 0x000000060cc00000| PB 0x000000060cc00000| Untracked 
|  38|0x000000060d000000, 0x000000060d400000, 0x000000060d400000|100%| O|  |TAMS 0x000000060d000000| PB 0x000000060d000000| Untracked 
|  39|0x000000060d400000, 0x000000060d800000, 0x000000060d800000|100%| O|  |TAMS 0x000000060d400000| PB 0x000000060d400000| Untracked 
|  40|0x000000060d800000, 0x000000060d800000, 0x000000060dc00000|  0%| F|  |TAMS 0x000000060d800000| PB 0x000000060d800000| Untracked 
|  41|0x000000060dc00000, 0x000000060e000000, 0x000000060e000000|100%| O|  |TAMS 0x000000060dc00000| PB 0x000000060dc00000| Untracked 
|  42|0x000000060e000000, 0x000000060e400000, 0x000000060e400000|100%|HS|  |TAMS 0x000000060e000000| PB 0x000000060e000000| Complete 
|  43|0x000000060e400000, 0x000000060e800000, 0x000000060e800000|100%|HC|  |TAMS 0x000000060e400000| PB 0x000000060e400000| Complete 
|  44|0x000000060e800000, 0x000000060ec00000, 0x000000060ec00000|100%|HS|  |TAMS 0x000000060e800000| PB 0x000000060e800000| Complete 
|  45|0x000000060ec00000, 0x000000060f000000, 0x000000060f000000|100%|HS|  |TAMS 0x000000060ec00000| PB 0x000000060ec00000| Complete 
|  46|0x000000060f000000, 0x000000060f400000, 0x000000060f400000|100%| O|  |TAMS 0x000000060f000000| PB 0x000000060f000000| Untracked 
|  47|0x000000060f400000, 0x000000060f400000, 0x000000060f800000|  0%| F|  |TAMS 0x000000060f400000| PB 0x000000060f400000| Untracked 
|  48|0x000000060f800000, 0x000000060fc00000, 0x000000060fc00000|100%| O|  |TAMS 0x000000060f800000| PB 0x000000060f800000| Untracked 
|  49|0x000000060fc00000, 0x0000000610000000, 0x0000000610000000|100%| O|  |TAMS 0x000000060fc00000| PB 0x000000060fc00000| Untracked 
|  50|0x0000000610000000, 0x0000000610400000, 0x0000000610400000|100%| O|  |TAMS 0x0000000610000000| PB 0x0000000610000000| Untracked 
|  51|0x0000000610400000, 0x0000000610800000, 0x0000000610800000|100%| O|  |TAMS 0x0000000610400000| PB 0x0000000610400000| Untracked 
|  52|0x0000000610800000, 0x0000000610c00000, 0x0000000610c00000|100%| O|  |TAMS 0x0000000610800000| PB 0x0000000610800000| Untracked 
|  53|0x0000000610c00000, 0x0000000611000000, 0x0000000611000000|100%| O|  |TAMS 0x0000000610c00000| PB 0x0000000610c00000| Untracked 
|  54|0x0000000611000000, 0x0000000611000000, 0x0000000611400000|  0%| F|  |TAMS 0x0000000611000000| PB 0x0000000611000000| Untracked 
|  55|0x0000000611400000, 0x000000061177b728, 0x0000000611800000| 87%| S|CS|TAMS 0x0000000611400000| PB 0x0000000611400000| Complete 
|  56|0x0000000611800000, 0x0000000611c00000, 0x0000000611c00000|100%| O|  |TAMS 0x0000000611800000| PB 0x0000000611800000| Untracked 
|  57|0x0000000611c00000, 0x0000000612000000, 0x0000000612000000|100%| O|  |TAMS 0x0000000611c00000| PB 0x0000000611c00000| Untracked 
|  58|0x0000000612000000, 0x0000000612400000, 0x0000000612400000|100%| O|  |TAMS 0x0000000612000000| PB 0x0000000612000000| Untracked 
|  59|0x0000000612400000, 0x0000000612800000, 0x0000000612800000|100%| O|  |TAMS 0x0000000612400000| PB 0x0000000612400000| Untracked 
|  60|0x0000000612800000, 0x0000000612800000, 0x0000000612c00000|  0%| F|  |TAMS 0x0000000612800000| PB 0x0000000612800000| Untracked 
|  61|0x0000000612c00000, 0x0000000613000000, 0x0000000613000000|100%| S|CS|TAMS 0x0000000612c00000| PB 0x0000000612c00000| Complete 
|  62|0x0000000613000000, 0x0000000613400000, 0x0000000613400000|100%| S|CS|TAMS 0x0000000613000000| PB 0x0000000613000000| Complete 
|  63|0x0000000613400000, 0x0000000613800000, 0x0000000613800000|100%| S|CS|TAMS 0x0000000613400000| PB 0x0000000613400000| Complete 
|  64|0x0000000613800000, 0x0000000613c00000, 0x0000000613c00000|100%| S|CS|TAMS 0x0000000613800000| PB 0x0000000613800000| Complete 
|  65|0x0000000613c00000, 0x0000000613c00000, 0x0000000614000000|  0%| F|  |TAMS 0x0000000613c00000| PB 0x0000000613c00000| Untracked 
|  66|0x0000000614000000, 0x0000000614000000, 0x0000000614400000|  0%| F|  |TAMS 0x0000000614000000| PB 0x0000000614000000| Untracked 
|  67|0x0000000614400000, 0x0000000614400000, 0x0000000614800000|  0%| F|  |TAMS 0x0000000614400000| PB 0x0000000614400000| Untracked 
|  68|0x0000000614800000, 0x0000000614800000, 0x0000000614c00000|  0%| F|  |TAMS 0x0000000614800000| PB 0x0000000614800000| Untracked 
|  69|0x0000000614c00000, 0x0000000614c00000, 0x0000000615000000|  0%| F|  |TAMS 0x0000000614c00000| PB 0x0000000614c00000| Untracked 
|  70|0x0000000615000000, 0x0000000615000000, 0x0000000615400000|  0%| F|  |TAMS 0x0000000615000000| PB 0x0000000615000000| Untracked 
|  71|0x0000000615400000, 0x0000000615400000, 0x0000000615800000|  0%| F|  |TAMS 0x0000000615400000| PB 0x0000000615400000| Untracked 
|  72|0x0000000615800000, 0x0000000615800000, 0x0000000615c00000|  0%| F|  |TAMS 0x0000000615800000| PB 0x0000000615800000| Untracked 
|  73|0x0000000615c00000, 0x0000000615c00000, 0x0000000616000000|  0%| F|  |TAMS 0x0000000615c00000| PB 0x0000000615c00000| Untracked 
|  74|0x0000000616000000, 0x0000000616000000, 0x0000000616400000|  0%| F|  |TAMS 0x0000000616000000| PB 0x0000000616000000| Untracked 
|  75|0x0000000616400000, 0x0000000616400000, 0x0000000616800000|  0%| F|  |TAMS 0x0000000616400000| PB 0x0000000616400000| Untracked 
|  76|0x0000000616800000, 0x0000000616800000, 0x0000000616c00000|  0%| F|  |TAMS 0x0000000616800000| PB 0x0000000616800000| Untracked 
|  77|0x0000000616c00000, 0x0000000616c00000, 0x0000000617000000|  0%| F|  |TAMS 0x0000000616c00000| PB 0x0000000616c00000| Untracked 
|  78|0x0000000617000000, 0x0000000617000000, 0x0000000617400000|  0%| F|  |TAMS 0x0000000617000000| PB 0x0000000617000000| Untracked 
|  79|0x0000000617400000, 0x0000000617400000, 0x0000000617800000|  0%| F|  |TAMS 0x0000000617400000| PB 0x0000000617400000| Untracked 
|  80|0x0000000617800000, 0x0000000617800000, 0x0000000617c00000|  0%| F|  |TAMS 0x0000000617800000| PB 0x0000000617800000| Untracked 
|  81|0x0000000617c00000, 0x0000000617c00000, 0x0000000618000000|  0%| F|  |TAMS 0x0000000617c00000| PB 0x0000000617c00000| Untracked 
|  82|0x0000000618000000, 0x0000000618000000, 0x0000000618400000|  0%| F|  |TAMS 0x0000000618000000| PB 0x0000000618000000| Untracked 
|  83|0x0000000618400000, 0x0000000618400000, 0x0000000618800000|  0%| F|  |TAMS 0x0000000618400000| PB 0x0000000618400000| Untracked 
|  84|0x0000000618800000, 0x0000000618800000, 0x0000000618c00000|  0%| F|  |TAMS 0x0000000618800000| PB 0x0000000618800000| Untracked 
|  85|0x0000000618c00000, 0x0000000618c00000, 0x0000000619000000|  0%| F|  |TAMS 0x0000000618c00000| PB 0x0000000618c00000| Untracked 
|  86|0x0000000619000000, 0x0000000619000000, 0x0000000619400000|  0%| F|  |TAMS 0x0000000619000000| PB 0x0000000619000000| Untracked 
|  87|0x0000000619400000, 0x0000000619400000, 0x0000000619800000|  0%| F|  |TAMS 0x0000000619400000| PB 0x0000000619400000| Untracked 
|  88|0x0000000619800000, 0x0000000619800000, 0x0000000619c00000|  0%| F|  |TAMS 0x0000000619800000| PB 0x0000000619800000| Untracked 
|  89|0x0000000619c00000, 0x0000000619dbc108, 0x000000061a000000| 43%| E|  |TAMS 0x0000000619c00000| PB 0x0000000619c00000| Complete 
|  90|0x000000061a000000, 0x000000061a400000, 0x000000061a400000|100%| E|CS|TAMS 0x000000061a000000| PB 0x000000061a000000| Complete 
|  91|0x000000061a400000, 0x000000061a800000, 0x000000061a800000|100%| E|CS|TAMS 0x000000061a400000| PB 0x000000061a400000| Complete 
|  92|0x000000061a800000, 0x000000061ac00000, 0x000000061ac00000|100%| E|  |TAMS 0x000000061a800000| PB 0x000000061a800000| Complete 
|  93|0x000000061ac00000, 0x000000061b000000, 0x000000061b000000|100%| E|CS|TAMS 0x000000061ac00000| PB 0x000000061ac00000| Complete 
|  94|0x000000061b000000, 0x000000061b400000, 0x000000061b400000|100%| E|CS|TAMS 0x000000061b000000| PB 0x000000061b000000| Complete 
|  95|0x000000061b400000, 0x000000061b800000, 0x000000061b800000|100%| E|CS|TAMS 0x000000061b400000| PB 0x000000061b400000| Complete 
|  96|0x000000061b800000, 0x000000061bc00000, 0x000000061bc00000|100%| E|CS|TAMS 0x000000061b800000| PB 0x000000061b800000| Complete 
|  97|0x000000061bc00000, 0x000000061c000000, 0x000000061c000000|100%| E|CS|TAMS 0x000000061bc00000| PB 0x000000061bc00000| Complete 
|  98|0x000000061c000000, 0x000000061c400000, 0x000000061c400000|100%| E|CS|TAMS 0x000000061c000000| PB 0x000000061c000000| Complete 
|  99|0x000000061c400000, 0x000000061c800000, 0x000000061c800000|100%| E|CS|TAMS 0x000000061c400000| PB 0x000000061c400000| Complete 
| 100|0x000000061c800000, 0x000000061cc00000, 0x000000061cc00000|100%| E|CS|TAMS 0x000000061c800000| PB 0x000000061c800000| Complete 
| 101|0x000000061cc00000, 0x000000061d000000, 0x000000061d000000|100%| E|CS|TAMS 0x000000061cc00000| PB 0x000000061cc00000| Complete 
| 102|0x000000061d000000, 0x000000061d400000, 0x000000061d400000|100%| E|CS|TAMS 0x000000061d000000| PB 0x000000061d000000| Complete 
| 103|0x000000061d400000, 0x000000061d800000, 0x000000061d800000|100%| E|CS|TAMS 0x000000061d400000| PB 0x000000061d400000| Complete 
| 104|0x000000061d800000, 0x000000061dc00000, 0x000000061dc00000|100%| E|CS|TAMS 0x000000061d800000| PB 0x000000061d800000| Complete 
| 105|0x000000061dc00000, 0x000000061e000000, 0x000000061e000000|100%| E|CS|TAMS 0x000000061dc00000| PB 0x000000061dc00000| Complete 
| 106|0x000000061e000000, 0x000000061e400000, 0x000000061e400000|100%| E|CS|TAMS 0x000000061e000000| PB 0x000000061e000000| Complete 
| 107|0x000000061e400000, 0x000000061e800000, 0x000000061e800000|100%| E|CS|TAMS 0x000000061e400000| PB 0x000000061e400000| Complete 
| 108|0x000000061e800000, 0x000000061ec00000, 0x000000061ec00000|100%| E|CS|TAMS 0x000000061e800000| PB 0x000000061e800000| Complete 
| 109|0x000000061ec00000, 0x000000061f000000, 0x000000061f000000|100%| E|CS|TAMS 0x000000061ec00000| PB 0x000000061ec00000| Complete 
| 110|0x000000061f000000, 0x000000061f400000, 0x000000061f400000|100%| E|CS|TAMS 0x000000061f000000| PB 0x000000061f000000| Complete 
| 122|0x0000000622000000, 0x0000000622400000, 0x0000000622400000|100%| E|CS|TAMS 0x0000000622000000| PB 0x0000000622000000| Complete 
| 127|0x0000000623400000, 0x0000000623800000, 0x0000000623800000|100%| E|CS|TAMS 0x0000000623400000| PB 0x0000000623400000| Complete 
|2024|0x00000007fd800000, 0x00000007fdc00000, 0x00000007fdc00000|100%| E|CS|TAMS 0x00000007fd800000| PB 0x00000007fd800000| Complete 
|2025|0x00000007fdc00000, 0x00000007fe000000, 0x00000007fe000000|100%| E|CS|TAMS 0x00000007fdc00000| PB 0x00000007fdc00000| Complete 
|2026|0x00000007fe000000, 0x00000007fe400000, 0x00000007fe400000|100%| E|CS|TAMS 0x00000007fe000000| PB 0x00000007fe000000| Complete 
|2027|0x00000007fe400000, 0x00000007fe800000, 0x00000007fe800000|100%| O|  |TAMS 0x00000007fe400000| PB 0x00000007fe400000| Untracked 
|2028|0x00000007fe800000, 0x00000007fec00000, 0x00000007fec00000|100%| O|  |TAMS 0x00000007fe800000| PB 0x00000007fe800000| Untracked 
|2029|0x00000007fec00000, 0x00000007ff000000, 0x00000007ff000000|100%| O|  |TAMS 0x00000007fec00000| PB 0x00000007fec00000| Untracked 
|2030|0x00000007ff000000, 0x00000007ff400000, 0x00000007ff400000|100%| O|  |TAMS 0x00000007ff000000| PB 0x00000007ff000000| Untracked 
|2031|0x00000007ff400000, 0x00000007ff800000, 0x00000007ff800000|100%| O|  |TAMS 0x00000007ff400000| PB 0x00000007ff400000| Untracked 
|2032|0x00000007ff800000, 0x00000007ffc00000, 0x00000007ffc00000|100%| O|  |TAMS 0x00000007ff800000| PB 0x00000007ff800000| Untracked 
|2033|0x00000007ffc00000, 0x0000000800000000, 0x0000000800000000|100%| E|CS|TAMS 0x00000007ffc00000| PB 0x00000007ffc00000| Complete 

Card table byte_map: [0x00000133c5660000,0x00000133c6650000] _byte_map_base: 0x00000133c2644000

Marking Bits: (CMBitMap*) 0x00000133aa76ade0
 Bits: [0x00000133c6650000, 0x00000133ce570000)

Polling page: 0x00000133aa350000

Metaspace:

Usage:
  Non-class:     79.05 MB used.
      Class:      8.62 MB used.
       Both:     87.67 MB used.

Virtual space:
  Non-class space:      128.00 MB reserved,      79.69 MB ( 62%) committed,  2 nodes.
      Class space:        1.00 GB reserved,       9.19 MB ( <1%) committed,  1 nodes.
             Both:        1.12 GB reserved,      88.88 MB (  8%) committed. 

Chunk freelists:
   Non-Class:  105.00 KB
       Class:  6.69 MB
        Both:  6.79 MB

MaxMetaspaceSize: unlimited
CompressedClassSpaceSize: 1.00 GB
Initial GC threshold: 21.00 MB
Current GC threshold: 147.75 MB
CDS: on
 - commit_granule_bytes: 65536.
 - commit_granule_words: 8192.
 - virtual_space_node_default_size: 8388608.
 - enlarge_chunks_in_place: 1.
 - use_allocation_guard: 0.


Internal statistics:

num_allocs_failed_limit: 9.
num_arena_births: 1836.
num_arena_deaths: 0.
num_vsnodes_births: 3.
num_vsnodes_deaths: 0.
num_space_committed: 1415.
num_space_uncommitted: 0.
num_chunks_returned_to_freelist: 9.
num_chunks_taken_from_freelist: 4832.
num_chunk_merges: 6.
num_chunk_splits: 3147.
num_chunks_enlarged: 1975.
num_inconsistent_stats: 0.

CodeHeap 'non-profiled nmethods': size=119168Kb used=18092Kb max_used=19447Kb free=101075Kb
 bounds [0x00000133bbce0000, 0x00000133bd000000, 0x00000133c3140000]
CodeHeap 'profiled nmethods': size=119104Kb used=25528Kb max_used=46545Kb free=93575Kb
 bounds [0x00000133b4140000, 0x00000133b6ec0000, 0x00000133bb590000]
CodeHeap 'non-nmethods': size=7488Kb used=3000Kb max_used=4777Kb free=4487Kb
 bounds [0x00000133bb590000, 0x00000133bba50000, 0x00000133bbce0000]
 total_blobs=13062 nmethods=11286 adapters=1678
 compilation: enabled
              stopped_count=0, restarted_count=0
 full_count=0

Compilation events (20 events):
Event: 690.678 Thread 0x00000133d1c351d0 20788       4       java.awt.geom.AffineTransform::<init> (15 bytes)
Event: 690.678 Thread 0x00000133d1c351d0 nmethod 20788 0x00000133bc532690 code [0x00000133bc532840, 0x00000133bc5328d8]
Event: 691.015 Thread 0x00000133d1c351d0 20790       4       java.awt.geom.AffineTransform::createInverse (543 bytes)
Event: 691.016 Thread 0x00000133d1c56c20 20794   !   3       javax.swing.RepaintManager::validateInvalidComponents (107 bytes)
Event: 691.017 Thread 0x00000133d1c351d0 nmethod 20790 0x00000133bc9f4d10 code [0x00000133bc9f4f20, 0x00000133bc9f5258]
Event: 691.017 Thread 0x00000133d1c351d0 20791       4       sun.java2d.pipe.RenderBuffer::putDouble (26 bytes)
Event: 691.017 Thread 0x00000133d1c56c20 nmethod 20794 0x00000133b4ac2a90 code [0x00000133b4ac2e00, 0x00000133b4ac4100]
Event: 691.017 Thread 0x00000133d1c56c20 20797   !   3       javax.swing.RepaintManager::paintDirtyRegions (196 bytes)
Event: 691.017 Thread 0x00000133d1c351d0 nmethod 20791 0x00000133bc552910 code [0x00000133bc552aa0, 0x00000133bc552b60]
Event: 691.018 Thread 0x00000133d1c56c20 nmethod 20797 0x00000133b6561810 code [0x00000133b6561c60, 0x00000133b6563718]
Event: 691.018 Thread 0x00000133d1c56c20 20795   !   3       javax.swing.RepaintManager::prePaintDirtyRegions (91 bytes)
Event: 691.018 Thread 0x00000133d1c56c20 nmethod 20795 0x00000133b4285410 code [0x00000133b4285660, 0x00000133b4285f40]
Event: 691.018 Thread 0x00000133d1c56c20 20793   !   3       javax.swing.RepaintManager::scheduleHeavyWeightPaints (193 bytes)
Event: 691.019 Thread 0x00000133d1c56c20 nmethod 20793 0x00000133b537b590 code [0x00000133b537b860, 0x00000133b537cb60]
Event: 691.019 Thread 0x00000133d1c56c20 20792   !   3       javax.swing.RepaintManager$ProcessingRunnable::run (41 bytes)
Event: 691.019 Thread 0x00000133d1c56c20 nmethod 20792 0x00000133b4930510 code [0x00000133b49306e0, 0x00000133b49309f0]
Event: 691.019 Thread 0x00000133d1c56c20 20796   !   3       javax.swing.RepaintManager::paintDirtyRegions (50 bytes)
Event: 691.019 Thread 0x00000133d1c56c20 nmethod 20796 0x00000133b53a1990 code [0x00000133b53a1b60, 0x00000133b53a1f40]
Event: 691.030 Thread 0x00000133d1c56c20 20798   !   3       sun.security.ssl.SSLSocketInputRecord::bytesInCompletePacket (286 bytes)
Event: 691.031 Thread 0x00000133d1c56c20 nmethod 20798 0x00000133b4c31210 code [0x00000133b4c315a0, 0x00000133b4c32858]

GC Heap History (20 events):
Event: 248.186 GC heap before
{Heap before GC invocations=34 (full 0):
 garbage-first heap   total 503808K, used 456056K [0x0000000603800000, 0x0000000800000000)
  region size 4096K, 50 young (204800K), 4 survivors (16384K)
 Metaspace       used 88851K, committed 90048K, reserved 1179648K
  class space    used 8778K, committed 9408K, reserved 1048576K
}
Event: 248.188 GC heap after
{Heap after GC invocations=35 (full 0):
 garbage-first heap   total 503808K, used 262185K [0x0000000603800000, 0x0000000800000000)
  region size 4096K, 3 young (12288K), 3 survivors (12288K)
 Metaspace       used 88851K, committed 90048K, reserved 1179648K
  class space    used 8778K, committed 9408K, reserved 1048576K
}
Event: 300.105 GC heap before
{Heap before GC invocations=35 (full 0):
 garbage-first heap   total 503808K, used 458793K [0x0000000603800000, 0x0000000800000000)
  region size 4096K, 51 young (208896K), 3 survivors (12288K)
 Metaspace       used 89009K, committed 90240K, reserved 1179648K
  class space    used 8786K, committed 9408K, reserved 1048576K
}
Event: 300.108 GC heap after
{Heap after GC invocations=36 (full 0):
 garbage-first heap   total 503808K, used 258453K [0x0000000603800000, 0x0000000800000000)
  region size 4096K, 4 young (16384K), 4 survivors (16384K)
 Metaspace       used 89009K, committed 90240K, reserved 1179648K
  class space    used 8786K, committed 9408K, reserved 1048576K
}
Event: 351.275 GC heap before
{Heap before GC invocations=36 (full 0):
 garbage-first heap   total 503808K, used 450965K [0x0000000603800000, 0x0000000800000000)
  region size 4096K, 51 young (208896K), 4 survivors (16384K)
 Metaspace       used 89281K, committed 90496K, reserved 1179648K
  class space    used 8791K, committed 9408K, reserved 1048576K
}
Event: 351.278 GC heap after
{Heap after GC invocations=37 (full 0):
 garbage-first heap   total 503808K, used 257984K [0x0000000603800000, 0x0000000800000000)
  region size 4096K, 3 young (12288K), 3 survivors (12288K)
 Metaspace       used 89281K, committed 90496K, reserved 1179648K
  class space    used 8791K, committed 9408K, reserved 1048576K
}
Event: 384.406 GC heap before
{Heap before GC invocations=38 (full 0):
 garbage-first heap   total 503808K, used 454592K [0x0000000603800000, 0x0000000800000000)
  region size 4096K, 52 young (212992K), 3 survivors (12288K)
 Metaspace       used 89480K, committed 90688K, reserved 1179648K
  class space    used 8821K, committed 9408K, reserved 1048576K
}
Event: 384.408 GC heap after
{Heap after GC invocations=39 (full 0):
 garbage-first heap   total 503808K, used 263931K [0x0000000603800000, 0x0000000800000000)
  region size 4096K, 5 young (20480K), 5 survivors (20480K)
 Metaspace       used 89480K, committed 90688K, reserved 1179648K
  class space    used 8821K, committed 9408K, reserved 1048576K
}
Event: 398.226 GC heap before
{Heap before GC invocations=39 (full 0):
 garbage-first heap   total 503808K, used 448251K [0x0000000603800000, 0x0000000800000000)
  region size 4096K, 50 young (204800K), 5 survivors (20480K)
 Metaspace       used 89497K, committed 90688K, reserved 1179648K
  class space    used 8822K, committed 9408K, reserved 1048576K
}
Event: 398.228 GC heap after
{Heap after GC invocations=40 (full 0):
 garbage-first heap   total 503808K, used 256497K [0x0000000603800000, 0x0000000800000000)
  region size 4096K, 4 young (16384K), 4 survivors (16384K)
 Metaspace       used 89497K, committed 90688K, reserved 1179648K
  class space    used 8822K, committed 9408K, reserved 1048576K
}
Event: 448.744 GC heap before
{Heap before GC invocations=40 (full 0):
 garbage-first heap   total 503808K, used 449009K [0x0000000603800000, 0x0000000800000000)
  region size 4096K, 52 young (212992K), 4 survivors (16384K)
 Metaspace       used 89549K, committed 90752K, reserved 1179648K
  class space    used 8823K, committed 9408K, reserved 1048576K
}
Event: 448.746 GC heap after
{Heap after GC invocations=41 (full 0):
 garbage-first heap   total 503808K, used 257008K [0x0000000603800000, 0x0000000800000000)
  region size 4096K, 4 young (16384K), 4 survivors (16384K)
 Metaspace       used 89549K, committed 90752K, reserved 1179648K
  class space    used 8823K, committed 9408K, reserved 1048576K
}
Event: 495.065 GC heap before
{Heap before GC invocations=42 (full 0):
 garbage-first heap   total 503808K, used 453616K [0x0000000603800000, 0x0000000800000000)
  region size 4096K, 52 young (212992K), 4 survivors (16384K)
 Metaspace       used 89651K, committed 90880K, reserved 1179648K
  class space    used 8825K, committed 9408K, reserved 1048576K
}
Event: 495.067 GC heap after
{Heap after GC invocations=43 (full 0):
 garbage-first heap   total 503808K, used 255332K [0x0000000603800000, 0x0000000800000000)
  region size 4096K, 4 young (16384K), 4 survivors (16384K)
 Metaspace       used 89651K, committed 90880K, reserved 1179648K
  class space    used 8825K, committed 9408K, reserved 1048576K
}
Event: 549.293 GC heap before
{Heap before GC invocations=43 (full 0):
 garbage-first heap   total 503808K, used 451940K [0x0000000603800000, 0x0000000800000000)
  region size 4096K, 52 young (212992K), 4 survivors (16384K)
 Metaspace       used 89663K, committed 90880K, reserved 1179648K
  class space    used 8826K, committed 9408K, reserved 1048576K
}
Event: 549.297 GC heap after
{Heap after GC invocations=44 (full 0):
 garbage-first heap   total 503808K, used 252605K [0x0000000603800000, 0x0000000800000000)
  region size 4096K, 4 young (16384K), 4 survivors (16384K)
 Metaspace       used 89663K, committed 90880K, reserved 1179648K
  class space    used 8826K, committed 9408K, reserved 1048576K
}
Event: 604.786 GC heap before
{Heap before GC invocations=44 (full 0):
 garbage-first heap   total 503808K, used 453309K [0x0000000603800000, 0x0000000800000000)
  region size 4096K, 53 young (217088K), 4 survivors (16384K)
 Metaspace       used 89692K, committed 90880K, reserved 1179648K
  class space    used 8827K, committed 9408K, reserved 1048576K
}
Event: 604.787 GC heap after
{Heap after GC invocations=45 (full 0):
 garbage-first heap   total 503808K, used 255419K [0x0000000603800000, 0x0000000800000000)
  region size 4096K, 4 young (16384K), 4 survivors (16384K)
 Metaspace       used 89692K, committed 90880K, reserved 1179648K
  class space    used 8827K, committed 9408K, reserved 1048576K
}
Event: 665.833 GC heap before
{Heap before GC invocations=46 (full 0):
 garbage-first heap   total 503808K, used 456123K [0x0000000603800000, 0x0000000800000000)
  region size 4096K, 53 young (217088K), 4 survivors (16384K)
 Metaspace       used 89730K, committed 90944K, reserved 1179648K
  class space    used 8828K, committed 9408K, reserved 1048576K
}
Event: 665.835 GC heap after
{Heap after GC invocations=47 (full 0):
 garbage-first heap   total 503808K, used 259090K [0x0000000603800000, 0x0000000800000000)
  region size 4096K, 5 young (20480K), 5 survivors (20480K)
 Metaspace       used 89730K, committed 90944K, reserved 1179648K
  class space    used 8828K, committed 9408K, reserved 1048576K
}

Dll operation events (20 events):
Event: 0.054 Loaded shared library C:\Program Files\Java\jdk-21.0.10\bin\verify.dll
Event: 0.057 Loaded shared library C:\Program Files\Java\jdk-21.0.10\bin\jimage.dll
Event: 0.315 Loaded shared library C:\Program Files\Java\jdk-21.0.10\bin\sunmscapi.dll
Event: 0.464 Loaded shared library C:\Program Files\Java\jdk-21.0.10\bin\awt.dll
Event: 0.685 Loaded shared library C:\Program Files\Java\jdk-21.0.10\bin\freetype.dll
Event: 0.686 Loaded shared library C:\Program Files\Java\jdk-21.0.10\bin\fontmanager.dll
Event: 0.740 Loaded shared library C:\Program Files\Java\jdk-21.0.10\bin\management.dll
Event: 0.742 Loaded shared library C:\Program Files\Java\jdk-21.0.10\bin\management_ext.dll
Event: 0.797 Loaded shared library C:\Program Files\Java\jdk-21.0.10\bin\extnet.dll
Event: 3.541 Loaded shared library C:\Users\tyler\AppData\Local\Temp\jna-110840180\jna12723433266537538832.dll
Event: 4.696 Loaded shared library C:\Program Files\Java\jdk-21.0.10\bin\mlib_image.dll
Event: 4.878 Loaded shared library C:\Program Files\Java\jdk-21.0.10\bin\rl_gpushared_shim.dll
Event: 5.110 Loaded shared library C:\Program Files\Java\jdk-21.0.10\bin\jsound.dll
Event: 5.588 Loaded shared library C:\Program Files\Java\jdk-21.0.10\bin\javajpeg.dll
Event: 5.952 Loaded shared library C:\Users\tyler\AppData\Local\Temp\flatlaf.temp\flatlaf-windows-x86_64-787940464476000.dll
Event: 7.281 Loaded shared library C:\Program Files\Java\jdk-21.0.10\bin\jawt.dll
Event: 7.286 Loaded shared library C:\Users\tyler\AppData\Local\Temp\15165615137787848698rlawt.dll
Event: 8.268 Loaded shared library C:\Users\tyler\AppData\Local\Temp\1454796309600357195rlicn_amd64.dll
Event: 8.523 Loaded shared library C:\Users\tyler\AppData\Local\Temp\lwjgl-rl\3.3.2+13\x64\lwjgl.dll
Event: 8.530 Loaded shared library C:\Users\tyler\AppData\Local\Temp\lwjgl-rl\3.3.2+13\x64\lwjgl_opengl.dll

Deoptimization events (20 events):
Event: 673.447 Thread 0x0000013417d5d470 DEOPT PACKING pc=0x00000133bc0cd470 sp=0x0000001fd55feca0
Event: 673.447 Thread 0x0000013417d5d470 DEOPT UNPACKING pc=0x00000133bb5e46a2 sp=0x0000001fd55fec18 mode 2
Event: 673.475 Thread 0x00000134224e8ea0 DEOPT PACKING pc=0x00000133b6ea6fd1 sp=0x0000001fd70cecc0
Event: 673.475 Thread 0x00000134224e8ea0 DEOPT UNPACKING pc=0x00000133bb5e4e42 sp=0x0000001fd70ce188 mode 0
Event: 673.475 Thread 0x00000134224e8ea0 DEOPT PACKING pc=0x00000133b6ea7da4 sp=0x0000001fd70cec90
Event: 673.475 Thread 0x00000134224e8ea0 DEOPT UNPACKING pc=0x00000133bb5e4e42 sp=0x0000001fd70ce170 mode 0
Event: 673.476 Thread 0x00000134224e8ea0 DEOPT PACKING pc=0x00000133b6ea6fd1 sp=0x0000001fd70cecc0
Event: 673.476 Thread 0x00000134224e8ea0 DEOPT UNPACKING pc=0x00000133bb5e4e42 sp=0x0000001fd70ce188 mode 0
Event: 673.477 Thread 0x00000134224e8ea0 DEOPT PACKING pc=0x00000133b6ea7da4 sp=0x0000001fd70cec90
Event: 673.477 Thread 0x00000134224e8ea0 DEOPT UNPACKING pc=0x00000133bb5e4e42 sp=0x0000001fd70ce170 mode 0
Event: 673.482 Thread 0x00000134224e8ea0 DEOPT PACKING pc=0x00000133b6ea6fd1 sp=0x0000001fd70cecb0
Event: 673.482 Thread 0x00000134224e8ea0 DEOPT UNPACKING pc=0x00000133bb5e4e42 sp=0x0000001fd70ce178 mode 0
Event: 673.482 Thread 0x00000134224e8ea0 DEOPT PACKING pc=0x00000133b6ea7da4 sp=0x0000001fd70cec80
Event: 673.482 Thread 0x00000134224e8ea0 DEOPT UNPACKING pc=0x00000133bb5e4e42 sp=0x0000001fd70ce160 mode 0
Event: 673.487 Thread 0x00000134224e8ea0 DEOPT PACKING pc=0x00000133b4527a10 sp=0x0000001fd70cedf0
Event: 673.487 Thread 0x00000134224e8ea0 DEOPT UNPACKING pc=0x00000133bb5e4e42 sp=0x0000001fd70ce398 mode 0
Event: 689.510 Thread 0x0000013417d5d470 Uncommon trap: trap_request=0xffffff6e fr.pc=0x00000133bbe7c21c relative=0x000000000000007c
Event: 689.510 Thread 0x0000013417d5d470 Uncommon trap: reason=loop_limit_check action=maybe_recompile pc=0x00000133bbe7c21c method=sun.java2d.marlin.Helpers.isort([DI)V @ 17 c2
Event: 689.510 Thread 0x0000013417d5d470 DEOPT PACKING pc=0x00000133bbe7c21c sp=0x0000001fd55fdde0
Event: 689.510 Thread 0x0000013417d5d470 DEOPT UNPACKING pc=0x00000133bb5e46a2 sp=0x0000001fd55fdd60 mode 2

Classes loaded (20 events):
Event: 384.020 Loading class java/util/stream/SliceOps
Event: 384.021 Loading class java/util/stream/SliceOps done
Event: 384.021 Loading class java/util/stream/SliceOps$1
Event: 384.021 Loading class java/util/stream/SliceOps$1 done
Event: 384.021 Loading class java/util/stream/SliceOps$1$1
Event: 384.021 Loading class java/util/stream/SliceOps$1$1 done
Event: 384.021 Loading class java/awt/MouseInfo
Event: 384.021 Loading class java/awt/MouseInfo done
Event: 384.021 Loading class sun/awt/windows/WMouseInfoPeer
Event: 384.021 Loading class java/awt/peer/MouseInfoPeer
Event: 384.021 Loading class java/awt/peer/MouseInfoPeer done
Event: 384.021 Loading class sun/awt/windows/WMouseInfoPeer done
Event: 384.022 Loading class javax/swing/PopupFactory$HeavyWeightPopup
Event: 384.022 Loading class javax/swing/PopupFactory$HeavyWeightPopup done
Event: 384.028 Loading class com/sun/java/swing/plaf/windows/WindowsPopupWindow
Event: 384.028 Loading class com/sun/java/swing/plaf/windows/WindowsPopupWindow done
Event: 384.244 Loading class javax/swing/Popup$DefaultFrame
Event: 384.245 Loading class javax/swing/Popup$DefaultFrame done
Event: 384.245 Loading class javax/swing/PopupFactory$HeavyWeightPopup$1
Event: 384.245 Loading class javax/swing/PopupFactory$HeavyWeightPopup$1 done

Classes unloaded (0 events):
No events

Classes redefined (0 events):
No events

Internal exceptions (20 events):
Event: 228.374 Thread 0x00000134224e8ea0 Exception <a 'java/lang/NoSuchMethodError'{0x000000061a1ca388}: 'netscape.javascript.JSObject netscape.javascript.JSObject.getWindow(bv)'> (0x000000061a1ca388) 
thrown [s\open\src\hotspot\share\interpreter\linkResolver.cpp, line 773]
Event: 228.535 Thread 0x00000134224e8ea0 Implicit null exception at 0x00000133bc1c1196 to 0x00000133bc1c1374
Event: 228.536 Thread 0x00000134224e8ea0 Implicit null exception at 0x00000133bc166184 to 0x00000133bc166348
Event: 228.536 Thread 0x00000134224e8ea0 Implicit null exception at 0x00000133bbcf556c to 0x00000133bbcf5700
Event: 238.651 Thread 0x000001342514de20 Implicit null exception at 0x00000133bc9eaaf7 to 0x00000133bc9ec2a8
Event: 250.803 Thread 0x00000134224e8ea0 Implicit null exception at 0x00000133bca8a7a5 to 0x00000133bca8b960
Event: 310.529 Thread 0x00000134253f1000 Exception <a 'java/io/IOException'{0x000000061e83afa0}> (0x000000061e83afa0) 
thrown [s\open\src\hotspot\share\prims\jni.cpp, line 520]
Event: 383.503 Thread 0x00000134224e8ea0 Exception <a 'java/lang/NoSuchMethodError'{0x000000061938d2c8}: 'netscape.javascript.JSObject netscape.javascript.JSObject.getWindow(bv)'> (0x000000061938d2c8) 
thrown [s\open\src\hotspot\share\interpreter\linkResolver.cpp, line 773]
Event: 384.019 Thread 0x0000013417d5d470 Exception <a 'java/lang/NoSuchMethodError'{0x0000000618a39fc8}: 'java.lang.Object java.lang.invoke.DirectMethodHandle$Holder.invokeStatic(java.lang.Object, int, java.lang.Object, java.lang.Object)'> (0x0000000618a39fc8) 
thrown [s\open\src\hotspot\share\interpreter\linkResolver.cpp, line 773]
Event: 384.020 Thread 0x0000013417d5d470 Exception <a 'java/lang/NoSuchMethodError'{0x0000000618a40090}: 'java.lang.Object java.lang.invoke.DirectMethodHandle$Holder.newInvokeSpecial(java.lang.Object, int, java.lang.Object)'> (0x0000000618a40090) 
thrown [s\open\src\hotspot\share\interpreter\linkResolver.cpp, line 773]
Event: 384.347 Thread 0x00000134224e8ea0 Exception <a 'java/lang/NoSuchMethodError'{0x00000006186d0e88}: 'netscape.javascript.JSObject netscape.javascript.JSObject.getWindow(bv)'> (0x00000006186d0e88) 
thrown [s\open\src\hotspot\share\interpreter\linkResolver.cpp, line 773]
Event: 408.845 Thread 0x00000134224e8ea0 Implicit null exception at 0x00000133bcdf0e5b to 0x00000133bcdf4200
Event: 408.869 Thread 0x00000134224e8ea0 Implicit null exception at 0x00000133bcc5e1de to 0x00000133bcc60edc
Event: 408.893 Thread 0x00000134224e8ea0 Implicit null exception at 0x00000133bcdc1aaf to 0x00000133bcdc4013
Event: 415.964 Thread 0x00000134224e8ea0 Implicit null exception at 0x00000133bcc282df to 0x00000133bcc2c2c4
Event: 417.184 Thread 0x00000134224e8ea0 Implicit null exception at 0x00000133bcc282df to 0x00000133bcc2c2c4
Event: 601.384 Thread 0x00000134224e8ea0 Implicit null exception at 0x00000133bcc28321 to 0x00000133bcc2c2c4
Event: 601.385 Thread 0x00000134224e8ea0 Implicit null exception at 0x00000133bcc28321 to 0x00000133bcc2c2c4
Event: 673.088 Thread 0x00000134224e8ea0 Exception <a 'java/lang/NoSuchMethodError'{0x000000061f396380}: 'netscape.javascript.JSObject netscape.javascript.JSObject.getWindow(bv)'> (0x000000061f396380) 
thrown [s\open\src\hotspot\share\interpreter\linkResolver.cpp, line 773]
Event: 673.487 Thread 0x00000134224e8ea0 Exception <a 'java/lang/NoSuchMethodError'{0x000000061eb0cbd8}: 'netscape.javascript.JSObject netscape.javascript.JSObject.getWindow(bv)'> (0x000000061eb0cbd8) 
thrown [s\open\src\hotspot\share\interpreter\linkResolver.cpp, line 773]

ZGC Phase Switch (0 events):
No events

VM Operations (20 events):
Event: 659.847 Executing VM operation: Cleanup
Event: 659.847 Executing VM operation: Cleanup done
Event: 660.990 Executing VM operation: HandshakeAllThreads (HandshakeForDeflation)
Event: 660.990 Executing VM operation: HandshakeAllThreads (HandshakeForDeflation) done
Event: 660.990 Executing VM operation: RendezvousGCThreads
Event: 660.990 Executing VM operation: RendezvousGCThreads done
Event: 665.833 Executing VM operation: G1CollectForAllocation (G1 Evacuation Pause)
Event: 665.835 Executing VM operation: G1CollectForAllocation (G1 Evacuation Pause) done
Event: 667.835 Executing VM operation: Cleanup
Event: 667.835 Executing VM operation: Cleanup done
Event: 671.837 Executing VM operation: Cleanup
Event: 671.837 Executing VM operation: Cleanup done
Event: 672.837 Executing VM operation: Cleanup
Event: 672.837 Executing VM operation: Cleanup done
Event: 674.838 Executing VM operation: Cleanup
Event: 674.838 Executing VM operation: Cleanup done
Event: 675.852 Executing VM operation: Cleanup
Event: 675.853 Executing VM operation: Cleanup done
Event: 676.863 Executing VM operation: Cleanup
Event: 676.863 Executing VM operation: Cleanup done

Events (20 events):
Event: 604.810 Thread 0x00000133ce858c80 flushing nmethod 0x00000133b6e25b10
Event: 604.810 Thread 0x00000133ce858c80 flushing nmethod 0x00000133b6e2b790
Event: 604.810 Thread 0x00000133ce858c80 flushing nmethod 0x00000133b6e5ce90
Event: 658.777 Thread 0x00000134253f23b0 Thread added: 0x00000134253f23b0
Event: 658.828 Thread 0x00000134e2b262d0 Thread added: 0x00000134e2b262d0
Event: 658.845 Thread 0x00000134e2b24790 Thread added: 0x00000134e2b24790
Event: 658.845 Thread 0x00000134e2b24e60 Thread added: 0x00000134e2b24e60
Event: 658.847 Thread 0x00000134e2b28bb0 Thread added: 0x00000134e2b28bb0
Event: 658.847 Thread 0x00000134e2b2a020 Thread added: 0x00000134e2b2a020
Event: 659.693 Thread 0x00000134e2b2a020 Thread exited: 0x00000134e2b2a020
Event: 660.787 Thread 0x00000134e2b28bb0 Thread exited: 0x00000134e2b28bb0
Event: 660.787 Thread 0x00000134e2b24790 Thread exited: 0x00000134e2b24790
Event: 661.223 Thread 0x00000134e2b24e60 Thread exited: 0x00000134e2b24e60
Event: 661.223 Thread 0x00000134e2b262d0 Thread exited: 0x00000134e2b262d0
Event: 671.793 Thread 0x00000134e2b24790 Thread added: 0x00000134e2b24790
Event: 672.218 Thread 0x00000134e2b24790 Thread exited: 0x00000134e2b24790
Event: 672.867 Thread 0x00000134e2b24790 Thread added: 0x00000134e2b24790
Event: 673.346 Thread 0x00000134e2b24790 Thread exited: 0x00000134e2b24790
Event: 673.482 Thread 0x00000134e2b24790 Thread added: 0x00000134e2b24790
Event: 673.762 Thread 0x00000134e2b24790 Thread exited: 0x00000134e2b24790


Dynamic libraries:
0x00007ff6b6da0000 - 0x00007ff6b6db0000 	C:\Program Files\Java\jdk-21.0.10\bin\java.exe
0x00007fffca0e0000 - 0x00007fffca347000 	C:\WINDOWS\SYSTEM32\ntdll.dll
0x00007fffc8650000 - 0x00007fffc8719000 	C:\WINDOWS\System32\KERNEL32.DLL
0x00007fffc6d70000 - 0x00007fffc7161000 	C:\WINDOWS\System32\KERNELBASE.dll
0x00007fffc7220000 - 0x00007fffc736b000 	C:\WINDOWS\System32\ucrtbase.dll
0x00007fffa9a70000 - 0x00007fffa9a89000 	C:\Program Files\Java\jdk-21.0.10\bin\jli.dll
0x00007fffa8930000 - 0x00007fffa894e000 	C:\Program Files\Java\jdk-21.0.10\bin\VCRUNTIME140.dll
0x00007fffc7e80000 - 0x00007fffc7f3b000 	C:\WINDOWS\System32\ADVAPI32.dll
0x00007fffc9bc0000 - 0x00007fffc9c69000 	C:\WINDOWS\System32\msvcrt.dll
0x00007fffc8d60000 - 0x00007fffc8e07000 	C:\WINDOWS\System32\sechost.dll
0x00007fffc8760000 - 0x00007fffc8878000 	C:\WINDOWS\System32\RPCRT4.dll
0x00007fffc8b40000 - 0x00007fffc8d05000 	C:\WINDOWS\System32\USER32.dll
0x00007fffc7370000 - 0x00007fffc7397000 	C:\WINDOWS\System32\win32u.dll
0x00007fffa4b30000 - 0x00007fffa4dc3000 	C:\WINDOWS\WinSxS\amd64_microsoft.windows.common-controls_6595b64144ccf1df_6.0.26100.8037_none_3e092faae333b53b\COMCTL32.dll
0x00007fffc8530000 - 0x00007fffc855b000 	C:\WINDOWS\System32\GDI32.dll
0x00007fffc7ca0000 - 0x00007fffc7dcb000 	C:\WINDOWS\System32\gdi32full.dll
0x00007fffc7170000 - 0x00007fffc7213000 	C:\WINDOWS\System32\msvcp_win.dll
0x00007fffbf280000 - 0x00007fffbf28b000 	C:\WINDOWS\SYSTEM32\VERSION.dll
0x00007fffc8600000 - 0x00007fffc8631000 	C:\WINDOWS\System32\IMM32.DLL
0x00007fffc3bf0000 - 0x00007fffc3bfc000 	C:\Program Files\Java\jdk-21.0.10\bin\vcruntime140_1.dll
0x00007fffa2640000 - 0x00007fffa26cd000 	C:\Program Files\Java\jdk-21.0.10\bin\msvcp140.dll
0x00007fff4ae40000 - 0x00007fff4bb67000 	C:\Program Files\Java\jdk-21.0.10\bin\server\jvm.dll
0x00007fffc80b0000 - 0x00007fffc8124000 	C:\WINDOWS\System32\WS2_32.dll
0x00007fffc6820000 - 0x00007fffc687e000 	C:\WINDOWS\SYSTEM32\POWRPROF.dll
0x00007fffb6f30000 - 0x00007fffb6f65000 	C:\WINDOWS\SYSTEM32\WINMM.dll
0x00007fffc6800000 - 0x00007fffc6814000 	C:\WINDOWS\SYSTEM32\UMPDC.dll
0x00007fffc56e0000 - 0x00007fffc56fb000 	C:\WINDOWS\SYSTEM32\kernel.appcore.dll
0x00007fffc3680000 - 0x00007fffc368a000 	C:\Program Files\Java\jdk-21.0.10\bin\jimage.dll
0x00007fffc4910000 - 0x00007fffc4b52000 	C:\WINDOWS\SYSTEM32\DBGHELP.DLL
0x00007fffc8130000 - 0x00007fffc84b2000 	C:\WINDOWS\System32\combase.dll
0x00007fffc8a60000 - 0x00007fffc8b37000 	C:\WINDOWS\System32\OLEAUT32.dll
0x00007fff94b60000 - 0x00007fff94b9b000 	C:\WINDOWS\SYSTEM32\dbgcore.DLL
0x00007fffc7dd0000 - 0x00007fffc7e75000 	C:\WINDOWS\System32\bcryptPrimitives.dll
0x00007fffa39b0000 - 0x00007fffa39d1000 	C:\Program Files\Java\jdk-21.0.10\bin\java.dll
0x00007fffc9450000 - 0x00007fffc9baf000 	C:\WINDOWS\System32\SHELL32.dll
0x00007fffc6b40000 - 0x00007fffc6caa000 	C:\WINDOWS\System32\wintypes.dll
0x00007fffc7430000 - 0x00007fffc7c94000 	C:\WINDOWS\System32\windows.storage.dll
0x00007fffc9fa0000 - 0x00007fffca097000 	C:\WINDOWS\System32\SHCORE.dll
0x00007fffc84c0000 - 0x00007fffc8527000 	C:\WINDOWS\System32\shlwapi.dll
0x00007fffc68e0000 - 0x00007fffc6909000 	C:\WINDOWS\SYSTEM32\profapi.dll
0x00007fff8a040000 - 0x00007fff8a117000 	C:\Program Files\Java\jdk-21.0.10\bin\jsvml.dll
0x00007fffa2620000 - 0x00007fffa2631000 	C:\Program Files\Java\jdk-21.0.10\bin\net.dll
0x00007fffc0600000 - 0x00007fffc0727000 	C:\WINDOWS\SYSTEM32\WINHTTP.dll
0x00007fffc5c30000 - 0x00007fffc5c9b000 	C:\WINDOWS\system32\mswsock.dll
0x00007fffa2600000 - 0x00007fffa2616000 	C:\Program Files\Java\jdk-21.0.10\bin\nio.dll
0x00007fffa3990000 - 0x00007fffa39a8000 	C:\Program Files\Java\jdk-21.0.10\bin\zip.dll
0x00007fffa87e0000 - 0x00007fffa87f0000 	C:\Program Files\Java\jdk-21.0.10\bin\verify.dll
0x00007fffa2b30000 - 0x00007fffa2b3e000 	C:\Program Files\Java\jdk-21.0.10\bin\sunmscapi.dll
0x00007fffc69c0000 - 0x00007fffc6b37000 	C:\WINDOWS\System32\CRYPT32.dll
0x00007fffc61c0000 - 0x00007fffc61f0000 	C:\WINDOWS\SYSTEM32\ncrypt.dll
0x00007fffc6170000 - 0x00007fffc61af000 	C:\WINDOWS\SYSTEM32\NTASN1.dll
0x00007fffc6090000 - 0x00007fffc60a3000 	C:\WINDOWS\SYSTEM32\MSASN1.dll
0x00007fffc6030000 - 0x00007fffc604b000 	C:\WINDOWS\SYSTEM32\CRYPTSP.dll
0x00007fffc5640000 - 0x00007fffc5679000 	C:\WINDOWS\system32\rsaenh.dll
0x00007fffc5e90000 - 0x00007fffc5e9c000 	C:\WINDOWS\SYSTEM32\CRYPTBASE.dll
0x00007fffc68b0000 - 0x00007fffc68da000 	C:\WINDOWS\SYSTEM32\bcrypt.dll
0x00007fffc5ca0000 - 0x00007fffc5cd0000 	C:\WINDOWS\SYSTEM32\gpapi.dll
0x00007fffc5ce0000 - 0x00007fffc5d12000 	C:\WINDOWS\SYSTEM32\USERENV.dll
0x00007fffc4ff0000 - 0x00007fffc5023000 	C:\WINDOWS\SYSTEM32\IPHLPAPI.DLL
0x00007fffc80a0000 - 0x00007fffc80aa000 	C:\WINDOWS\System32\NSI.dll
0x00007fff89ad0000 - 0x00007fff89c64000 	C:\Program Files\Java\jdk-21.0.10\bin\awt.dll
0x00007fffc3e70000 - 0x00007fffc3f0f000 	C:\WINDOWS\SYSTEM32\apphelp.dll
0x00007fffc4080000 - 0x00007fffc412a000 	C:\WINDOWS\system32\uxtheme.dll
0x00007fffc7f40000 - 0x00007fffc809d000 	C:\WINDOWS\System32\MSCTF.dll
0x00007fffc9c70000 - 0x00007fffc9e05000 	C:\WINDOWS\System32\ole32.dll
0x00007fffc4360000 - 0x00007fffc438e000 	C:\WINDOWS\system32\DWMAPI.DLL
0x00007fff1bc10000 - 0x00007fff1bd1e000 	C:\WINDOWS\system32\opengl32.dll
0x00007fff1bbe0000 - 0x00007fff1bc0d000 	C:\WINDOWS\SYSTEM32\GLU32.dll
0x00007fffc4180000 - 0x00007fffc41c3000 	C:\WINDOWS\SYSTEM32\dxcore.dll
0x00007fff4e1e0000 - 0x00007fff4e392000 	C:\WINDOWS\system32\d3d9.dll
0x00007fffbf2b0000 - 0x00007fffbf374000 	C:\WINDOWS\System32\DriverStore\FileRepository\nv_dispi.inf_amd64_021cb587ccc8964f\nvldumdx.dll
0x00007fffbf010000 - 0x00007fffbf04b000 	C:\WINDOWS\SYSTEM32\cryptnet.dll
0x00007fffc5f30000 - 0x00007fffc5f98000 	C:\WINDOWS\SYSTEM32\wldp.dll
0x00007fffbee90000 - 0x00007fffbf008000 	C:\WINDOWS\SYSTEM32\drvstore.dll
0x00007fffc6500000 - 0x00007fffc652d000 	C:\WINDOWS\SYSTEM32\devobj.dll
0x00007fffc6530000 - 0x00007fffc6587000 	C:\WINDOWS\SYSTEM32\cfgmgr32.dll
0x00007fffc73a0000 - 0x00007fffc7421000 	C:\WINDOWS\System32\wintrust.dll
0x00007fffc8730000 - 0x00007fffc8750000 	C:\WINDOWS\System32\imagehlp.dll
0x00007fffb8dc0000 - 0x00007fffbdd17000 	C:\WINDOWS\System32\DriverStore\FileRepository\nv_dispi.inf_amd64_021cb587ccc8964f\nvgpucomp64.dll
0x00007fffb6f70000 - 0x00007fffb70ab000 	C:\WINDOWS\System32\DriverStore\FileRepository\nv_dispi.inf_amd64_021cb587ccc8964f\NvMemMapStoragex.dll
0x00007ffee6b70000 - 0x00007ffee92a6000 	C:\WINDOWS\System32\DriverStore\FileRepository\nv_dispi.inf_amd64_021cb587ccc8964f\nvd3dumx.dll
0x00007fffc03f0000 - 0x00007fffc0450000 	C:\WINDOWS\SYSTEM32\directxdatabasehelper.dll
0x00007fff91260000 - 0x00007fff913a7000 	C:\WINDOWS\system32\nvspcap64.dll
0x00007fffc5800000 - 0x00007fffc5836000 	C:\WINDOWS\SYSTEM32\ntmarta.dll
0x00007fff8fdc0000 - 0x00007fff904e5000 	C:\WINDOWS\System32\DriverStore\FileRepository\nv_dispi.inf_amd64_021cb587ccc8964f\nvppex.dll
0x00007fff8c7e0000 - 0x00007fff8c867000 	C:\Program Files\Java\jdk-21.0.10\bin\freetype.dll
0x00007fff886c0000 - 0x00007fff887b1000 	C:\Program Files\Java\jdk-21.0.10\bin\fontmanager.dll
0x00007fff9a930000 - 0x00007fff9aa78000 	C:\WINDOWS\SYSTEM32\textinputframework.dll
0x00007fffa86a0000 - 0x00007fffa86aa000 	C:\Program Files\Java\jdk-21.0.10\bin\management.dll
0x00007fffa3980000 - 0x00007fffa398c000 	C:\Program Files\Java\jdk-21.0.10\bin\management_ext.dll
0x00007fffc9f90000 - 0x00007fffc9f98000 	C:\WINDOWS\System32\PSAPI.DLL
0x00007fffc5110000 - 0x00007fffc523a000 	C:\WINDOWS\SYSTEM32\DNSAPI.dll
0x00007fffc07c0000 - 0x00007fffc07cb000 	C:\Windows\System32\rasadhlp.dll
0x00007fffc3ac0000 - 0x00007fffc3be7000 	C:\WINDOWS\SYSTEM32\CoreMessaging.dll
0x00007fffbf890000 - 0x00007fffbfb72000 	C:\WINDOWS\SYSTEM32\CoreUIComponents.dll
0x00007fffbf740000 - 0x00007fffbf7c6000 	C:\WINDOWS\System32\fwpuclnt.dll
0x00007fffa30b0000 - 0x00007fffa30b9000 	C:\Program Files\Java\jdk-21.0.10\bin\extnet.dll
0x00007fff97bb0000 - 0x00007fff97bf4000 	C:\Users\tyler\AppData\Local\Temp\jna-110840180\jna12723433266537538832.dll
0x00007fff82ad0000 - 0x00007fff82b6c000 	C:\Users\tyler\AppData\Local\Temp\jna-110840180\jna1200295138505633935.dll
0x00007fff759a0000 - 0x00007fff75a21000 	C:\Program Files\Java\jdk-21.0.10\bin\mlib_image.dll
0x00007fff97f00000 - 0x00007fff97f08000 	C:\Program Files\Java\jdk-21.0.10\bin\rl_gpushared_shim.dll
0x00007fff96d20000 - 0x00007fff96d32000 	C:\Program Files\Java\jdk-21.0.10\bin\jsound.dll
0x00007fff00d10000 - 0x00007fff00da4000 	C:\WINDOWS\SYSTEM32\DSOUND.dll
0x00007fff00c50000 - 0x00007fff00d01000 	C:\WINDOWS\SYSTEM32\ResampleDmo.DLL
0x00007fff00db0000 - 0x00007fff00de7000 	C:\WINDOWS\SYSTEM32\winmmbase.dll
0x00007fff8c780000 - 0x00007fff8c78e000 	C:\WINDOWS\SYSTEM32\msdmo.dll
0x00007fffc8f00000 - 0x00007fffc8fae000 	C:\WINDOWS\System32\clbcatq.dll
0x00007fffbf610000 - 0x00007fffbf6a8000 	C:\WINDOWS\System32\MMDevApi.dll
0x00007fffacf20000 - 0x00007fffacf67000 	C:\WINDOWS\SYSTEM32\wdmaud.drv
0x00007fffc3690000 - 0x00007fffc36b3000 	C:\WINDOWS\SYSTEM32\wdmaud2.drv
0x00007fffbfe20000 - 0x00007fffbfe2b000 	C:\WINDOWS\SYSTEM32\AVRT.dll
0x00007fffb0f10000 - 0x00007fffb10c2000 	C:\WINDOWS\SYSTEM32\AUDIOSES.DLL
0x00007fffc3d60000 - 0x00007fffc3d6f000 	C:\WINDOWS\SYSTEM32\msacm32.drv
0x00007fffa8700000 - 0x00007fffa8721000 	C:\WINDOWS\SYSTEM32\MSACM32.dll
0x00007fffc3790000 - 0x00007fffc379c000 	C:\WINDOWS\SYSTEM32\midimap.dll
0x00007fffc47a0000 - 0x00007fffc47b4000 	C:\WINDOWS\SYSTEM32\resourcepolicyclient.dll
0x00007fff9d1e0000 - 0x00007fff9d336000 	C:\Windows\System32\Windows.UI.dll
0x00007fff96910000 - 0x00007fff96940000 	C:\Program Files\Java\jdk-21.0.10\bin\javajpeg.dll
0x00007fff96d10000 - 0x00007fff96d16000 	C:\Users\tyler\AppData\Local\Temp\flatlaf.temp\flatlaf-windows-x86_64-787940464476000.dll
0x00007fff96ac0000 - 0x00007fff96ac7000 	C:\Program Files\Java\jdk-21.0.10\bin\jawt.dll
0x00007fffc4030000 - 0x00007fffc403e000 	C:\WINDOWS\SYSTEM32\WINNSI.DLL
0x00007fff959a0000 - 0x00007fff959c7000 	C:\Users\tyler\AppData\Local\Temp\15165615137787848698rlawt.dll
0x00007fff93700000 - 0x00007fff93727000 	C:\Users\tyler\AppData\Local\Temp\1454796309600357195rlicn_amd64.dll
0x00007fffc1710000 - 0x00007fffc193d000 	C:\WINDOWS\SYSTEM32\WindowsCodecs.dll
0x00007fff85150000 - 0x00007fff851aa000 	C:\WINDOWS\system32\dataexchange.dll
0x00007fffb7aa0000 - 0x00007fffb7ce4000 	C:\WINDOWS\system32\twinapi.appcore.dll
0x00007fffaf3e0000 - 0x00007fffaf3fa000 	C:\WINDOWS\SYSTEM32\windows.staterepositorycore.dll
0x00007ffefa030000 - 0x00007ffefccdf000 	C:\WINDOWS\System32\DriverStore\FileRepository\nv_dispi.inf_amd64_021cb587ccc8964f\nvoglv64.dll

dbghelp: loaded successfully - version: 4.0.5 - missing functions: none
symbol engine: initialized successfully - sym options: 0x614 - pdb path: .;C:\Program Files\Java\jdk-21.0.10\bin;C:\WINDOWS\SYSTEM32;C:\WINDOWS\WinSxS\amd64_microsoft.windows.common-controls_6595b64144ccf1df_6.0.26100.8037_none_3e092faae333b53b;C:\Program Files\Java\jdk-21.0.10\bin\server;C:\WINDOWS\System32\DriverStore\FileRepository\nv_dispi.inf_amd64_021cb587ccc8964f;C:\Users\tyler\AppData\Local\Temp\jna-110840180;C:\Users\tyler\AppData\Local\Temp\flatlaf.temp;C:\Users\tyler\AppData\Local\Temp;C:\Users\tyler\AppData\Local\Temp\lwjgl-rl\3.3.2+13\x64

VM Arguments:
jvm_args: -Dfile.encoding=UTF-8 -Duser.country=US -Duser.language=en -Duser.variant 
java_command: net.runelite.client.RuneLite
java_class_path (initial): C:\Users\tyler\Documents\code\UnrealRS2\rl-gpushared-shim\runelite-master\runelite-client\build\classes\java\main;C:\Users\tyler\Documents\code\UnrealRS2\rl-gpushared-shim\runelite-master\runelite-client\build\resources\main;C:\Users\tyler\Documents\code\UnrealRS2\rl-gpushared-shim\runelite-master\runelite-api\build\libs\runelite-api-1.12.20.jar;C:\Users\tyler\.gradle\caches\modules-2\files-2.1\net.runelite.arn\http-api\1.2.22\4c8a190097c0a98ffed6fcf89728c834f57fc05a\http-api-1.2.22.jar;C:\Users\tyler\.gradle\caches\modules-2\files-2.1\net.runelite\discord\1.4\5e3d040c8c8922d3e8cb900f532d7c08a748d687\discord-1.4.jar;C:\Users\tyler\.gradle\caches\modules-2\files-2.1\net.runelite\rlawt\1.8\f16657784ff32b98e108385bcf4ecfcf7185d67\rlawt-1.8.jar;C:\Users\tyler\Documents\code\UnrealRS2\rl-gpushared-shim\runelite-master\runelite-jshell\build\libs\jshell-1.12.20.jar;C:\Users\tyler\.gradle\caches\modules-2\files-2.1\org.slf4j\slf4j-api\1.7.25\da76ca59f6a57ee3102f8f9bd9cee742973efa8a\slf4j-api-1.7.25.jar;C:\Users\tyler\.gradle\caches\modules-2\files-2.1\ch.qos.logback\logback-classic\1.2.9\7d495522b08a9a66084bf417e70eedf95ef706bc\logback-classic-1.2.9.jar;C:\Users\tyler\.gradle\caches\modules-2\files-2.1\net.sf.jopt-simple\jopt-simple\5.0.1\20f7d76f9d06033d68f1b8e58666e7c542e91f08\jopt-simple-5.0.1.jar;C:\Users\tyler\.gradle\caches\modules-2\files-2.1\com.google.guava\guava\23.2-jre\a1a3e54263d357d2ecadcb3f5e7eb6464c66fe93\guava-23.2-jre.jar;C:\Users\tyler\.gradle\caches\modules-2\files-2.1\com.google.inject\guice\4.1.0\faf9ee8ac09eafd1128091426dd367a8c0085d55\guice-4.1.0-no_aop.jar;C:\Users\tyler\.gradle\caches\modules-2\files-2.1\com.google.code.gson\gson\2.8.5\f645ed69d595b24d4cf8b3fbb64cc505bede8829\gson-2.8.5.jar;C:\Users\tyler\.gradle\caches\modules-2\files-2.1\net.runelite\flatlaf-extras\3.2.5-rl4\1112b8c52e3c113b60747ed83d6ab9cbdb84f0\flatlaf-extras-3.2.5-rl4.jar;C:\Users\tyler\.gradle\caches\modules-2\files-2.1\net.runelite\flatlaf\3.2.5-rl4\b1fe47f883df98b5e948212089105ccb011a6ecb\flatlaf-3.2.5-rl4.jar;C:\Users\tyler\.gradle\caches\modules-2\files-2.1\org.apache.commons\commons-text\1.2\74acdec7237f576c4803fff0c1008ab8a3808b2b\commons-text-1.2.jar;C:\Users\tyler\.gradle\caches\modules-2\files-2.1\net.java.dev.jna\jna-platform\5.9.0\c535a5bda553d7d7690356c825010da74b2671b5\jna-platform-5.9.0.jar;C:\Users\tyler\.gradle\caches\modules-2\files-2.1\net.java.dev.jna\jna\5.9.0\8f503e6d9b500ceff299052d6be75b38c7257758\jna-5.9.0.jar;C:\Users\tyler\.gradle\caches\modules-2\files-2.1\com.google.code.findbugs\jsr305\3.0.2\25ea2e8b0c338a877313bd4672d3fe056ea78f0d\jsr305-3.0.2.jar;C:\Users\tyler\.gradle\caches\modules-2\files-2.1\com.google.protobuf\protobuf-javalite\3.21.12\e450dd89f2b4f79af08a9cb8ccbe62b25b1e7be8\protobuf-javalite-3.21.12.jar;C:\Users\tyler\.gradle\caches\modules-2\files-2.1\org.lwjgl\lwjgl-opengl\3.3.2\ee8e95be0b438602038bc1f02dc5e3d011b1b216\lwjgl-opengl-3.3.2.jar;C:\Users\tyler\.gradle\caches\modules-2\files-2.1\org.lwjgl\lwjgl-opengl\3.3.2\b8368430ef0d91a5acbc6fbfa47b20c3ec083aec\lwjgl-opengl-3.3.2-natives-linux.jar;C:\Users\tyler\.gradle\caches\modules-2\files-2.1\org.lwjgl\lwjgl-opengl\3.3.2\bb9eb56da6d1d549d6a767218e675e36bc568eb9\lwjgl-opengl-3.3.2-natives-linux-arm64.jar;C:\Users\tyler\.gradle\caches\modules-2\files-2.1\org.lwjgl\lwjgl-opengl\3.3.2\5141389ca737369f317b1288a570534c40db9cf\lwjgl-opengl-3.3.2-natives-macos.jar;C:\Users\tyler\.gradle\caches\modules-2\files-2.1\org.lwjgl\lwjgl-opengl\3.3.2\baadfd67936dcd7e0334dd3a9cf8dd13a0bcb009\lwjgl-opengl-3.3.2-natives-macos-arm64.jar;C:\Users\tyler\.gradle\caches\modules-2\files-2.1\org.lwjgl\lwjgl-opengl\3.3.2\22fa4149159154b24f6c1bd46a342d4958a9fba1\lwjgl-opengl-3.3.2-natives-windows-x86.jar;C:\Users\tyler\.gradle\caches\modules-2\files-2.1\org.lwjgl\lwjgl-opengl\3.3.2\83cd34469d4e0bc335bf74c7f62206530a9480bf\lwjgl-opengl-3.3.2-natives-windows.jar;C:\Users\tyler\.gradle\caches\modules-2\files-2.1\org.lwjgl\lwjgl-opengl\3.3.2\21df035bf03dbf5001f92291b24dc951da513481\lwjgl-opengl-3.3.2-natives-windows-arm64.jar;C:\Users\tyler\.gradle\caches\modules-2\files-2.1\org.lwjgl\lwjgl-opencl\3.3.2\25cefb263d7da6d3328aab9db41b6d1ea256a134\lwjgl-opencl-3.3.2.jar;C:\Users\tyler\.gradle\caches\modules-2\files-2.1\org.lwjgl\lwjgl\3.3.2\4421d94af68e35dcaa31737a6fc59136a1e61b94\lwjgl-3.3.2.jar;C:\Users\tyler\.gradle\caches\modules-2\files-2.1\org.lwjgl\lwjgl\3.3.2\767684973f259d97e7dc66a125eb153986f177e7\lwjgl-3.3.2-natives-linux.jar;C:\Users\tyler\.gradle\caches\modules-2\files-2.1\org.lwjgl\lwjgl\3.3.2\8bd89332c90a90e6bc4aa997a25c05b7db02c90a\lwjgl-3.3.2-natives-linux-arm64.jar;C:\Users\tyler\.gradle\caches\modules-2\files-2.1\org.lwjgl\lwjgl\3.3.2\3256dce7fa36d6b572afa5e5730f532cf987f3bf\lwjgl-3.3.2-natives-macos.jar;C:\Users\tyler\.gradle\caches\modules-2\files-2.1\org.lwjgl\lwjgl\3.3.2\319eea74a8829ce92fd54ce7c684b6b6557c05bb\lwjgl-3.3.2-natives-macos-arm64.jar;C:\Users\tyler\.gradle\caches\modules-2\files-2.1\org.lwjgl\lwjgl\3.3.2\ed495259b2c8f068794da0ffedfa7ae7c130b3c5\lwjgl-3.3.2-natives-windows-x86.jar;C:\Users\tyler\.gradle\caches\modules-2\files-2.1\org.lwjgl\lwjgl\3.3.2\a55169ced70ffcd15f2162daf4a9c968578f6cd5\lwjgl-3.3.2-natives-windows.jar;C:\Users\tyler\.gradle\caches\modules-2\files-2.1\org.lwjgl\lwjgl\3.3.2\d900e4678449ba97ff46fa64b22e0376bf8cd00e\lwjgl-3.3.2-natives-windows-arm64.jar;C:\Users\tyler\.gradle\caches\modules-2\files-2.1\net.runelite\injected-client\1.12.20\ee64fe98402dab52ec4f9b8f425404533e183495\injected-client-1.12.20.jar;C:\Users\tyler\.gradle\caches\modules-2\files-2.1\com.squareup.okhttp3\okhttp\3.14.9\3e6d101343c7ea687cd593e4990f73b25c878383\okhttp-3.14.9.jar;C:\Users\tyler\.gradle\caches\modules-2\files-2.1\ch.qos.logback\logback-core\1.2.9\cdaca0cf922c5791a8efa0063ec714ca974affe3\logback-core-1.2.9.jar;C:\Users\tyler\.gradle\caches\modules-2\files-2.1\javax.inject\javax.inject\1\6975da39a7040257bd51d21a231b76c915872d38\javax.inject-1.jar;C:\Users\tyler\.gradle\caches\modules-2\files-2.1\aopalliance\aopalliance\1.0\235ba8b489512805ac13a8f9ea77a1ca5ebe3e8\aopalliance-1.0.jar;C:\Users\tyler\.gradle\caches\modules-2\files-2.1\org.apache.commons\commons-lang3\3.7\557edd918fd41f9260963583ebf5a61a43a6b423\commons-lang3-3.7.jar;C:\Users\tyler\.gradle\caches\modules-2\files-2.1\com.fifesoft\autocomplete\3.1.1\462acc825af76747e8a90642d23150024cb9fd87\autocomplete-3.1.1.jar;C:\Users\tyler\.gradle\caches\modules-2\files-2.1\com.fifesoft\rsyntaxtextarea\3.1.2\d7b4588faf4e7abf5455b0b40e71a5a20249ac73\rsyntaxtextarea-3.1.2.jar;C:\Users\tyler\.gradle\caches\modules-2\files-2.1\com.github.weisj\jsvg\1.2.0\7a1dfd541dc48ca58e706c356d1604971f58db25\jsvg-1.2.0.jar;C:\Users\tyler\.gradle\caches\modules-2\files-2.1\net.runelite\rlicn\1.1\37e791f652c9f0c3390e0eca1c92215b66b4a42\rlicn-1.1-windows.jar;C:\Users\tyler\.gradle\caches\modules-2\files-2.1\org.json\json\20090211\c183aa3a2a6250293808bba12262c8920ce5a51c\json-20090211.jar;C:\Users\tyler\.gradle\caches\modules-2\files-2.1\com.squareup.okio\okio\1.17.2\78c7820b205002da4d2d137f6f312bd64b3d6049\okio-1.17.2.jar
Launcher Type: SUN_STANDARD

[Global flags]
     intx CICompilerCount                          = 12                                        {product} {ergonomic}
     uint ConcGCThreads                            = 5                                         {product} {ergonomic}
     uint G1ConcRefinementThreads                  = 18                                        {product} {ergonomic}
   size_t G1HeapRegionSize                         = 4194304                                   {product} {ergonomic}
    uintx GCDrainStackTargetSize                   = 64                                        {product} {ergonomic}
   size_t InitialHeapSize                          = 536870912                                 {product} {ergonomic}
   size_t MarkStackSize                            = 4194304                                   {product} {ergonomic}
   size_t MaxHeapSize                              = 8531214336                                {product} {ergonomic}
   size_t MaxNewSize                               = 5117050880                                {product} {ergonomic}
   size_t MinHeapDeltaBytes                        = 4194304                                   {product} {ergonomic}
   size_t MinHeapSize                              = 8388608                                   {product} {ergonomic}
    uintx NonNMethodCodeHeapSize                   = 7602480                                {pd product} {ergonomic}
    uintx NonProfiledCodeHeapSize                  = 122027880                              {pd product} {ergonomic}
    uintx ProfiledCodeHeapSize                     = 122027880                              {pd product} {ergonomic}
    uintx ReservedCodeCacheSize                    = 251658240                              {pd product} {ergonomic}
     bool SegmentedCodeCache                       = true                                      {product} {ergonomic}
   size_t SoftMaxHeapSize                          = 8531214336                             {manageable} {ergonomic}
     bool UseCompressedOops                        = true                           {product lp64_product} {ergonomic}
     bool UseG1GC                                  = true                                      {product} {ergonomic}
     bool UseLargePagesIndividualAllocation        = false                                  {pd product} {ergonomic}

Logging:
Log output configuration:
 #0: stdout all=warning uptime,level,tags foldmultilines=false
 #1: stderr all=off uptime,level,tags foldmultilines=false

Environment Variables:
PATH=C:\Program Files\Common Files\Oracle\Java\javapath;C:\Python314\Scripts\;C:\Python314\;C:\WINDOWS\system32;C:\WINDOWS;C:\WINDOWS\System32\Wbem;C:\WINDOWS\System32\WindowsPowerShell\v1.0\;C:\WINDOWS\System32\OpenSSH\;C:\Program Files\Sunshine;C:\Program Files\Sunshine\tools;C:\Program Files\NVIDIA Corporation\NVIDIA App\NvDLISR;C:\Program Files (x86)\NVIDIA Corporation\PhysX\Common;C:\Program Files\dotnet\;C:\Program Files\Git\cmd;C:\Program Files\nodejs\;C:\ProgramData\chocolatey\bin;C:\Program Files\VSCodium\bin;C:\Users\tyler\AppData\Local\Microsoft\WindowsApps;C:\Users\tyler\AppData\Local\PowerToys\DSCModules\;C:\Users\tyler\AppData\Roaming\npm;C:\Users\tyler\AppData\Local\JetBrains\Toolbox\scripts;C:\Users\tyler\AppData\Local\gitkraken\bin;C:\Users\tyler\.bun\bin;C:\Users\tyler\.local\bin;
USERNAME=tyler
OS=Windows_NT
PROCESSOR_IDENTIFIER=Intel64 Family 6 Model 151 Stepping 2, GenuineIntel
TMP=C:\Users\tyler\AppData\Local\Temp
TEMP=C:\Users\tyler\AppData\Local\Temp




Periodic native trim disabled

---------------  S Y S T E M  ---------------

OS:
 Windows 11 , 64 bit Build 26100 (10.0.26100.7920)
OS uptime: 0 days 22:04 hours
Hyper-V role detected

CPU: total 24 (initial active 24) (12 cores per cpu, 2 threads per core) family 6 model 151 stepping 2 microcode 0x36, cx8, cmov, fxsr, ht, mmx, 3dnowpref, sse, sse2, sse3, ssse3, sse4.1, sse4.2, popcnt, lzcnt, tsc, tscinvbit, avx, avx2, aes, erms, clmul, bmi1, bmi2, adx, sha, fma, vzeroupper, clflush, clflushopt, clwb, hv, serialize, rdtscp, rdpid, fsrm, f16c, cet_ibt, cet_ss
Processor Information for all 24 processors :
  Max Mhz: 3200, Current Mhz: 3200, Mhz Limit: 3200

Memory: 4k page, system-wide physical 32535M (1422M free)
TotalPageFile size 57135M (AvailPageFile size 1064M)
current process WorkingSet (physical memory assigned to process): 991M, peak: 1263M
current process commit charge ("private bytes"): 1231M, peak: 1585M

vm_info: Java HotSpot(TM) 64-Bit Server VM (21.0.10+8-LTS-217) for windows-amd64 JRE (21.0.10+8-LTS-217), built on 2025-12-18T14:59:28Z by "mach5run" with MS VC++ 17.13 (VS2022)

END.
