#
# A fatal error has been detected by the Java Runtime Environment:
#
#  EXCEPTION_ACCESS_VIOLATION (0xc0000005) at pc=0x000001cbf52abfa4, pid=37828, tid=38896
#
# JRE version: Java(TM) SE Runtime Environment (21.0.10+8) (build 21.0.10+8-LTS-217)
# Java VM: Java HotSpot(TM) 64-Bit Server VM (21.0.10+8-LTS-217, mixed mode, sharing, tiered, compressed oops, compressed class ptrs, g1 gc, windows-amd64)
# Problematic frame:
# J 13228% c2 net.runelite.client.plugins.gpushared.shim.SceneGraphBridge.waitForSpace()V (14 bytes) @ 0x000001cbf52abfa4 [0x000001cbf52abec0+0x00000000000000e4]
#
# No core dump will be written. Minidumps are not enabled by default on client versions of Windows
#
# If you would like to submit a bug report, please visit:
#   https://bugreport.java.com/bugreport/crash.jsp
#

---------------  S U M M A R Y ------------

Command Line: -Dfile.encoding=UTF-8 -Duser.country=US -Duser.language=en -Duser.variant net.runelite.client.RuneLite

Host: 12th Gen Intel(R) Core(TM) i9-12900K, 24 cores, 31G,  Windows 11 , 64 bit Build 26100 (10.0.26100.7920)
Time: Sat Mar 21 16:07:31 2026 US Eastern Daylight Time elapsed time: 45.492052 seconds (0d 0h 0m 45s)

---------------  T H R E A D  ---------------

Current thread (0x000001cbd4171f00):  JavaThread "Map Loader" daemon [_thread_in_Java, id=38896, stack(0x000000a30ac90000,0x000000a30ad90000) (1024K)]

Stack: [0x000000a30ac90000,0x000000a30ad90000],  sp=0x000000a30ad8e8b0,  free space=1018k
Native frames: (J=compiled Java code, j=interpreted, Vv=VM code, C=native code)
C  0x000001cbf52abfa4

The last pc belongs to nmethod (printed below).

siginfo: EXCEPTION_ACCESS_VIOLATION (0xc0000005), reading address 0x000001cbfff70004


Registers:
RAX=0x0000000000000000, RBX=0x000001cb8b4332d0, RCX=0x000001cbd2944b00, RDX=0x0000000000000000
RSP=0x000000a30ad8e8b0, RBP=0x0000000605b09018, RSI=0x0000000000000168, RDI=0x000001cb8b016ca0
R8 =0x0000000000000000, R9 =0x0000000000000100, R10=0x000001cbfff70000, R11=0x000001cbfff70000
R12=0x0000000000000000, R13=0x000001cbcf362c30, R14=0x000000a30ad8e890, R15=0x000001cbd4171f00
RIP=0x000001cbf52abfa4, EFLAGS=0x0000000000010246


Register to memory mapping:

RAX=0x0 is null
RBX={method} {0x000001cb8b4332d8} 'yield0' '()V' in 'java/lang/Thread'
RCX=0x000001cbd2944b00 points into unknown readable memory: 0x00000006039d2888 | 88 28 9d 03 06 00 00 00
RDX=0x0 is null
RSP=0x000000a30ad8e8b0 is pointing into the stack for thread: 0x000001cbd4171f00
RBP=0x0000000605b09018 is an oop: net.runelite.client.plugins.gpushared.shim.SceneGraphBridge 
{0x0000000605b09018} - klass: 'net/runelite/client/plugins/gpushared/shim/SceneGraphBridge'
 - ---- fields (total size 4 words):
 - private 'localWriteHead' 'I' @12  256 (0x00000100)
 - private 'nativeHandle' 'J' @16  0 (0x0000000000000000)
 - private 'buf' 'Ljava/nio/ByteBuffer;' @24  a 'java/nio/DirectByteBuffer'{0x0000000605e38ff0} (0xc0bc71fe)
RSI=0x0000000000000168 is an unknown value
RDI=0x000001cb8b016ca0 is a pointer to class: 
java.lang.Thread {0x000001cb8b016ca8}
 - instance size:     15
 - klass size:        97
 - access:            public synchronized 
 - flags:             rewritten has_nonstatic_fields is_shared_boot_class has_localvariable_table has_final_method 
 - state:             fully_initialized
 - name:              'java/lang/Thread'
 - super:             'java/lang/Object'
 - sub:               'sun/awt/image/ImageFetcher'   'net/runelite/client/plugins/twitch/irc/TwitchIRCClient'   'okio/AsyncTimeout$Watchdog'   'java/awt/EventDispatchThread'   (6 more klasses...)
 - arrays:            'java/lang/Thread'[]
 - methods:           Array<T>(0x000001cb8b63a470)
 - method ordering:   Array<T>(0x000001cb8b63a808)
 - local interfaces:  Array<T>(0x000001cb8b638830)
 - trans. interfaces: Array<T>(0x000001cb8b638830)
 - constants:         constant pool [870] {0x000001cb8b638868} for 'java/lang/Thread' cache=0x000001cb8b4342e8
 - class loader data:  loader data: 0x000001cbff9ee8d0 of 'bootstrap'
 - source file:       'Thread.java'
 - field annotations:       Array<T>(0x000001cb8bbc30a0)
 - inner classes:     Array<T>(0x000001cb8b63a3d8)
 - nest members:     Array<T>(0x000001cb8b63aab8)
 - permitted subclasses:     Array<T>(0x000001cb8b613b90)
 - java mirror:       a 'java/lang/Class'{0x00000006039d2888} = 'java/lang/Thread'
 - vtable length      35  (start addr: 0x000001cb8b016e60)
 - itable length      5 (start addr: 0x000001cb8b016f78)
 - ---- static fields (4 words):
 - private static final 'NEW_THREAD_BINDINGS' 'Ljava/lang/Object;' @112 
 - public static final 'MIN_PRIORITY' 'I' @124 
 - public static final 'NORM_PRIORITY' 'I' @128 
 - public static final 'MAX_PRIORITY' 'I' @132 
 - static final 'NO_INHERIT_THREAD_LOCALS' 'I' @136 
 - private static final 'EMPTY_STACK_TRACE' '[Ljava/lang/StackTraceElement;' @116 
 - private static volatile 'defaultUncaughtExceptionHandler' 'Ljava/lang/Thread$UncaughtExceptionHandler;' @120 
 - ---- non-static fields (26 words):
 - 'threadLocalRandomProbe' 'I' @12 
 - private volatile 'eetop' 'J' @16 
 - private final 'tid' 'J' @24 
 - 'threadLocalRandomSeed' 'J' @32 
 - injected 'jvmti_thread_state' 'J' @40 
 - 'threadLocalRandomSecondarySeed' 'I' @48 
 - injected 'jvmti_VTMS_transition_disable_count' 'I' @52 
 - injected 'jfr_epoch' 'S' @56 
 - volatile 'interrupted' 'Z' @58 
 - injected 'jvmti_is_in_VTMS_transition' 'Z' @59 
 - private volatile 'name' 'Ljava/lang/String;' @60 
 - private volatile 'contextClassLoader' 'Ljava/lang/ClassLoader;' @64 
 - private 'inheritedAccessControlContext' 'Ljava/security/AccessControlContext;' @68 
 - private final 'holder' 'Ljava/lang/Thread$FieldHolder;' @72 
 - 'threadLocals' 'Ljava/lang/ThreadLocal$ThreadLocalMap;' @76 
 - 'inheritableThreadLocals' 'Ljava/lang/ThreadLocal$ThreadLocalMap;' @80 
 - private 'scopedValueBindings' 'Ljava/lang/Object;' @84 
 - final 'interruptLock' 'Ljava/lang/Object;' @88 
 - private volatile 'parkBlocker' 'Ljava/lang/Object;' @92 
 - volatile 'nioBlocker' 'Lsun/nio/ch/Interruptible;' @96 
 - private 'cont' 'Ljdk/internal/vm/Continuation;' @100 
 - private volatile 'uncaughtExceptionHandler' 'Ljava/lang/Thread$UncaughtExceptionHandler;' @104 
 - private 'container' 'Ljdk/internal/vm/ThreadContainer;' @108 
 - private volatile 'headStackableScopes' 'Ljdk/internal/vm/StackableScope;' @112 
 - non-static oop maps: 60-112 
R8 =0x0 is null
R9 =0x0000000000000100 is an unknown value
R10=0x000001cbfff70000 is an unknown value
R11=0x000001cbfff70000 is an unknown value
R12=0x0 is null
R13=0x000001cbcf362c30 is pointing into metadata
R14=0x000000a30ad8e890 is pointing into the stack for thread: 0x000001cbd4171f00
R15=0x000001cbd4171f00 is a thread

Top of Stack: (sp=0x000000a30ad8e8b0)
0x000000a30ad8e8b0:   000000a30ad8e910 0000000000000000
0x000000a30ad8e8c0:   000001cbf47755d8 000000a30ad8e8c8
0x000000a30ad8e8d0:   000001cbcf362c30 0000000000000002
0x000000a30ad8e8e0:   000001cbcfd96160 000001cc20839970
0x000000a30ad8e8f0:   00000006048d53a0 000001cbcf362c58
0x000000a30ad8e900:   0000000000000000 000000a30ad8e920
0x000000a30ad8e910:   000000a30ad8e978 000001cbf4768860
0x000000a30ad8e920:   0000000605b09018 0000000605b09018
0x000000a30ad8e930:   000000a30ad8e930 000001cbcf362e8e
0x000000a30ad8e940:   000000000000000d 000001cbcfd96160
0x000000a30ad8e950:   000001cc20839d88 00000006048d53a0
0x000000a30ad8e960:   000001cbcf362fe8 000000a30ad8e928
0x000000a30ad8e970:   000000a30ad8e9b0 000000a30ad8ea30
0x000000a30ad8e980:   000001cbf4768860 0000000000000000
0x000000a30ad8e990:   0000000000000000 0000000000000000
0x000000a30ad8e9a0:   0000000000000000 0000000000000000
0x000000a30ad8e9b0:   00000000000001ef 000000061c105900
0x000000a30ad8e9c0:   0000000000008d27 000000061c0c1f20
0x000000a30ad8e9d0:   000000000000000c 000000000000000c
0x000000a30ad8e9e0:   0000000605b09018 000000a30ad8e9e8
0x000000a30ad8e9f0:   000001cbcf36177b 000000000000000e
0x000000a30ad8ea00:   000001cbcfd98000 000001cc20837e60
0x000000a30ad8ea10:   00000006048d52f0 000001cbcf361840
0x000000a30ad8ea20:   000000a30ad8e9b0 000000a30ad8eab0
0x000000a30ad8ea30:   000000a30ad8ec98 000001cbed40e6cc
0x000000a30ad8ea40:   000000061cbb51d8 000000061c105900
0x000000a30ad8ea50:   000000061c1060f0 000000061c0c1f20
0x000000a30ad8ea60:   00000000000001ef 0000000000008d27
0x000000a30ad8ea70:   00000006102839b8 0000000610283918
0x000000a30ad8ea80:   000000061c1060e0 000000061c1060d0
0x000000a30ad8ea90:   000000000000000c 000001cb0000000c
0x000000a30ad8eaa0:   000000060c01e710 000001cbed40e6cc 

Instructions: (pc=0x000001cbf52abfa4)
0x000001cbf52abea4:   05 80 08 31 10 00 01 7c 7d ff 00 28 00 60 0a 31
0x000001cbf52abeb4:   05 31 0f 31 50 ff 66 90 0f 1f 40 00 cc 66 66 66
0x000001cbf52abec4:   0f 1f 84 00 00 00 00 00 66 66 66 90 89 84 24 00
0x000001cbf52abed4:   80 ff ff 55 48 83 ec 60 41 81 7f 20 0b 00 00 00
0x000001cbf52abee4:   0f 85 c6 01 00 00 48 8b 2a 4d 8b 97 88 03 00 00
0x000001cbf52abef4:   49 8b 1a 48 8b ca 49 ba 70 3e 1e 4b ff 7f 00 00
0x000001cbf52abf04:   41 ff d2 0f 1f 84 00 00 00 00 00 48 85 ed 0f 84
0x000001cbf52abf14:   50 01 00 00 44 8b 55 08 41 81 fa c8 f6 43 01 0f
0x000001cbf52abf24:   85 53 01 00 00 44 8b 53 08 41 81 fa 98 9e 02 00
0x000001cbf52abf34:   75 24 e9 2f 01 00 00 0f 1f 44 00 00 66 66 90 e8
0x000001cbf52abf44:   98 fc c1 ff 0f 1f 84 00 38 02 00 00 4d 8b 97 58
0x000001cbf52abf54:   04 00 00 41 85 02 44 8b 5d 18 47 8b 54 dc 08 41
0x000001cbf52abf64:   81 fa b0 0e 1c 00 75 70 4f 8d 04 dc 45 8b 58 1c
0x000001cbf52abf74:   41 83 c3 fd 45 85 db 7c 77 41 83 fb 04 0f 86 91
0x000001cbf52abf84:   00 00 00 4d 8b 58 10 45 8b 50 24 45 85 d2 0f 85
0x000001cbf52abf94:   a4 00 00 00 45 0f b6 40 2d 44 8b 4d 0c 4d 8b d3
0x000001cbf52abfa4:   45 8b 52 04 41 8b ca 0f c9 45 85 c0 44 0f 45 d1
0x000001cbf52abfb4:   45 2b ca 41 81 f9 00 01 00 00 0f 8d 7c ff ff ff
0x000001cbf52abfc4:   ba 45 ff ff ff 44 89 4c 24 20 90 e8 2c 86 50 ff
0x000001cbf52abfd4:   0f 1f 84 00 c4 02 00 02 ba de ff ff ff 44 89 5c
0x000001cbf52abfe4:   24 28 90 e8 14 86 50 ff 0f 1f 84 00 dc 02 00 03
0x000001cbf52abff4:   ba cc ff ff ff 4c 89 44 24 30 4c 89 44 24 38 44
0x000001cbf52ac004:   89 5c 24 40 66 66 90 e8 f0 85 50 ff 0f 1f 84 00
0x000001cbf52ac014:   00 03 00 04 ba e4 ff ff ff 4c 89 44 24 30 4c 89
0x000001cbf52ac024:   44 24 38 44 89 5c 24 40 66 66 90 e8 cc 85 50 ff
0x000001cbf52ac034:   0f 1f 84 00 24 03 00 05 49 83 c3 04 ba 45 ff ff
0x000001cbf52ac044:   ff 4c 89 44 24 30 4c 89 5c 24 38 4c 89 44 24 40
0x000001cbf52ac054:   44 89 54 24 48 66 90 e8 a0 85 50 ff 0f 1f 84 00
0x000001cbf52ac064:   50 03 00 06 33 ed ba 76 ff ff ff e8 8c 85 50 ff
0x000001cbf52ac074:   0f 1f 84 00 64 03 00 07 ba 8d ff ff ff 66 90 e8
0x000001cbf52ac084:   78 85 50 ff 0f 1f 84 00 78 03 00 08 48 8b d0 48
0x000001cbf52ac094:   83 c4 60 5d e9 63 53 5d ff ba f6 ff ff ff 90 e8 


Stack slot to memory mapping:

stack at sp + 0 slots: 0x000000a30ad8e910 is pointing into the stack for thread: 0x000001cbd4171f00
stack at sp + 1 slots: 0x0 is null
stack at sp + 2 slots: 0x000001cbf47755d8 is at code_begin+600 in an Interpreter codelet
goto  167 goto  [0x000001cbf4775380, 0x000001cbf4775690]  784 bytes
stack at sp + 3 slots: 0x000000a30ad8e8c8 is pointing into the stack for thread: 0x000001cbd4171f00
stack at sp + 4 slots: 0x000001cbcf362c30 is pointing into metadata
stack at sp + 5 slots: 0x0000000000000002 is an unknown value
stack at sp + 6 slots: 0x000001cbcfd96160 is pointing into metadata
stack at sp + 7 slots: 0x000001cc20839970 is pointing into metadata


Compiled method (c2)   45537 13228 %     4       net.runelite.client.plugins.gpushared.shim.SceneGraphBridge::waitForSpace @ 0 (14 bytes)
 total in heap  [0x000001cbf52abd10,0x000001cbf52ac310] = 1536
 relocation     [0x000001cbf52abe70,0x000001cbf52abeb8] = 72
 main code      [0x000001cbf52abec0,0x000001cbf52ac0c0] = 512
 stub code      [0x000001cbf52ac0c0,0x000001cbf52ac0e8] = 40
 oops           [0x000001cbf52ac0e8,0x000001cbf52ac100] = 24
 metadata       [0x000001cbf52ac100,0x000001cbf52ac160] = 96
 scopes data    [0x000001cbf52ac160,0x000001cbf52ac220] = 192
 scopes pcs     [0x000001cbf52ac220,0x000001cbf52ac2e0] = 192
 dependencies   [0x000001cbf52ac2e0,0x000001cbf52ac2e8] = 8
 handler table  [0x000001cbf52ac2e8,0x000001cbf52ac300] = 24
 nul chk table  [0x000001cbf52ac300,0x000001cbf52ac310] = 16

[Constant Pool (empty)]

[MachCode]
[Verified Entry Point]
  # {method} {0x000001cbcf362c60} 'waitForSpace' '()V' in 'net/runelite/client/plugins/gpushared/shim/SceneGraphBridge'
  0x000001cbf52abec0: cc66 6666 | 0f1f 8400 | 0000 0000 | 6666 6690 | 8984 2400 | 80ff ff55 | 4883 ec60 | 4181 7f20 
  0x000001cbf52abee0: 0b00 0000 | 0f85 c601 | 0000 488b | 2a4d 8b97 | 8803 0000 | 498b 1a48 | 8bca 49ba | 703e 1e4b 
  0x000001cbf52abf00: ff7f 0000 

  0x000001cbf52abf04: ;   {other}
  0x000001cbf52abf04: 41ff d20f | 1f84 0000 | 0000 0048 | 85ed 0f84 | 5001 0000 | 448b 5508 

  0x000001cbf52abf1c: ;   {metadata('net/runelite/client/plugins/gpushared/shim/SceneGraphBridge')}
  0x000001cbf52abf1c: 4181 fac8 | f643 010f | 8553 0100 | 0044 8b53 

  0x000001cbf52abf2c: ;   {metadata('java/lang/VirtualThread')}
  0x000001cbf52abf2c: 0841 81fa | 989e 0200 | 7524 e92f | 0100 000f | 1f44 0000 

  0x000001cbf52abf40: ;   {static_call}
  0x000001cbf52abf40: 6666 90e8 

  0x000001cbf52abf44: ; ImmutableOopMap {rbp=Oop }
                      ;*invokestatic yield0 {reexecute=0 rethrow=0 return_oop=0}
                      ; - java.lang.Thread::yield@23 (line 445)
                      ; - net.runelite.client.plugins.gpushared.shim.SceneGraphBridge::waitForSpace@7 (line 115)
  0x000001cbf52abf44: 98fc c1ff 

  0x000001cbf52abf48: ;   {other}
  0x000001cbf52abf48: 0f1f 8400 | 3802 0000 | 4d8b 9758 

  0x000001cbf52abf54: ; ImmutableOopMap {rbp=Oop }
                      ;*goto {reexecute=1 rethrow=0 return_oop=0}
                      ; - (reexecute) net.runelite.client.plugins.gpushared.shim.SceneGraphBridge::waitForSpace@10 (line 115)
                      ;   {poll}
  0x000001cbf52abf54: 0400 0041 | 8502 448b | 5d18 478b 

  0x000001cbf52abf60: ;   {metadata('java/nio/DirectByteBuffer')}
  0x000001cbf52abf60: 54dc 0841 | 81fa b00e | 1c00 7570 | 4f8d 04dc | 458b 581c | 4183 c3fd | 4585 db7c | 7741 83fb 
  0x000001cbf52abf80: 040f 8691 | 0000 004d | 8b58 1045 | 8b50 2445 | 85d2 0f85 | a400 0000 | 450f b640 | 2d44 8b4d 
  0x000001cbf52abfa0: 0c4d 8bd3 | 458b 5204 | 418b ca0f | c945 85c0 | 440f 45d1 | 452b ca41 | 81f9 0001 | 0000 0f8d 
  0x000001cbf52abfc0: 7cff ffff | ba45 ffff | ff44 894c 

  0x000001cbf52abfcc: ;   {runtime_call UncommonTrapBlob}
  0x000001cbf52abfcc: 2420 90e8 

  0x000001cbf52abfd0: ; ImmutableOopMap {rbp=Oop }
                      ;*if_icmplt {reexecute=1 rethrow=0 return_oop=0}
                      ; - (reexecute) net.runelite.client.plugins.gpushared.shim.SceneGraphBridge::isFull@21 (line 108)
                      ; - net.runelite.client.plugins.gpushared.shim.SceneGraphBridge::waitForSpace@1 (line 113)
  0x000001cbf52abfd0: 2c86 50ff 

  0x000001cbf52abfd4: ;   {other}
  0x000001cbf52abfd4: 0f1f 8400 | c402 0002 | bade ffff | ff44 895c 

  0x000001cbf52abfe4: ;   {runtime_call UncommonTrapBlob}
  0x000001cbf52abfe4: 2428 90e8 

  0x000001cbf52abfe8: ; ImmutableOopMap {rbp=Oop [40]=NarrowOop }
                      ;*invokevirtual getInt {reexecute=0 rethrow=0 return_oop=0}
                      ; - net.runelite.client.plugins.gpushared.shim.SceneGraphBridge::isFull@8 (line 105)
                      ; - net.runelite.client.plugins.gpushared.shim.SceneGraphBridge::waitForSpace@1 (line 113)
  0x000001cbf52abfe8: 1486 50ff 

  0x000001cbf52abfec: ;   {other}
  0x000001cbf52abfec: 0f1f 8400 | dc02 0003 | bacc ffff | ff4c 8944 | 2430 4c89 | 4424 3844 | 895c 2440 

  0x000001cbf52ac008: ;   {runtime_call UncommonTrapBlob}
  0x000001cbf52ac008: 6666 90e8 

  0x000001cbf52ac00c: ; ImmutableOopMap {rbp=Oop [48]=Oop [56]=Oop }
                      ;*invokestatic checkIndex {reexecute=0 rethrow=0 return_oop=0}
                      ; - java.nio.Buffer::checkIndex@12 (line 779)
                      ; - java.nio.DirectByteBuffer::getInt@5 (line 761)
                      ; - net.runelite.client.plugins.gpushared.shim.SceneGraphBridge::isFull@8 (line 105)
                      ; - net.runelite.client.plugins.gpushared.shim.SceneGraphBridge::waitForSpace@1 (line 113)
  0x000001cbf52ac00c: f085 50ff 

  0x000001cbf52ac010: ;   {other}
  0x000001cbf52ac010: 0f1f 8400 | 0003 0004 | bae4 ffff | ff4c 8944 | 2430 4c89 | 4424 3844 | 895c 2440 

  0x000001cbf52ac02c: ;   {runtime_call UncommonTrapBlob}
  0x000001cbf52ac02c: 6666 90e8 

  0x000001cbf52ac030: ; ImmutableOopMap {rbp=Oop [48]=Oop [56]=Oop }
                      ;*invokestatic checkIndex {reexecute=0 rethrow=0 return_oop=0}
                      ; - java.nio.Buffer::checkIndex@12 (line 779)
                      ; - java.nio.DirectByteBuffer::getInt@5 (line 761)
                      ; - net.runelite.client.plugins.gpushared.shim.SceneGraphBridge::isFull@8 (line 105)
                      ; - net.runelite.client.plugins.gpushared.shim.SceneGraphBridge::waitForSpace@1 (line 113)
  0x000001cbf52ac030: cc85 50ff 

  0x000001cbf52ac034: ;   {other}
  0x000001cbf52ac034: 0f1f 8400 | 2403 0005 | 4983 c304 | ba45 ffff | ff4c 8944 | 2430 4c89 | 5c24 384c | 8944 2440 
  0x000001cbf52ac054: 4489 5424 

  0x000001cbf52ac058: ;   {runtime_call UncommonTrapBlob}
  0x000001cbf52ac058: 4866 90e8 

  0x000001cbf52ac05c: ; ImmutableOopMap {rbp=Oop [48]=Oop [64]=Oop [72]=NarrowOop }
                      ;*ifnull {reexecute=1 rethrow=0 return_oop=0}
                      ; - (reexecute) java.nio.Buffer::session@4 (line 792)
                      ; - java.nio.DirectByteBuffer::getInt@4 (line 744)
                      ; - java.nio.DirectByteBuffer::getInt@11 (line 761)
                      ; - net.runelite.client.plugins.gpushared.shim.SceneGraphBridge::isFull@8 (line 105)
                      ; - net.runelite.client.plugins.gpushared.shim.SceneGraphBridge::waitForSpace@1 (line 113)
  0x000001cbf52ac05c: a085 50ff 

  0x000001cbf52ac060: ;   {other}
  0x000001cbf52ac060: 0f1f 8400 | 5003 0006 | 33ed ba76 

  0x000001cbf52ac06c: ;   {runtime_call UncommonTrapBlob}
  0x000001cbf52ac06c: ffff ffe8 

  0x000001cbf52ac070: ; ImmutableOopMap {rbp=Oop }
                      ;*aload_0 {reexecute=0 rethrow=0 return_oop=0}
                      ; - net.runelite.client.plugins.gpushared.shim.SceneGraphBridge::waitForSpace@0 (line 113)
  0x000001cbf52ac070: 8c85 50ff 

  0x000001cbf52ac074: ;   {other}
  0x000001cbf52ac074: 0f1f 8400 | 6403 0007 | ba8d ffff 

  0x000001cbf52ac080: ;   {runtime_call UncommonTrapBlob}
  0x000001cbf52ac080: ff66 90e8 

  0x000001cbf52ac084: ; ImmutableOopMap {rbp=Oop }
                      ;*aload_0 {reexecute=0 rethrow=0 return_oop=0}
                      ; - net.runelite.client.plugins.gpushared.shim.SceneGraphBridge::waitForSpace@0 (line 113)
  0x000001cbf52ac084: 7885 50ff 

  0x000001cbf52ac088: ;   {other}
  0x000001cbf52ac088: 0f1f 8400 | 7803 0008 | 488b d048 | 83c4 605d 

  0x000001cbf52ac098: ;   {runtime_call _rethrow_Java}
  0x000001cbf52ac098: e963 535d | ffba f6ff 

  0x000001cbf52ac0a0: ;   {runtime_call UncommonTrapBlob}
  0x000001cbf52ac0a0: ffff 90e8 

  0x000001cbf52ac0a4: ; ImmutableOopMap {}
                      ;*invokevirtual getInt {reexecute=0 rethrow=0 return_oop=0}
                      ; - net.runelite.client.plugins.gpushared.shim.SceneGraphBridge::isFull@8 (line 105)
                      ; - net.runelite.client.plugins.gpushared.shim.SceneGraphBridge::waitForSpace@1 (line 113)
  0x000001cbf52ac0a4: 5885 50ff 

  0x000001cbf52ac0a8: ;   {other}
  0x000001cbf52ac0a8: 0f1f 8400 | 9803 0009 

  0x000001cbf52ac0b0: ;   {runtime_call StubRoutines (final stubs)}
  0x000001cbf52ac0b0: e8ab 8c4e | ffe9 30fe | ffff f4f4 | f4f4 f4f4 
[Stub Code]
  0x000001cbf52ac0c0: ;   {no_reloc}
  0x000001cbf52ac0c0: 48bb 0000 | 0000 0000 

  0x000001cbf52ac0c8: ;   {runtime_call}
  0x000001cbf52ac0c8: 0000 e9fb 

  0x000001cbf52ac0cc: ;   {runtime_call ExceptionBlob}
  0x000001cbf52ac0cc: ffff ffe9 | ac06 5dff 
[Deopt Handler Code]
  0x000001cbf52ac0d4: e800 0000 | 0048 832c 

  0x000001cbf52ac0dc: ;   {runtime_call DeoptimizationBlob}
  0x000001cbf52ac0dc: 2405 e9bd | 8850 fff4 | f4f4 f4f4 
[/MachCode]


---------------  P R O C E S S  ---------------

Threads class SMR info:
_java_thread_list=0x000001cbdf59f3a0, length=45, elements={
0x000001cbffae1ef0, 0x000001cbffae2b50, 0x000001cbffae57f0, 0x000001cbffae7390,
0x000001cbffae7df0, 0x000001cbffaeabc0, 0x000001cbffb10420, 0x000001cbffb14390,
0x000001cbcc252410, 0x000001cbcc258810, 0x000001cbd13e6ec0, 0x000001cbd13e7530,
0x000001cbd13ebfc0, 0x000001cbd144b530, 0x000001cbd192b5e0, 0x000001cbd19a2250,
0x000001cbd1b6ae20, 0x000001cbd1b6a790, 0x000001cbd1b6b4b0, 0x000001cbd1b6cef0,
0x000001cbd1b6d580, 0x000001cbd1c0cfd0, 0x000001cbd1c09b50, 0x000001cbd1c0b590,
0x000001cbd1c0bc20, 0x000001cbd1c0c940, 0x000001cbd1c0dcf0, 0x000001cbd1c0a870,
0x000001cbd1c10ae0, 0x000001cbd1c10450, 0x000001cbd3671b80, 0x000001cbd3675000,
0x000001cbde233e60, 0x000001cbde232ab0, 0x000001cbde2337d0, 0x000001cbd416f110,
0x000001cbd416f7a0, 0x000001cbd4170b50, 0x000001cbd416d6d0, 0x000001cbd4171f00,
0x000001cbd400b0f0, 0x000001cbd400e770, 0x000001cbd400ee40, 0x000001cbd400b7c0,
0x000001cbd40102b0
}

Java Threads: ( => current thread )
  0x000001cbffae1ef0 JavaThread "Reference Handler"          daemon [_thread_blocked, id=17432, stack(0x000000a306900000,0x000000a306a00000) (1024K)]
  0x000001cbffae2b50 JavaThread "Finalizer"                  daemon [_thread_blocked, id=10064, stack(0x000000a306a00000,0x000000a306b00000) (1024K)]
  0x000001cbffae57f0 JavaThread "Signal Dispatcher"          daemon [_thread_blocked, id=38728, stack(0x000000a306b00000,0x000000a306c00000) (1024K)]
  0x000001cbffae7390 JavaThread "Attach Listener"            daemon [_thread_blocked, id=20908, stack(0x000000a306c00000,0x000000a306d00000) (1024K)]
  0x000001cbffae7df0 JavaThread "Service Thread"             daemon [_thread_blocked, id=28692, stack(0x000000a306d00000,0x000000a306e00000) (1024K)]
  0x000001cbffaeabc0 JavaThread "Monitor Deflation Thread"   daemon [_thread_blocked, id=38120, stack(0x000000a306e00000,0x000000a306f00000) (1024K)]
  0x000001cbffb10420 JavaThread "C2 CompilerThread0"         daemon [_thread_in_native, id=32612, stack(0x000000a306f00000,0x000000a307000000) (1024K)]
  0x000001cbffb14390 JavaThread "C1 CompilerThread0"         daemon [_thread_blocked, id=25132, stack(0x000000a307000000,0x000000a307100000) (1024K)]
  0x000001cbcc252410 JavaThread "Notification Thread"        daemon [_thread_blocked, id=28684, stack(0x000000a307300000,0x000000a307400000) (1024K)]
  0x000001cbcc258810 JavaThread "Common-Cleaner"             daemon [_thread_blocked, id=17228, stack(0x000000a307400000,0x000000a307500000) (1024K)]
  0x000001cbd13e6ec0 JavaThread "Java2D Disposer"            daemon [_thread_blocked, id=9768, stack(0x000000a308500000,0x000000a308600000) (1024K)]
  0x000001cbd13e7530 JavaThread "AWT-Shutdown"                      [_thread_blocked, id=41348, stack(0x000000a308600000,0x000000a308700000) (1024K)]
  0x000001cbd13ebfc0 JavaThread "AWT-Windows"                daemon [_thread_in_native, id=38504, stack(0x000000a308700000,0x000000a308800000) (1024K)]
  0x000001cbd144b530 JavaThread "AWT-EventQueue-0"                  [_thread_in_native, id=1656, stack(0x000000a308800000,0x000000a308900000) (1024K)]
  0x000001cbd192b5e0 JavaThread "TimerQueue"                 daemon [_thread_blocked, id=43648, stack(0x000000a307500000,0x000000a307600000) (1024K)]
  0x000001cbd19a2250 JavaThread "D3D Screen Updater"         daemon [_thread_blocked, id=18096, stack(0x000000a307600000,0x000000a307700000) (1024K)]
  0x000001cbd1b6ae20 JavaThread "OkHttp Dispatcher"                 [_thread_blocked, id=10496, stack(0x000000a308b00000,0x000000a308c00000) (1024K)]
  0x000001cbd1b6a790 JavaThread "OkHttp ConnectionPool"      daemon [_thread_blocked, id=14284, stack(0x000000a309b90000,0x000000a309c90000) (1024K)]
  0x000001cbd1b6b4b0 JavaThread "Okio Watchdog"              daemon [_thread_blocked, id=39836, stack(0x000000a309c90000,0x000000a309d90000) (1024K)]
  0x000001cbd1b6cef0 JavaThread "pool-2-thread-1"                   [_thread_blocked, id=12660, stack(0x000000a308a00000,0x000000a308b00000) (1024K)]
  0x000001cbd1b6d580 JavaThread "Thread-0"                   daemon [_thread_blocked, id=29580, stack(0x000000a309d90000,0x000000a309e90000) (1024K)]
  0x000001cbd1c0cfd0 JavaThread "Client"                     daemon [_thread_blocked, id=12708, stack(0x000000a309e90000,0x000000a309f90000) (1024K)]
  0x000001cbd1c09b50 JavaThread "Thread-2"                   daemon [_thread_blocked, id=31704, stack(0x000000a309f90000,0x000000a30a090000) (1024K)]
  0x000001cbd1c0b590 JavaThread "Thread-4"                   daemon [_thread_blocked, id=13580, stack(0x000000a30a190000,0x000000a30a290000) (1024K)]
  0x000001cbd1c0bc20 JavaThread "OkHttp api.runelite.net Writer"        [_thread_blocked, id=19892, stack(0x000000a30a290000,0x000000a30a390000) (1024K)]
  0x000001cbd1c0c940 JavaThread "OkHttp api.runelite.net"           [_thread_in_native, id=18040, stack(0x000000a30a390000,0x000000a30a490000) (1024K)]
  0x000001cbd1c0dcf0 JavaThread "OkHttp Http2Connection"     daemon [_thread_blocked, id=28456, stack(0x000000a30a490000,0x000000a30a590000) (1024K)]
  0x000001cbd1c0a870 JavaThread "cache io"                   daemon [_thread_blocked, id=30944, stack(0x000000a307800000,0x000000a307900000) (1024K)]
  0x000001cbd1c10ae0 JavaThread "Java Sound Event Dispatcher" daemon [_thread_blocked, id=3268, stack(0x000000a30a590000,0x000000a30a690000) (1024K)]
  0x000001cbd1c10450 JavaThread "Sound Engine"                      [_thread_blocked, id=7020, stack(0x000000a30a990000,0x000000a30aa90000) (1024K)]
  0x000001cbd3671b80 JavaThread "Thread-7"                   daemon [_thread_blocked, id=39244, stack(0x000000a30b290000,0x000000a30b390000) (1024K)]
  0x000001cbd3675000 JavaThread "pool-5-thread-1"                   [_thread_in_native, id=41116, stack(0x000000a30b390000,0x000000a30b490000) (1024K)]
  0x000001cbde233e60 JavaThread "OkHttp raw.githubusercontent.com Writer"        [_thread_blocked, id=10444, stack(0x000000a30b690000,0x000000a30b790000) (1024K)]
  0x000001cbde232ab0 JavaThread "OkHttp raw.githubusercontent.com"        [_thread_in_native, id=40888, stack(0x000000a30b790000,0x000000a30b890000) (1024K)]
  0x000001cbde2337d0 JavaThread "DestroyJavaVM"                     [_thread_blocked, id=28584, stack(0x000000a306100000,0x000000a306200000) (1024K)]
  0x000001cbd416f110 JavaThread "Thread-9"                   daemon [_thread_in_native, id=14836, stack(0x000000a30b890000,0x000000a30b990000) (1024K)]
  0x000001cbd416f7a0 JavaThread "tokenRequest-rest-request-1" daemon [_thread_blocked, id=19916, stack(0x000000a307100000,0x000000a307200000) (1024K)]
  0x000001cbd4170b50 JavaThread "Thread-10"                  daemon [_thread_in_native, id=3856, stack(0x000000a308c00000,0x000000a308d00000) (1024K)]
  0x000001cbd416d6d0 JavaThread "Thread-11"                  daemon [_thread_blocked, id=13340, stack(0x000000a309790000,0x000000a309890000) (1024K)]
=>0x000001cbd4171f00 JavaThread "Map Loader"                 daemon [_thread_in_Java, id=38896, stack(0x000000a30ac90000,0x000000a30ad90000) (1024K)]
  0x000001cbd400b0f0 JavaThread "C1 CompilerThread1"         daemon [_thread_blocked, id=19072, stack(0x000000a307200000,0x000000a307300000) (1024K)]
  0x000001cbd400e770 JavaThread "C1 CompilerThread2"         daemon [_thread_blocked, id=40668, stack(0x000000a307700000,0x000000a307800000) (1024K)]
  0x000001cbd400ee40 JavaThread "C2 CompilerThread1"         daemon [_thread_blocked, id=2228, stack(0x000000a308900000,0x000000a308a00000) (1024K)]
  0x000001cbd400b7c0 JavaThread "C2 CompilerThread2"         daemon [_thread_blocked, id=37548, stack(0x000000a30a090000,0x000000a30a190000) (1024K)]
  0x000001cbd40102b0 JavaThread "C2 CompilerThread3"         daemon [_thread_blocked, id=44356, stack(0x000000a30ad90000,0x000000a30ae90000) (1024K)]
Total: 45

Other Threads:
  0x000001cbffac7520 VMThread "VM Thread"                           [id=12944, stack(0x000000a306800000,0x000000a306900000) (1024K)]
  0x000001cbffab3b00 WatcherThread "VM Periodic Task Thread"        [id=36680, stack(0x000000a306700000,0x000000a306800000) (1024K)]
  0x000001cbe39399d0 WorkerThread "GC Thread#0"                     [id=10400, stack(0x000000a306200000,0x000000a306300000) (1024K)]
  0x000001cbd104c430 WorkerThread "GC Thread#1"                     [id=37660, stack(0x000000a307a00000,0x000000a307b00000) (1024K)]
  0x000001cbd126b8d0 WorkerThread "GC Thread#2"                     [id=32400, stack(0x000000a307b00000,0x000000a307c00000) (1024K)]
  0x000001cbd126bc80 WorkerThread "GC Thread#3"                     [id=10632, stack(0x000000a307c00000,0x000000a307d00000) (1024K)]
  0x000001cbd126c650 WorkerThread "GC Thread#4"                     [id=25064, stack(0x000000a307d00000,0x000000a307e00000) (1024K)]
  0x000001cbd1274300 WorkerThread "GC Thread#5"                     [id=37988, stack(0x000000a307e00000,0x000000a307f00000) (1024K)]
  0x000001cbd12746b0 WorkerThread "GC Thread#6"                     [id=11620, stack(0x000000a307f00000,0x000000a308000000) (1024K)]
  0x000001cbd1273ba0 WorkerThread "GC Thread#7"                     [id=42776, stack(0x000000a308000000,0x000000a308100000) (1024K)]
  0x000001cbd1273440 WorkerThread "GC Thread#8"                     [id=16652, stack(0x000000a308100000,0x000000a308200000) (1024K)]
  0x000001cbd1272ce0 WorkerThread "GC Thread#9"                     [id=41712, stack(0x000000a308200000,0x000000a308300000) (1024K)]
  0x000001cbd12737f0 WorkerThread "GC Thread#10"                    [id=38652, stack(0x000000a308300000,0x000000a308400000) (1024K)]
  0x000001cbd1273090 WorkerThread "GC Thread#11"                    [id=8716, stack(0x000000a308400000,0x000000a308500000) (1024K)]
  0x000001cbd14d81e0 WorkerThread "GC Thread#12"                    [id=11032, stack(0x000000a308e90000,0x000000a308f90000) (1024K)]
  0x000001cbd14d76d0 WorkerThread "GC Thread#13"                    [id=17264, stack(0x000000a308f90000,0x000000a309090000) (1024K)]
  0x000001cbd14d7a80 WorkerThread "GC Thread#14"                    [id=8884, stack(0x000000a309090000,0x000000a309190000) (1024K)]
  0x000001cbd14d6810 WorkerThread "GC Thread#15"                    [id=9024, stack(0x000000a309190000,0x000000a309290000) (1024K)]
  0x000001cbdca5e2c0 WorkerThread "GC Thread#16"                    [id=10172, stack(0x000000a309290000,0x000000a309390000) (1024K)]
  0x000001cbdca5db60 WorkerThread "GC Thread#17"                    [id=17236, stack(0x000000a309a90000,0x000000a309b90000) (1024K)]
  0x000001cbe3948790 ConcurrentGCThread "G1 Main Marker"            [id=35608, stack(0x000000a306300000,0x000000a306400000) (1024K)]
  0x000001cbff9639b0 WorkerThread "G1 Conc#0"                       [id=38116, stack(0x000000a306400000,0x000000a306500000) (1024K)]
  0x000001cbdca5c8f0 WorkerThread "G1 Conc#1"                       [id=12188, stack(0x000000a309390000,0x000000a309490000) (1024K)]
  0x000001cbdca5ab70 WorkerThread "G1 Conc#2"                       [id=9532, stack(0x000000a309490000,0x000000a309590000) (1024K)]
  0x000001cbdca5d400 WorkerThread "G1 Conc#3"                       [id=25596, stack(0x000000a309590000,0x000000a309690000) (1024K)]
  0x000001cbdca5d7b0 WorkerThread "G1 Conc#4"                       [id=30580, stack(0x000000a309690000,0x000000a309790000) (1024K)]
  0x000001cbff9f3630 ConcurrentGCThread "G1 Refine#0"               [id=8116, stack(0x000000a306500000,0x000000a306600000) (1024K)]
  0x000001cbff9f4050 ConcurrentGCThread "G1 Service"                [id=30264, stack(0x000000a306600000,0x000000a306700000) (1024K)]
Total: 28

Threads with active compile tasks:
C2 CompilerThread0    45541 14318       4       java.awt.Component::calculateCurrentShape (165 bytes)
Total: 1

VM state: not at safepoint (normal execution)

VM Mutex/Monitor currently owned by a thread: None

Heap address: 0x0000000603800000, size: 8136 MB, Compressed Oops mode: Zero based, Oop shift amount: 3

CDS archive(s) mapped at: [0x000001cb8b000000-0x000001cb8bc90000-0x000001cb8bc90000), size 13172736, SharedBaseAddress: 0x000001cb8b000000, ArchiveRelocationMode: 1.
Compressed class space mapped at: 0x000001cb8c000000-0x000001cbcc000000, reserved size: 1073741824
Narrow klass base: 0x000001cb8b000000, Narrow klass shift: 0, Narrow klass range: 0x100000000

GC Precious Log:
 CardTable entry size: 512
 Card Set container configuration: InlinePtr #cards 4 size 8 Array Of Cards #cards 32 size 80 Howl #buckets 8 coarsen threshold 7372 Howl Bitmap #cards 1024 size 144 coarsen threshold 921 Card regions per heap region 1 cards per card region 8192
 CPUs: 24 total, 24 available
 Memory: 32535M
 Large Page Support: Disabled
 NUMA Support: Disabled
 Compressed Oops: Enabled (Zero based)
 Heap Region Size: 4M
 Heap Min Capacity: 8M
 Heap Initial Capacity: 512M
 Heap Max Capacity: 8136M
 Pre-touch: Disabled
 Parallel Workers: 18
 Concurrent Workers: 5
 Concurrent Refinement Workers: 18
 Periodic GC: Disabled

Heap:
 garbage-first heap   total 487424K, used 344336K [0x0000000603800000, 0x0000000800000000)
  region size 4096K, 19 young (77824K), 1 survivors (4096K)
 Metaspace       used 82048K, committed 83200K, reserved 1179648K
  class space    used 8452K, committed 9024K, reserved 1048576K

Heap Regions: E=young(eden), S=young(survivor), O=old, HS=humongous(starts), HC=humongous(continues), CS=collection set, F=free, TAMS=top-at-mark-start, PB=parsable bottom
|   0|0x0000000603800000, 0x0000000603c00000, 0x0000000603c00000|100%| O|  |TAMS 0x0000000603800000| PB 0x0000000603800000| Untracked 
|   1|0x0000000603c00000, 0x0000000604000000, 0x0000000604000000|100%| O|  |TAMS 0x0000000603c00000| PB 0x0000000603c00000| Untracked 
|   2|0x0000000604000000, 0x0000000604400000, 0x0000000604400000|100%| O|  |TAMS 0x0000000604000000| PB 0x0000000604000000| Untracked 
|   3|0x0000000604400000, 0x0000000604800000, 0x0000000604800000|100%| O|  |TAMS 0x0000000604400000| PB 0x0000000604400000| Untracked 
|   4|0x0000000604800000, 0x0000000604c00000, 0x0000000604c00000|100%| O|  |TAMS 0x0000000604800000| PB 0x0000000604800000| Untracked 
|   5|0x0000000604c00000, 0x0000000605000000, 0x0000000605000000|100%| O|  |TAMS 0x0000000604c00000| PB 0x0000000604c00000| Untracked 
|   6|0x0000000605000000, 0x0000000605400000, 0x0000000605400000|100%| O|  |TAMS 0x0000000605000000| PB 0x0000000605000000| Untracked 
|   7|0x0000000605400000, 0x0000000605800000, 0x0000000605800000|100%| O|  |TAMS 0x0000000605400000| PB 0x0000000605400000| Untracked 
|   8|0x0000000605800000, 0x0000000605c00000, 0x0000000605c00000|100%| O|  |TAMS 0x0000000605800000| PB 0x0000000605800000| Untracked 
|   9|0x0000000605c00000, 0x0000000606000000, 0x0000000606000000|100%| O|  |TAMS 0x0000000605c00000| PB 0x0000000605c00000| Untracked 
|  10|0x0000000606000000, 0x0000000606400000, 0x0000000606400000|100%| O|  |TAMS 0x0000000606000000| PB 0x0000000606000000| Untracked 
|  11|0x0000000606400000, 0x0000000606800000, 0x0000000606800000|100%| O|  |TAMS 0x0000000606400000| PB 0x0000000606400000| Untracked 
|  12|0x0000000606800000, 0x0000000606c00000, 0x0000000606c00000|100%| O|  |TAMS 0x0000000606800000| PB 0x0000000606800000| Untracked 
|  13|0x0000000606c00000, 0x0000000607000000, 0x0000000607000000|100%| O|  |TAMS 0x0000000606c00000| PB 0x0000000606c00000| Untracked 
|  14|0x0000000607000000, 0x0000000607400000, 0x0000000607400000|100%| O|  |TAMS 0x0000000607000000| PB 0x0000000607000000| Untracked 
|  15|0x0000000607400000, 0x0000000607800000, 0x0000000607800000|100%| O|  |TAMS 0x0000000607400000| PB 0x0000000607400000| Untracked 
|  16|0x0000000607800000, 0x0000000607c00000, 0x0000000607c00000|100%| O|  |TAMS 0x0000000607800000| PB 0x0000000607800000| Untracked 
|  17|0x0000000607c00000, 0x0000000608000000, 0x0000000608000000|100%| O|  |TAMS 0x0000000607c00000| PB 0x0000000607c00000| Untracked 
|  18|0x0000000608000000, 0x0000000608400000, 0x0000000608400000|100%| O|  |TAMS 0x0000000608000000| PB 0x0000000608000000| Untracked 
|  19|0x0000000608400000, 0x0000000608800000, 0x0000000608800000|100%| O|Cm|TAMS 0x0000000608400000| PB 0x0000000608400000| Complete 
|  20|0x0000000608800000, 0x0000000608c00000, 0x0000000608c00000|100%| O|  |TAMS 0x0000000608800000| PB 0x0000000608800000| Untracked 
|  21|0x0000000608c00000, 0x0000000609000000, 0x0000000609000000|100%| O|  |TAMS 0x0000000608c00000| PB 0x0000000608c00000| Untracked 
|  22|0x0000000609000000, 0x0000000609400000, 0x0000000609400000|100%|HS|  |TAMS 0x0000000609000000| PB 0x0000000609000000| Complete 
|  23|0x0000000609400000, 0x0000000609800000, 0x0000000609800000|100%|HC|  |TAMS 0x0000000609400000| PB 0x0000000609400000| Complete 
|  24|0x0000000609800000, 0x0000000609c00000, 0x0000000609c00000|100%| O|  |TAMS 0x0000000609800000| PB 0x0000000609800000| Untracked 
|  25|0x0000000609c00000, 0x000000060a000000, 0x000000060a000000|100%| O|  |TAMS 0x0000000609c00000| PB 0x0000000609c00000| Untracked 
|  26|0x000000060a000000, 0x000000060a400000, 0x000000060a400000|100%| O|  |TAMS 0x000000060a000000| PB 0x000000060a000000| Untracked 
|  27|0x000000060a400000, 0x000000060a800000, 0x000000060a800000|100%| O|  |TAMS 0x000000060a400000| PB 0x000000060a400000| Untracked 
|  28|0x000000060a800000, 0x000000060ac00000, 0x000000060ac00000|100%| O|  |TAMS 0x000000060a800000| PB 0x000000060a800000| Untracked 
|  29|0x000000060ac00000, 0x000000060b000000, 0x000000060b000000|100%| O|  |TAMS 0x000000060ac00000| PB 0x000000060ac00000| Untracked 
|  30|0x000000060b000000, 0x000000060b400000, 0x000000060b400000|100%|HS|  |TAMS 0x000000060b000000| PB 0x000000060b000000| Complete 
|  31|0x000000060b400000, 0x000000060b800000, 0x000000060b800000|100%|HS|  |TAMS 0x000000060b400000| PB 0x000000060b400000| Complete 
|  32|0x000000060b800000, 0x000000060bc00000, 0x000000060bc00000|100%| O|  |TAMS 0x000000060b800000| PB 0x000000060b800000| Untracked 
|  33|0x000000060bc00000, 0x000000060c000000, 0x000000060c000000|100%| O|  |TAMS 0x000000060bc00000| PB 0x000000060bc00000| Untracked 
|  34|0x000000060c000000, 0x000000060c400000, 0x000000060c400000|100%| O|Cm|TAMS 0x000000060c000000| PB 0x000000060c000000| Complete 
|  35|0x000000060c400000, 0x000000060c800000, 0x000000060c800000|100%| O|  |TAMS 0x000000060c400000| PB 0x000000060c400000| Untracked 
|  36|0x000000060c800000, 0x000000060cc00000, 0x000000060cc00000|100%| O|  |TAMS 0x000000060c800000| PB 0x000000060c800000| Untracked 
|  37|0x000000060cc00000, 0x000000060d000000, 0x000000060d000000|100%| O|  |TAMS 0x000000060cc00000| PB 0x000000060cc00000| Untracked 
|  38|0x000000060d000000, 0x000000060d400000, 0x000000060d400000|100%| O|  |TAMS 0x000000060d000000| PB 0x000000060d000000| Untracked 
|  39|0x000000060d400000, 0x000000060d800000, 0x000000060d800000|100%| O|  |TAMS 0x000000060d400000| PB 0x000000060d400000| Untracked 
|  40|0x000000060d800000, 0x000000060dc00000, 0x000000060dc00000|100%| O|  |TAMS 0x000000060d800000| PB 0x000000060d800000| Untracked 
|  41|0x000000060dc00000, 0x000000060e000000, 0x000000060e000000|100%| O|  |TAMS 0x000000060dc00000| PB 0x000000060dc00000| Untracked 
|  42|0x000000060e000000, 0x000000060e400000, 0x000000060e400000|100%| O|  |TAMS 0x000000060e000000| PB 0x000000060e000000| Untracked 
|  43|0x000000060e400000, 0x000000060e800000, 0x000000060e800000|100%| O|  |TAMS 0x000000060e400000| PB 0x000000060e400000| Untracked 
|  44|0x000000060e800000, 0x000000060ec00000, 0x000000060ec00000|100%| O|  |TAMS 0x000000060e800000| PB 0x000000060e800000| Untracked 
|  45|0x000000060ec00000, 0x000000060f000000, 0x000000060f000000|100%| O|  |TAMS 0x000000060ec00000| PB 0x000000060ec00000| Untracked 
|  46|0x000000060f000000, 0x000000060f400000, 0x000000060f400000|100%| O|Cm|TAMS 0x000000060f000000| PB 0x000000060f000000| Complete 
|  47|0x000000060f400000, 0x000000060f800000, 0x000000060f800000|100%| O|  |TAMS 0x000000060f400000| PB 0x000000060f400000| Untracked 
|  48|0x000000060f800000, 0x000000060fc00000, 0x000000060fc00000|100%| O|Cm|TAMS 0x000000060f800000| PB 0x000000060f800000| Complete 
|  49|0x000000060fc00000, 0x0000000610000000, 0x0000000610000000|100%| O|  |TAMS 0x000000060fc00000| PB 0x000000060fc00000| Untracked 
|  50|0x0000000610000000, 0x0000000610400000, 0x0000000610400000|100%| O|  |TAMS 0x0000000610000000| PB 0x0000000610000000| Untracked 
|  51|0x0000000610400000, 0x0000000610800000, 0x0000000610800000|100%| O|  |TAMS 0x0000000610400000| PB 0x0000000610400000| Untracked 
|  52|0x0000000610800000, 0x0000000610c00000, 0x0000000610c00000|100%| O|  |TAMS 0x0000000610800000| PB 0x0000000610800000| Untracked 
|  53|0x0000000610c00000, 0x0000000611000000, 0x0000000611000000|100%| O|  |TAMS 0x0000000610c00000| PB 0x0000000610c00000| Untracked 
|  54|0x0000000611000000, 0x0000000611400000, 0x0000000611400000|100%| O|  |TAMS 0x0000000611000000| PB 0x0000000611000000| Untracked 
|  55|0x0000000611400000, 0x0000000611800000, 0x0000000611800000|100%| O|  |TAMS 0x0000000611400000| PB 0x0000000611400000| Untracked 
|  56|0x0000000611800000, 0x0000000611c00000, 0x0000000611c00000|100%| O|  |TAMS 0x0000000611800000| PB 0x0000000611800000| Untracked 
|  57|0x0000000611c00000, 0x0000000612000000, 0x0000000612000000|100%| O|  |TAMS 0x0000000611c00000| PB 0x0000000611c00000| Untracked 
|  58|0x0000000612000000, 0x0000000612400000, 0x0000000612400000|100%| O|  |TAMS 0x0000000612000000| PB 0x0000000612000000| Untracked 
|  59|0x0000000612400000, 0x00000006125db000, 0x0000000612800000| 46%| O|  |TAMS 0x0000000612400000| PB 0x0000000612400000| Untracked 
|  60|0x0000000612800000, 0x0000000612800000, 0x0000000612c00000|  0%| F|  |TAMS 0x0000000612800000| PB 0x0000000612800000| Untracked 
|  61|0x0000000612c00000, 0x0000000612c00000, 0x0000000613000000|  0%| F|  |TAMS 0x0000000612c00000| PB 0x0000000612c00000| Untracked 
|  62|0x0000000613000000, 0x0000000613000000, 0x0000000613400000|  0%| F|  |TAMS 0x0000000613000000| PB 0x0000000613000000| Untracked 
|  63|0x0000000613400000, 0x0000000613400000, 0x0000000613800000|  0%| F|  |TAMS 0x0000000613400000| PB 0x0000000613400000| Untracked 
|  64|0x0000000613800000, 0x0000000613800000, 0x0000000613c00000|  0%| F|  |TAMS 0x0000000613800000| PB 0x0000000613800000| Untracked 
|  65|0x0000000613c00000, 0x0000000613c00000, 0x0000000614000000|  0%| F|  |TAMS 0x0000000613c00000| PB 0x0000000613c00000| Untracked 
|  66|0x0000000614000000, 0x0000000614000000, 0x0000000614400000|  0%| F|  |TAMS 0x0000000614000000| PB 0x0000000614000000| Untracked 
|  67|0x0000000614400000, 0x0000000614400000, 0x0000000614800000|  0%| F|  |TAMS 0x0000000614400000| PB 0x0000000614400000| Untracked 
|  68|0x0000000614800000, 0x0000000614800000, 0x0000000614c00000|  0%| F|  |TAMS 0x0000000614800000| PB 0x0000000614800000| Untracked 
|  69|0x0000000614c00000, 0x0000000614c00000, 0x0000000615000000|  0%| F|  |TAMS 0x0000000614c00000| PB 0x0000000614c00000| Untracked 
|  70|0x0000000615000000, 0x0000000615000000, 0x0000000615400000|  0%| F|  |TAMS 0x0000000615000000| PB 0x0000000615000000| Untracked 
|  71|0x0000000615400000, 0x0000000615400000, 0x0000000615800000|  0%| F|  |TAMS 0x0000000615400000| PB 0x0000000615400000| Untracked 
|  72|0x0000000615800000, 0x0000000615800000, 0x0000000615c00000|  0%| F|  |TAMS 0x0000000615800000| PB 0x0000000615800000| Untracked 
|  73|0x0000000615c00000, 0x0000000615c00000, 0x0000000616000000|  0%| F|  |TAMS 0x0000000615c00000| PB 0x0000000615c00000| Untracked 
|  74|0x0000000616000000, 0x0000000616000000, 0x0000000616400000|  0%| F|  |TAMS 0x0000000616000000| PB 0x0000000616000000| Untracked 
|  75|0x0000000616400000, 0x0000000616400000, 0x0000000616800000|  0%| F|  |TAMS 0x0000000616400000| PB 0x0000000616400000| Untracked 
|  76|0x0000000616800000, 0x0000000616800000, 0x0000000616c00000|  0%| F|  |TAMS 0x0000000616800000| PB 0x0000000616800000| Untracked 
|  77|0x0000000616c00000, 0x0000000616c00000, 0x0000000617000000|  0%| F|  |TAMS 0x0000000616c00000| PB 0x0000000616c00000| Untracked 
|  78|0x0000000617000000, 0x0000000617000000, 0x0000000617400000|  0%| F|  |TAMS 0x0000000617000000| PB 0x0000000617000000| Untracked 
|  79|0x0000000617400000, 0x0000000617400000, 0x0000000617800000|  0%| F|  |TAMS 0x0000000617400000| PB 0x0000000617400000| Untracked 
|  80|0x0000000617800000, 0x0000000617800000, 0x0000000617c00000|  0%| F|  |TAMS 0x0000000617800000| PB 0x0000000617800000| Untracked 
|  81|0x0000000617c00000, 0x0000000617c00000, 0x0000000618000000|  0%| F|  |TAMS 0x0000000617c00000| PB 0x0000000617c00000| Untracked 
|  82|0x0000000618000000, 0x0000000618000000, 0x0000000618400000|  0%| F|  |TAMS 0x0000000618000000| PB 0x0000000618000000| Untracked 
|  83|0x0000000618400000, 0x0000000618400000, 0x0000000618800000|  0%| F|  |TAMS 0x0000000618400000| PB 0x0000000618400000| Untracked 
|  84|0x0000000618800000, 0x0000000618800000, 0x0000000618c00000|  0%| F|  |TAMS 0x0000000618800000| PB 0x0000000618800000| Untracked 
|  85|0x0000000618c00000, 0x0000000618c00000, 0x0000000619000000|  0%| F|  |TAMS 0x0000000618c00000| PB 0x0000000618c00000| Untracked 
|  86|0x0000000619000000, 0x0000000619000000, 0x0000000619400000|  0%| F|  |TAMS 0x0000000619000000| PB 0x0000000619000000| Untracked 
|  87|0x0000000619400000, 0x0000000619400000, 0x0000000619800000|  0%| F|  |TAMS 0x0000000619400000| PB 0x0000000619400000| Untracked 
|  88|0x0000000619800000, 0x0000000619800000, 0x0000000619c00000|  0%| F|  |TAMS 0x0000000619800000| PB 0x0000000619800000| Untracked 
|  89|0x0000000619c00000, 0x0000000619c00000, 0x000000061a000000|  0%| F|  |TAMS 0x0000000619c00000| PB 0x0000000619c00000| Untracked 
|  90|0x000000061a000000, 0x000000061a000000, 0x000000061a400000|  0%| F|  |TAMS 0x000000061a000000| PB 0x000000061a000000| Untracked 
|  91|0x000000061a400000, 0x000000061a400000, 0x000000061a800000|  0%| F|  |TAMS 0x000000061a400000| PB 0x000000061a400000| Untracked 
|  92|0x000000061a800000, 0x000000061aa22c90, 0x000000061ac00000| 53%| E|  |TAMS 0x000000061a800000| PB 0x000000061a800000| Complete 
|  93|0x000000061ac00000, 0x000000061b000000, 0x000000061b000000|100%| E|CS|TAMS 0x000000061ac00000| PB 0x000000061ac00000| Complete 
|  94|0x000000061b000000, 0x000000061b400000, 0x000000061b400000|100%| E|CS|TAMS 0x000000061b000000| PB 0x000000061b000000| Complete 
|  95|0x000000061b400000, 0x000000061b800000, 0x000000061b800000|100%| E|CS|TAMS 0x000000061b400000| PB 0x000000061b400000| Complete 
|  96|0x000000061b800000, 0x000000061bc00000, 0x000000061bc00000|100%| E|  |TAMS 0x000000061b800000| PB 0x000000061b800000| Complete 
|  97|0x000000061bc00000, 0x000000061c000000, 0x000000061c000000|100%| E|CS|TAMS 0x000000061bc00000| PB 0x000000061bc00000| Complete 
|  98|0x000000061c000000, 0x000000061c269210, 0x000000061c400000| 60%| S|CS|TAMS 0x000000061c000000| PB 0x000000061c000000| Complete 
|  99|0x000000061c400000, 0x000000061c800000, 0x000000061c800000|100%| E|CS|TAMS 0x000000061c400000| PB 0x000000061c400000| Complete 
| 100|0x000000061c800000, 0x000000061cc00000, 0x000000061cc00000|100%| E|CS|TAMS 0x000000061c800000| PB 0x000000061c800000| Complete 
| 101|0x000000061cc00000, 0x000000061d000000, 0x000000061d000000|100%| E|CS|TAMS 0x000000061cc00000| PB 0x000000061cc00000| Complete 
| 102|0x000000061d000000, 0x000000061d400000, 0x000000061d400000|100%| E|CS|TAMS 0x000000061d000000| PB 0x000000061d000000| Complete 
| 103|0x000000061d400000, 0x000000061d800000, 0x000000061d800000|100%| E|CS|TAMS 0x000000061d400000| PB 0x000000061d400000| Complete 
| 104|0x000000061d800000, 0x000000061dc00000, 0x000000061dc00000|100%| E|CS|TAMS 0x000000061d800000| PB 0x000000061d800000| Complete 
| 105|0x000000061dc00000, 0x000000061e000000, 0x000000061e000000|100%| E|CS|TAMS 0x000000061dc00000| PB 0x000000061dc00000| Complete 
| 106|0x000000061e000000, 0x000000061e400000, 0x000000061e400000|100%| E|CS|TAMS 0x000000061e000000| PB 0x000000061e000000| Complete 
| 107|0x000000061e400000, 0x000000061e800000, 0x000000061e800000|100%| E|CS|TAMS 0x000000061e400000| PB 0x000000061e400000| Complete 
| 108|0x000000061e800000, 0x000000061ec00000, 0x000000061ec00000|100%| E|CS|TAMS 0x000000061e800000| PB 0x000000061e800000| Complete 
| 126|0x0000000623000000, 0x0000000623400000, 0x0000000623400000|100%| E|CS|TAMS 0x0000000623000000| PB 0x0000000623000000| Complete 
| 127|0x0000000623400000, 0x0000000623800000, 0x0000000623800000|100%| E|CS|TAMS 0x0000000623400000| PB 0x0000000623400000| Complete 
|2026|0x00000007fe000000, 0x00000007fe400000, 0x00000007fe400000|100%| O|Cm|TAMS 0x00000007fe000000| PB 0x00000007fe000000| Complete 
|2027|0x00000007fe400000, 0x00000007fe800000, 0x00000007fe800000|100%| O|Cm|TAMS 0x00000007fe400000| PB 0x00000007fe400000| Complete 
|2028|0x00000007fe800000, 0x00000007fec00000, 0x00000007fec00000|100%| O|Cm|TAMS 0x00000007fe800000| PB 0x00000007fe800000| Complete 
|2029|0x00000007fec00000, 0x00000007ff000000, 0x00000007ff000000|100%| O|  |TAMS 0x00000007fec00000| PB 0x00000007fec00000| Untracked 
|2030|0x00000007ff000000, 0x00000007ff400000, 0x00000007ff400000|100%| O|  |TAMS 0x00000007ff000000| PB 0x00000007ff000000| Untracked 
|2031|0x00000007ff400000, 0x00000007ff800000, 0x00000007ff800000|100%| O|  |TAMS 0x00000007ff400000| PB 0x00000007ff400000| Untracked 
|2032|0x00000007ff800000, 0x00000007ffc00000, 0x00000007ffc00000|100%| O|  |TAMS 0x00000007ff800000| PB 0x00000007ff800000| Untracked 
|2033|0x00000007ffc00000, 0x0000000800000000, 0x0000000800000000|100%| O|  |TAMS 0x00000007ffc00000| PB 0x00000007ffc00000| Untracked 

Card table byte_map: [0x000001cbfe820000,0x000001cbff810000] _byte_map_base: 0x000001cbfb804000

Marking Bits: (CMBitMap*) 0x000001cbe393a0e0
 Bits: [0x000001cb80000000, 0x000001cb87f20000)

Polling page: 0x000001cbe3610000

Metaspace:

Usage:
  Non-class:     71.87 MB used.
      Class:      8.25 MB used.
       Both:     80.13 MB used.

Virtual space:
  Non-class space:      128.00 MB reserved,      72.44 MB ( 57%) committed,  2 nodes.
      Class space:        1.00 GB reserved,       8.81 MB ( <1%) committed,  1 nodes.
             Both:        1.12 GB reserved,      81.25 MB (  7%) committed. 

Chunk freelists:
   Non-Class:  7.57 MB
       Class:  7.08 MB
        Both:  14.65 MB

MaxMetaspaceSize: unlimited
CompressedClassSpaceSize: 1.00 GB
Initial GC threshold: 21.00 MB
Current GC threshold: 134.00 MB
CDS: on
 - commit_granule_bytes: 65536.
 - commit_granule_words: 8192.
 - virtual_space_node_default_size: 8388608.
 - enlarge_chunks_in_place: 1.
 - use_allocation_guard: 0.


Internal statistics:

num_allocs_failed_limit: 14.
num_arena_births: 1740.
num_arena_deaths: 0.
num_vsnodes_births: 3.
num_vsnodes_deaths: 0.
num_space_committed: 1293.
num_space_uncommitted: 0.
num_chunks_returned_to_freelist: 14.
num_chunks_taken_from_freelist: 4314.
num_chunk_merges: 9.
num_chunk_splits: 2868.
num_chunks_enlarged: 1879.
num_inconsistent_stats: 0.

CodeHeap 'non-profiled nmethods': size=119168Kb used=10537Kb max_used=10537Kb free=108631Kb
 bounds [0x000001cbf4eb0000, 0x000001cbf5920000, 0x000001cbfc310000]
CodeHeap 'profiled nmethods': size=119104Kb used=27035Kb max_used=27713Kb free=92068Kb
 bounds [0x000001cbed310000, 0x000001cbeee30000, 0x000001cbf4760000]
CodeHeap 'non-nmethods': size=7488Kb used=4080Kb max_used=4688Kb free=3407Kb
 bounds [0x000001cbf4760000, 0x000001cbf4c00000, 0x000001cbf4eb0000]
 total_blobs=13700 nmethods=11962 adapters=1638
 compilation: enabled
              stopped_count=0, restarted_count=0
 full_count=0

Compilation events (20 events):
Event: 45.398 Thread 0x000001cbffb14390 nmethod 14239 0x000001cbee5a6990 code [0x000001cbee5a6b20, 0x000001cbee5a6c70]
Event: 45.404 Thread 0x000001cbffb10420 14240       4       java.awt.geom.AffineTransform::updateState (230 bytes)
Event: 45.404 Thread 0x000001cbffb10420 nmethod 14240 0x000001cbf560a610 code [0x000001cbf560a7e0, 0x000001cbf560aa20]
Event: 45.489 Thread 0x000001cbffb10420 14241       4       java.util.concurrent.atomic.AtomicReferenceArray::set (13 bytes)
Event: 45.490 Thread 0x000001cbffb14390 14244       3       com.google.common.collect.Iterators$5::computeNext (45 bytes)
Event: 45.490 Thread 0x000001cbffb14390 nmethod 14244 0x000001cbee5a6090 code [0x000001cbee5a6280, 0x000001cbee5a6800]
Event: 45.490 Thread 0x000001cbffb14390 14245       3       com.google.common.collect.AbstractIterator::tryToComputeNext (36 bytes)
Event: 45.490 Thread 0x000001cbffb14390 nmethod 14245 0x000001cbee5a5a90 code [0x000001cbee5a5c60, 0x000001cbee5a6000]
Event: 45.490 Thread 0x000001cbffb14390 14246       1       net.runelite.client.eventbus.EventBus$Subscriber::getObject (5 bytes)
Event: 45.490 Thread 0x000001cbffb14390 nmethod 14246 0x000001cbf560a310 code [0x000001cbf560a4a0, 0x000001cbf560a570]
Event: 45.490 Thread 0x000001cbffb14390 14247       3       com.google.common.collect.ImmutableMultimap$Itr::hasNext (30 bytes)
Event: 45.491 Thread 0x000001cbffb14390 nmethod 14247 0x000001cbee5a5490 code [0x000001cbee5a5660, 0x000001cbee5a59a0]
Event: 45.491 Thread 0x000001cbffb14390 14248       3       com.google.common.collect.ImmutableMultimap$Itr::next (71 bytes)
Event: 45.491 Thread 0x000001cbffb10420 nmethod 14241 0x000001cbf5609e10 code [0x000001cbf5609fa0, 0x000001cbf560a1b0]
Event: 45.491 Thread 0x000001cbd400e770 14249       3       com.google.common.collect.ImmutableMultimap$1::output (7 bytes)
Event: 45.491 Thread 0x000001cbd400b0f0 14250       3       com.google.common.collect.ImmutableMultimap$1::output (6 bytes)
Event: 45.491 Thread 0x000001cbffb10420 14258       4       java.util.AbstractCollection::toArray (70 bytes)
Event: 45.491 Thread 0x000001cbffb14390 nmethod 14248 0x000001cbee465290 code [0x000001cbee4654e0, 0x000001cbee465ec0]
Event: 45.491 Thread 0x000001cbffb14390 14251       3       net.runelite.client.eventbus.EventBus$$Lambda/0x000001cb8c8a90f8::apply (12 bytes)
Event: 45.491 Thread 0x000001cbd400e770 nmethod 14249 0x000001cbee5a4b10 code [0x000001cbee5a4ce0, 0x000001cbee5a50e8]

GC Heap History (20 events):
Event: 6.193 GC heap before
{Heap before GC invocations=13 (full 0):
 garbage-first heap   total 299008K, used 211514K [0x0000000603800000, 0x0000000800000000)
  region size 4096K, 19 young (77824K), 4 survivors (16384K)
 Metaspace       used 60510K, committed 61376K, reserved 1114112K
  class space    used 6012K, committed 6400K, reserved 1048576K
}
Event: 6.197 GC heap after
{Heap after GC invocations=14 (full 0):
 garbage-first heap   total 299008K, used 172237K [0x0000000603800000, 0x0000000800000000)
  region size 4096K, 3 young (12288K), 3 survivors (12288K)
 Metaspace       used 60510K, committed 61376K, reserved 1114112K
  class space    used 6012K, committed 6400K, reserved 1048576K
}
Event: 7.136 GC heap before
{Heap before GC invocations=15 (full 0):
 garbage-first heap   total 303104K, used 241869K [0x0000000603800000, 0x0000000800000000)
  region size 4096K, 21 young (86016K), 3 survivors (12288K)
 Metaspace       used 69694K, committed 70720K, reserved 1114112K
  class space    used 7105K, committed 7616K, reserved 1048576K
}
Event: 7.139 GC heap after
{Heap after GC invocations=16 (full 0):
 garbage-first heap   total 303104K, used 184429K [0x0000000603800000, 0x0000000800000000)
  region size 4096K, 3 young (12288K), 3 survivors (12288K)
 Metaspace       used 69694K, committed 70720K, reserved 1114112K
  class space    used 7105K, committed 7616K, reserved 1048576K
}
Event: 7.682 GC heap before
{Heap before GC invocations=16 (full 0):
 garbage-first heap   total 303104K, used 254061K [0x0000000603800000, 0x0000000800000000)
  region size 4096K, 21 young (86016K), 3 survivors (12288K)
 Metaspace       used 72154K, committed 73216K, reserved 1179648K
  class space    used 7603K, committed 8128K, reserved 1048576K
}
Event: 7.685 GC heap after
{Heap after GC invocations=17 (full 0):
 garbage-first heap   total 303104K, used 170577K [0x0000000603800000, 0x0000000800000000)
  region size 4096K, 3 young (12288K), 3 survivors (12288K)
 Metaspace       used 72154K, committed 73216K, reserved 1179648K
  class space    used 7603K, committed 8128K, reserved 1048576K
}
Event: 8.049 GC heap before
{Heap before GC invocations=17 (full 0):
 garbage-first heap   total 303104K, used 244305K [0x0000000603800000, 0x0000000800000000)
  region size 4096K, 22 young (90112K), 3 survivors (12288K)
 Metaspace       used 74360K, committed 75456K, reserved 1179648K
  class space    used 7922K, committed 8448K, reserved 1048576K
}
Event: 8.051 GC heap after
{Heap after GC invocations=18 (full 0):
 garbage-first heap   total 303104K, used 151340K [0x0000000603800000, 0x0000000800000000)
  region size 4096K, 3 young (12288K), 3 survivors (12288K)
 Metaspace       used 74360K, committed 75456K, reserved 1179648K
  class space    used 7922K, committed 8448K, reserved 1048576K
}
Event: 8.457 GC heap before
{Heap before GC invocations=18 (full 0):
 garbage-first heap   total 303104K, used 233260K [0x0000000603800000, 0x0000000800000000)
  region size 4096K, 24 young (98304K), 3 survivors (12288K)
 Metaspace       used 75275K, committed 76352K, reserved 1179648K
  class space    used 8045K, committed 8576K, reserved 1048576K
}
Event: 8.460 GC heap after
{Heap after GC invocations=19 (full 0):
 garbage-first heap   total 303104K, used 150707K [0x0000000603800000, 0x0000000800000000)
  region size 4096K, 3 young (12288K), 3 survivors (12288K)
 Metaspace       used 75275K, committed 76352K, reserved 1179648K
  class space    used 8045K, committed 8576K, reserved 1048576K
}
Event: 9.345 GC heap before
{Heap before GC invocations=19 (full 0):
 garbage-first heap   total 303104K, used 236723K [0x0000000603800000, 0x0000000800000000)
  region size 4096K, 25 young (102400K), 3 survivors (12288K)
 Metaspace       used 78514K, committed 79680K, reserved 1179648K
  class space    used 8301K, committed 8896K, reserved 1048576K
}
Event: 9.347 GC heap after
{Heap after GC invocations=20 (full 0):
 garbage-first heap   total 303104K, used 161111K [0x0000000603800000, 0x0000000800000000)
  region size 4096K, 3 young (12288K), 3 survivors (12288K)
 Metaspace       used 78514K, committed 79680K, reserved 1179648K
  class space    used 8301K, committed 8896K, reserved 1048576K
}
Event: 11.084 GC heap before
{Heap before GC invocations=21 (full 0):
 garbage-first heap   total 303104K, used 243031K [0x0000000603800000, 0x0000000800000000)
  region size 4096K, 24 young (98304K), 3 survivors (12288K)
 Metaspace       used 78939K, committed 80064K, reserved 1179648K
  class space    used 8310K, committed 8896K, reserved 1048576K
}
Event: 11.086 GC heap after
{Heap after GC invocations=22 (full 0):
 garbage-first heap   total 364544K, used 176771K [0x0000000603800000, 0x0000000800000000)
  region size 4096K, 3 young (12288K), 3 survivors (12288K)
 Metaspace       used 78939K, committed 80064K, reserved 1179648K
  class space    used 8310K, committed 8896K, reserved 1048576K
}
Event: 30.104 GC heap before
{Heap before GC invocations=22 (full 0):
 garbage-first heap   total 364544K, used 303747K [0x0000000603800000, 0x0000000800000000)
  region size 4096K, 30 young (122880K), 3 survivors (12288K)
 Metaspace       used 81076K, committed 82176K, reserved 1179648K
  class space    used 8434K, committed 8960K, reserved 1048576K
}
Event: 30.111 GC heap after
{Heap after GC invocations=23 (full 0):
 garbage-first heap   total 393216K, used 241107K [0x0000000603800000, 0x0000000800000000)
  region size 4096K, 4 young (16384K), 4 survivors (16384K)
 Metaspace       used 81076K, committed 82176K, reserved 1179648K
  class space    used 8434K, committed 8960K, reserved 1048576K
}
Event: 30.516 GC heap before
{Heap before GC invocations=23 (full 0):
 garbage-first heap   total 393216K, used 310739K [0x0000000603800000, 0x0000000800000000)
  region size 4096K, 22 young (90112K), 4 survivors (16384K)
 Metaspace       used 81208K, committed 82304K, reserved 1179648K
  class space    used 8436K, committed 8960K, reserved 1048576K
}
Event: 30.519 GC heap after
{Heap after GC invocations=24 (full 0):
 garbage-first heap   total 393216K, used 278395K [0x0000000603800000, 0x0000000800000000)
  region size 4096K, 3 young (12288K), 3 survivors (12288K)
 Metaspace       used 81208K, committed 82304K, reserved 1179648K
  class space    used 8436K, committed 8960K, reserved 1048576K
}
Event: 33.110 GC heap before
{Heap before GC invocations=25 (full 0):
 garbage-first heap   total 487424K, used 327547K [0x0000000603800000, 0x0000000800000000)
  region size 4096K, 16 young (65536K), 3 survivors (12288K)
 Metaspace       used 81335K, committed 82560K, reserved 1179648K
  class space    used 8437K, committed 9024K, reserved 1048576K
}
Event: 33.112 GC heap after
{Heap after GC invocations=26 (full 0):
 garbage-first heap   total 487424K, used 278800K [0x0000000603800000, 0x0000000800000000)
  region size 4096K, 1 young (4096K), 1 survivors (4096K)
 Metaspace       used 81335K, committed 82560K, reserved 1179648K
  class space    used 8437K, committed 9024K, reserved 1048576K
}

Dll operation events (20 events):
Event: 0.054 Loaded shared library C:\Program Files\Java\jdk-21.0.10\bin\verify.dll
Event: 0.057 Loaded shared library C:\Program Files\Java\jdk-21.0.10\bin\jimage.dll
Event: 0.349 Loaded shared library C:\Program Files\Java\jdk-21.0.10\bin\sunmscapi.dll
Event: 0.505 Loaded shared library C:\Program Files\Java\jdk-21.0.10\bin\awt.dll
Event: 0.738 Loaded shared library C:\Program Files\Java\jdk-21.0.10\bin\freetype.dll
Event: 0.739 Loaded shared library C:\Program Files\Java\jdk-21.0.10\bin\fontmanager.dll
Event: 0.787 Loaded shared library C:\Program Files\Java\jdk-21.0.10\bin\management.dll
Event: 0.790 Loaded shared library C:\Program Files\Java\jdk-21.0.10\bin\management_ext.dll
Event: 0.844 Loaded shared library C:\Program Files\Java\jdk-21.0.10\bin\extnet.dll
Event: 2.520 Loaded shared library C:\Users\tyler\AppData\Local\Temp\jna-110840180\jna5546307747359172479.dll
Event: 4.141 Loaded shared library C:\Program Files\Java\jdk-21.0.10\bin\jsound.dll
Event: 4.934 Loaded shared library C:\Program Files\Java\jdk-21.0.10\bin\javajpeg.dll
Event: 5.252 Loaded shared library C:\Program Files\Java\jdk-21.0.10\bin\mlib_image.dll
Event: 5.416 Loaded shared library C:\Program Files\Java\jdk-21.0.10\bin\rl_gpushared_shim.dll
Event: 6.453 Loaded shared library C:\Users\tyler\AppData\Local\Temp\flatlaf.temp\flatlaf-windows-x86_64-815845051541000.dll
Event: 7.426 Loaded shared library C:\Program Files\Java\jdk-21.0.10\bin\jawt.dll
Event: 7.430 Loaded shared library C:\Users\tyler\AppData\Local\Temp\14251315364363971186rlawt.dll
Event: 8.692 Loaded shared library C:\Users\tyler\AppData\Local\Temp\1632987348444480332rlicn_amd64.dll
Event: 9.013 Loaded shared library C:\Users\tyler\AppData\Local\Temp\lwjgl-rl\3.3.2+13\x64\lwjgl.dll
Event: 9.022 Loaded shared library C:\Users\tyler\AppData\Local\Temp\lwjgl-rl\3.3.2+13\x64\lwjgl_opengl.dll

Deoptimization events (20 events):
Event: 45.490 Thread 0x000001cbd144b530 Uncommon trap: trap_request=0xffffffc6 fr.pc=0x000001cbf50c22fc relative=0x000000000000253c
Event: 45.490 Thread 0x000001cbd144b530 Uncommon trap: reason=bimorphic_or_optimized_type_check action=maybe_recompile pc=0x000001cbf50c22fc method=com.google.common.collect.Iterators$5.computeNext()Ljava/lang/Object; @ 4 c2
Event: 45.490 Thread 0x000001cbd144b530 DEOPT PACKING pc=0x000001cbf50c22fc sp=0x000000a3088fe040
Event: 45.490 Thread 0x000001cbd144b530 DEOPT UNPACKING pc=0x000001cbf47b46a2 sp=0x000000a3088fdf80 mode 2
Event: 45.490 Thread 0x000001cbd144b530 Uncommon trap: trap_request=0xffffffc6 fr.pc=0x000001cbf50c22fc relative=0x000000000000253c
Event: 45.490 Thread 0x000001cbd144b530 Uncommon trap: reason=bimorphic_or_optimized_type_check action=maybe_recompile pc=0x000001cbf50c22fc method=com.google.common.collect.Iterators$5.computeNext()Ljava/lang/Object; @ 4 c2
Event: 45.490 Thread 0x000001cbd144b530 DEOPT PACKING pc=0x000001cbf50c22fc sp=0x000000a3088fe040
Event: 45.490 Thread 0x000001cbd144b530 DEOPT UNPACKING pc=0x000001cbf47b46a2 sp=0x000000a3088fdf80 mode 2
Event: 45.490 Thread 0x000001cbd144b530 Uncommon trap: trap_request=0xffffffc6 fr.pc=0x000001cbf50c22fc relative=0x000000000000253c
Event: 45.490 Thread 0x000001cbd144b530 Uncommon trap: reason=bimorphic_or_optimized_type_check action=maybe_recompile pc=0x000001cbf50c22fc method=com.google.common.collect.Iterators$5.computeNext()Ljava/lang/Object; @ 4 c2
Event: 45.490 Thread 0x000001cbd144b530 DEOPT PACKING pc=0x000001cbf50c22fc sp=0x000000a3088fe040
Event: 45.490 Thread 0x000001cbd144b530 DEOPT UNPACKING pc=0x000001cbf47b46a2 sp=0x000000a3088fdf80 mode 2
Event: 45.490 Thread 0x000001cbd144b530 Uncommon trap: trap_request=0xffffffc6 fr.pc=0x000001cbf50c22fc relative=0x000000000000253c
Event: 45.490 Thread 0x000001cbd144b530 Uncommon trap: reason=bimorphic_or_optimized_type_check action=maybe_recompile pc=0x000001cbf50c22fc method=com.google.common.collect.Iterators$5.computeNext()Ljava/lang/Object; @ 4 c2
Event: 45.490 Thread 0x000001cbd144b530 DEOPT PACKING pc=0x000001cbf50c22fc sp=0x000000a3088fe040
Event: 45.490 Thread 0x000001cbd144b530 DEOPT UNPACKING pc=0x000001cbf47b46a2 sp=0x000000a3088fdf80 mode 2
Event: 45.490 Thread 0x000001cbd144b530 Uncommon trap: trap_request=0xffffffc6 fr.pc=0x000001cbf50d1c88 relative=0x00000000000027a8
Event: 45.490 Thread 0x000001cbd144b530 Uncommon trap: reason=bimorphic_or_optimized_type_check action=maybe_recompile pc=0x000001cbf50d1c88 method=com.google.common.collect.Iterators$5.computeNext()Ljava/lang/Object; @ 4 c2
Event: 45.490 Thread 0x000001cbd144b530 DEOPT PACKING pc=0x000001cbf50d1c88 sp=0x000000a3088fdfe0
Event: 45.490 Thread 0x000001cbd144b530 DEOPT UNPACKING pc=0x000001cbf47b46a2 sp=0x000000a3088fdf80 mode 2

Classes loaded (20 events):
Event: 34.744 Loading class sun/security/ssl/Alert
Event: 34.746 Loading class sun/security/ssl/Alert done
Event: 34.746 Loading class sun/security/ssl/Alert$AlertConsumer
Event: 34.746 Loading class sun/security/ssl/Alert$AlertConsumer done
Event: 34.746 Loading class sun/security/ssl/Alert$Level
Event: 34.746 Loading class sun/security/ssl/Alert$Level done
Event: 37.444 Loading class sun/awt/windows/WComponentPeer$1
Event: 37.444 Loading class sun/awt/windows/WComponentPeer$1 done
Event: 40.448 Loading class sun/font/CMap$CMapFormat12
Event: 40.448 Loading class sun/font/CMap$CMapFormat12 done
Event: 40.475 Loading class java/awt/KeyboardFocusManager$4
Event: 40.475 Loading class java/awt/KeyboardFocusManager$4 done
Event: 40.486 Loading class javax/swing/text/JTextComponent$InputMethodRequestsHandler
Event: 40.486 Loading class javax/swing/text/JTextComponent$InputMethodRequestsHandler done
Event: 43.089 Loading class sun/awt/windows/WInputMethod$1
Event: 43.089 Loading class sun/awt/windows/WInputMethod$1 done
Event: 43.099 Loading class java/awt/font/TextHitInfo
Event: 43.099 Loading class java/awt/font/TextHitInfo done
Event: 45.396 Loading class javax/swing/JToggleButton$1
Event: 45.397 Loading class javax/swing/JToggleButton$1 done

Classes unloaded (0 events):
No events

Classes redefined (0 events):
No events

Internal exceptions (20 events):
Event: 38.039 Thread 0x000001cbd1c0cfd0 Exception <a 'java/lang/NoSuchMethodError'{0x000000061e7799e8}: 'netscape.javascript.JSObject netscape.javascript.JSObject.getWindow(bv)'> (0x000000061e7799e8) 
thrown [s\open\src\hotspot\share\interpreter\linkResolver.cpp, line 773]
Event: 38.059 Thread 0x000001cbd1c0cfd0 Exception <a 'java/lang/NoSuchMethodError'{0x000000061e77bc98}: 'netscape.javascript.JSObject netscape.javascript.JSObject.getWindow(bv)'> (0x000000061e77bc98) 
thrown [s\open\src\hotspot\share\interpreter\linkResolver.cpp, line 773]
Event: 38.120 Thread 0x000001cbd1c0cfd0 Exception <a 'java/lang/NoSuchMethodError'{0x000000061e77edb8}: 'netscape.javascript.JSObject netscape.javascript.JSObject.getWindow(bv)'> (0x000000061e77edb8) 
thrown [s\open\src\hotspot\share\interpreter\linkResolver.cpp, line 773]
Event: 38.139 Thread 0x000001cbd1c0cfd0 Exception <a 'java/lang/NoSuchMethodError'{0x000000061e780e58}: 'netscape.javascript.JSObject netscape.javascript.JSObject.getWindow(bv)'> (0x000000061e780e58) 
thrown [s\open\src\hotspot\share\interpreter\linkResolver.cpp, line 773]
Event: 38.222 Thread 0x000001cbd1c0cfd0 Exception <a 'java/lang/NoSuchMethodError'{0x000000061e783b10}: 'netscape.javascript.JSObject netscape.javascript.JSObject.getWindow(bv)'> (0x000000061e783b10) 
thrown [s\open\src\hotspot\share\interpreter\linkResolver.cpp, line 773]
Event: 38.239 Thread 0x000001cbd1c0cfd0 Exception <a 'java/lang/NoSuchMethodError'{0x000000061e785bb0}: 'netscape.javascript.JSObject netscape.javascript.JSObject.getWindow(bv)'> (0x000000061e785bb0) 
thrown [s\open\src\hotspot\share\interpreter\linkResolver.cpp, line 773]
Event: 38.321 Thread 0x000001cbd1c0cfd0 Exception <a 'java/lang/NoSuchMethodError'{0x000000061e788988}: 'netscape.javascript.JSObject netscape.javascript.JSObject.getWindow(bv)'> (0x000000061e788988) 
thrown [s\open\src\hotspot\share\interpreter\linkResolver.cpp, line 773]
Event: 38.361 Thread 0x000001cbd1c0cfd0 Exception <a 'java/lang/NoSuchMethodError'{0x000000061e78ac38}: 'netscape.javascript.JSObject netscape.javascript.JSObject.getWindow(bv)'> (0x000000061e78ac38) 
thrown [s\open\src\hotspot\share\interpreter\linkResolver.cpp, line 773]
Event: 38.384 Thread 0x000001cbd1c0cfd0 Exception <a 'java/lang/NoSuchMethodError'{0x000000061e78ce68}: 'netscape.javascript.JSObject netscape.javascript.JSObject.getWindow(bv)'> (0x000000061e78ce68) 
thrown [s\open\src\hotspot\share\interpreter\linkResolver.cpp, line 773]
Event: 38.396 Thread 0x000001cbd1c0cfd0 Exception <a 'java/lang/NoSuchMethodError'{0x000000061e78f050}: 'netscape.javascript.JSObject netscape.javascript.JSObject.getWindow(bv)'> (0x000000061e78f050) 
thrown [s\open\src\hotspot\share\interpreter\linkResolver.cpp, line 773]
Event: 38.524 Thread 0x000001cbd1c0cfd0 Exception <a 'java/lang/NoSuchMethodError'{0x000000061d394ae8}: 'netscape.javascript.JSObject netscape.javascript.JSObject.getWindow(bv)'> (0x000000061d394ae8) 
thrown [s\open\src\hotspot\share\interpreter\linkResolver.cpp, line 773]
Event: 38.561 Thread 0x000001cbd1c0cfd0 Exception <a 'java/lang/NoSuchMethodError'{0x000000061d396ea8}: 'netscape.javascript.JSObject netscape.javascript.JSObject.getWindow(bv)'> (0x000000061d396ea8) 
thrown [s\open\src\hotspot\share\interpreter\linkResolver.cpp, line 773]
Event: 38.573 Thread 0x000001cbd1c0cfd0 Exception <a 'java/lang/NoSuchMethodError'{0x000000061d3990a0}: 'netscape.javascript.JSObject netscape.javascript.JSObject.getWindow(bv)'> (0x000000061d3990a0) 
thrown [s\open\src\hotspot\share\interpreter\linkResolver.cpp, line 773]
Event: 38.628 Thread 0x000001cbd1c0cfd0 Exception <a 'java/lang/NoSuchMethodError'{0x000000061d39b270}: 'netscape.javascript.JSObject netscape.javascript.JSObject.getWindow(bv)'> (0x000000061d39b270) 
thrown [s\open\src\hotspot\share\interpreter\linkResolver.cpp, line 773]
Event: 38.683 Thread 0x000001cbd1c0cfd0 Exception <a 'java/lang/NoSuchMethodError'{0x000000061d3a0218}: 'netscape.javascript.JSObject netscape.javascript.JSObject.getWindow(bv)'> (0x000000061d3a0218) 
thrown [s\open\src\hotspot\share\interpreter\linkResolver.cpp, line 773]
Event: 38.760 Thread 0x000001cbd1c0cfd0 Exception <a 'java/lang/NoSuchMethodError'{0x000000061d3a30b8}: 'netscape.javascript.JSObject netscape.javascript.JSObject.getWindow(bv)'> (0x000000061d3a30b8) 
thrown [s\open\src\hotspot\share\interpreter\linkResolver.cpp, line 773]
Event: 39.234 Thread 0x000001cbd1c0cfd0 Exception <a 'java/lang/NoSuchMethodError'{0x000000061d3ab740}: 'netscape.javascript.JSObject netscape.javascript.JSObject.getWindow(bv)'> (0x000000061d3ab740) 
thrown [s\open\src\hotspot\share\interpreter\linkResolver.cpp, line 773]
Event: 39.320 Thread 0x000001cbd1c0cfd0 Exception <a 'java/lang/NoSuchMethodError'{0x000000061d3adb28}: 'netscape.javascript.JSObject netscape.javascript.JSObject.getWindow(bv)'> (0x000000061d3adb28) 
thrown [s\open\src\hotspot\share\interpreter\linkResolver.cpp, line 773]
Event: 39.334 Thread 0x000001cbd1c0cfd0 Exception <a 'java/lang/NoSuchMethodError'{0x000000061d3afbe0}: 'netscape.javascript.JSObject netscape.javascript.JSObject.getWindow(bv)'> (0x000000061d3afbe0) 
thrown [s\open\src\hotspot\share\interpreter\linkResolver.cpp, line 773]
Event: 39.342 Thread 0x000001cbd1c0cfd0 Exception <a 'java/lang/NoSuchMethodError'{0x000000061b7cb7d8}: 'netscape.javascript.JSObject netscape.javascript.JSObject.getWindow(bv)'> (0x000000061b7cb7d8) 
thrown [s\open\src\hotspot\share\interpreter\linkResolver.cpp, line 773]

ZGC Phase Switch (0 events):
No events

VM Operations (20 events):
Event: 35.112 Executing VM operation: Cleanup
Event: 35.112 Executing VM operation: Cleanup done
Event: 36.113 Executing VM operation: Cleanup
Event: 36.113 Executing VM operation: Cleanup done
Event: 37.113 Executing VM operation: Cleanup
Event: 37.113 Executing VM operation: Cleanup done
Event: 38.113 Executing VM operation: Cleanup
Event: 38.113 Executing VM operation: Cleanup done
Event: 39.113 Executing VM operation: Cleanup
Event: 39.113 Executing VM operation: Cleanup done
Event: 40.114 Executing VM operation: Cleanup
Event: 40.114 Executing VM operation: Cleanup done
Event: 41.114 Executing VM operation: Cleanup
Event: 41.114 Executing VM operation: Cleanup done
Event: 42.114 Executing VM operation: Cleanup
Event: 42.115 Executing VM operation: Cleanup done
Event: 43.115 Executing VM operation: Cleanup
Event: 43.115 Executing VM operation: Cleanup done
Event: 45.115 Executing VM operation: Cleanup
Event: 45.115 Executing VM operation: Cleanup done

Events (20 events):
Event: 32.744 Thread 0x000001cbd400d9d0 Thread exited: 0x000001cbd400d9d0
Event: 32.749 Thread 0x000001cbd400d300 Thread exited: 0x000001cbd400d300
Event: 33.995 Thread 0x000001cbd1c0a1e0 Thread exited: 0x000001cbd1c0a1e0
Event: 36.070 Thread 0x000001cbd400cc30 Thread exited: 0x000001cbd400cc30
Event: 37.254 Thread 0x000001cbe27b9250 Thread exited: 0x000001cbe27b9250
Event: 37.673 Thread 0x000001cbd400e0a0 Thread added: 0x000001cbd400e0a0
Event: 37.917 Thread 0x000001cbd400b0f0 Thread added: 0x000001cbd400b0f0
Event: 38.522 Thread 0x000001cbd400b0f0 Thread exited: 0x000001cbd400b0f0
Event: 39.748 Thread 0x000001cbd416dd60 Thread exited: 0x000001cbd416dd60
Event: 40.479 Thread 0x000001cbd400e770 Thread added: 0x000001cbd400e770
Event: 40.481 Thread 0x000001cbd400b0f0 Thread added: 0x000001cbd400b0f0
Event: 40.483 Thread 0x000001cbd400ee40 Thread added: 0x000001cbd400ee40
Event: 40.743 Thread 0x000001cbd400b0f0 Thread exited: 0x000001cbd400b0f0
Event: 40.743 Thread 0x000001cbd400e770 Thread exited: 0x000001cbd400e770
Event: 40.846 Thread 0x000001cbd400e770 Thread added: 0x000001cbd400e770
Event: 41.102 Thread 0x000001cbd400e770 Thread exited: 0x000001cbd400e770
Event: 42.992 Thread 0x000001cbd400ee40 Thread exited: 0x000001cbd400ee40
Event: 42.992 Thread 0x000001cbd400e0a0 Thread exited: 0x000001cbd400e0a0
Event: 45.490 Thread 0x000001cbd400b0f0 Thread added: 0x000001cbd400b0f0
Event: 45.490 Thread 0x000001cbd400e770 Thread added: 0x000001cbd400e770


Dynamic libraries:
0x00007ff6b6da0000 - 0x00007ff6b6db0000 	C:\Program Files\Java\jdk-21.0.10\bin\java.exe
0x00007fffca0e0000 - 0x00007fffca347000 	C:\WINDOWS\SYSTEM32\ntdll.dll
0x00007fffc8650000 - 0x00007fffc8719000 	C:\WINDOWS\System32\KERNEL32.DLL
0x00007fffc6d70000 - 0x00007fffc7161000 	C:\WINDOWS\System32\KERNELBASE.dll
0x00007fffc7220000 - 0x00007fffc736b000 	C:\WINDOWS\System32\ucrtbase.dll
0x00007fffa9a70000 - 0x00007fffa9a89000 	C:\Program Files\Java\jdk-21.0.10\bin\jli.dll
0x00007fffa8930000 - 0x00007fffa894e000 	C:\Program Files\Java\jdk-21.0.10\bin\VCRUNTIME140.dll
0x00007fffc7e80000 - 0x00007fffc7f3b000 	C:\WINDOWS\System32\ADVAPI32.dll
0x00007fffc9bc0000 - 0x00007fffc9c69000 	C:\WINDOWS\System32\msvcrt.dll
0x00007fffc8d60000 - 0x00007fffc8e07000 	C:\WINDOWS\System32\sechost.dll
0x00007fffc8760000 - 0x00007fffc8878000 	C:\WINDOWS\System32\RPCRT4.dll
0x00007fffc8b40000 - 0x00007fffc8d05000 	C:\WINDOWS\System32\USER32.dll
0x00007fffc7370000 - 0x00007fffc7397000 	C:\WINDOWS\System32\win32u.dll
0x00007fffa4b30000 - 0x00007fffa4dc3000 	C:\WINDOWS\WinSxS\amd64_microsoft.windows.common-controls_6595b64144ccf1df_6.0.26100.8037_none_3e092faae333b53b\COMCTL32.dll
0x00007fffc8530000 - 0x00007fffc855b000 	C:\WINDOWS\System32\GDI32.dll
0x00007fffc7ca0000 - 0x00007fffc7dcb000 	C:\WINDOWS\System32\gdi32full.dll
0x00007fffc7170000 - 0x00007fffc7213000 	C:\WINDOWS\System32\msvcp_win.dll
0x00007fffbf280000 - 0x00007fffbf28b000 	C:\WINDOWS\SYSTEM32\VERSION.dll
0x00007fffc8600000 - 0x00007fffc8631000 	C:\WINDOWS\System32\IMM32.DLL
0x00007fffc3bf0000 - 0x00007fffc3bfc000 	C:\Program Files\Java\jdk-21.0.10\bin\vcruntime140_1.dll
0x00007fffa2640000 - 0x00007fffa26cd000 	C:\Program Files\Java\jdk-21.0.10\bin\msvcp140.dll
0x00007fff4ae40000 - 0x00007fff4bb67000 	C:\Program Files\Java\jdk-21.0.10\bin\server\jvm.dll
0x00007fffc80b0000 - 0x00007fffc8124000 	C:\WINDOWS\System32\WS2_32.dll
0x00007fffc6820000 - 0x00007fffc687e000 	C:\WINDOWS\SYSTEM32\POWRPROF.dll
0x00007fffb6f30000 - 0x00007fffb6f65000 	C:\WINDOWS\SYSTEM32\WINMM.dll
0x00007fffc6800000 - 0x00007fffc6814000 	C:\WINDOWS\SYSTEM32\UMPDC.dll
0x00007fffc56e0000 - 0x00007fffc56fb000 	C:\WINDOWS\SYSTEM32\kernel.appcore.dll
0x00007fffc3680000 - 0x00007fffc368a000 	C:\Program Files\Java\jdk-21.0.10\bin\jimage.dll
0x00007fffc4910000 - 0x00007fffc4b52000 	C:\WINDOWS\SYSTEM32\DBGHELP.DLL
0x00007fffc8130000 - 0x00007fffc84b2000 	C:\WINDOWS\System32\combase.dll
0x00007fffc8a60000 - 0x00007fffc8b37000 	C:\WINDOWS\System32\OLEAUT32.dll
0x00007fff94b60000 - 0x00007fff94b9b000 	C:\WINDOWS\SYSTEM32\dbgcore.DLL
0x00007fffc7dd0000 - 0x00007fffc7e75000 	C:\WINDOWS\System32\bcryptPrimitives.dll
0x00007fffa39b0000 - 0x00007fffa39d1000 	C:\Program Files\Java\jdk-21.0.10\bin\java.dll
0x00007fffc9450000 - 0x00007fffc9baf000 	C:\WINDOWS\System32\SHELL32.dll
0x00007fffc6b40000 - 0x00007fffc6caa000 	C:\WINDOWS\System32\wintypes.dll
0x00007fffc7430000 - 0x00007fffc7c94000 	C:\WINDOWS\System32\windows.storage.dll
0x00007fffc9fa0000 - 0x00007fffca097000 	C:\WINDOWS\System32\SHCORE.dll
0x00007fffc84c0000 - 0x00007fffc8527000 	C:\WINDOWS\System32\shlwapi.dll
0x00007fffc68e0000 - 0x00007fffc6909000 	C:\WINDOWS\SYSTEM32\profapi.dll
0x00007fff8a040000 - 0x00007fff8a117000 	C:\Program Files\Java\jdk-21.0.10\bin\jsvml.dll
0x00007fffa2620000 - 0x00007fffa2631000 	C:\Program Files\Java\jdk-21.0.10\bin\net.dll
0x00007fffc0600000 - 0x00007fffc0727000 	C:\WINDOWS\SYSTEM32\WINHTTP.dll
0x00007fffc5c30000 - 0x00007fffc5c9b000 	C:\WINDOWS\system32\mswsock.dll
0x00007fffa2600000 - 0x00007fffa2616000 	C:\Program Files\Java\jdk-21.0.10\bin\nio.dll
0x00007fffa3990000 - 0x00007fffa39a8000 	C:\Program Files\Java\jdk-21.0.10\bin\zip.dll
0x00007fffa87e0000 - 0x00007fffa87f0000 	C:\Program Files\Java\jdk-21.0.10\bin\verify.dll
0x00007fffa2b30000 - 0x00007fffa2b3e000 	C:\Program Files\Java\jdk-21.0.10\bin\sunmscapi.dll
0x00007fffc69c0000 - 0x00007fffc6b37000 	C:\WINDOWS\System32\CRYPT32.dll
0x00007fffc61c0000 - 0x00007fffc61f0000 	C:\WINDOWS\SYSTEM32\ncrypt.dll
0x00007fffc6170000 - 0x00007fffc61af000 	C:\WINDOWS\SYSTEM32\NTASN1.dll
0x00007fffc6090000 - 0x00007fffc60a3000 	C:\WINDOWS\SYSTEM32\MSASN1.dll
0x00007fffc6030000 - 0x00007fffc604b000 	C:\WINDOWS\SYSTEM32\CRYPTSP.dll
0x00007fffc5640000 - 0x00007fffc5679000 	C:\WINDOWS\system32\rsaenh.dll
0x00007fffc5e90000 - 0x00007fffc5e9c000 	C:\WINDOWS\SYSTEM32\CRYPTBASE.dll
0x00007fffc68b0000 - 0x00007fffc68da000 	C:\WINDOWS\SYSTEM32\bcrypt.dll
0x00007fffc5ca0000 - 0x00007fffc5cd0000 	C:\WINDOWS\SYSTEM32\gpapi.dll
0x00007fffc5ce0000 - 0x00007fffc5d12000 	C:\WINDOWS\SYSTEM32\USERENV.dll
0x00007fffc4ff0000 - 0x00007fffc5023000 	C:\WINDOWS\SYSTEM32\IPHLPAPI.DLL
0x00007fffc80a0000 - 0x00007fffc80aa000 	C:\WINDOWS\System32\NSI.dll
0x00007ffe9e910000 - 0x00007ffe9eaa4000 	C:\Program Files\Java\jdk-21.0.10\bin\awt.dll
0x00007fffc3e70000 - 0x00007fffc3f0f000 	C:\WINDOWS\SYSTEM32\apphelp.dll
0x00007fffc4080000 - 0x00007fffc412a000 	C:\WINDOWS\system32\uxtheme.dll
0x00007fffc7f40000 - 0x00007fffc809d000 	C:\WINDOWS\System32\MSCTF.dll
0x00007fffc9c70000 - 0x00007fffc9e05000 	C:\WINDOWS\System32\ole32.dll
0x00007fffc4360000 - 0x00007fffc438e000 	C:\WINDOWS\system32\DWMAPI.DLL
0x00007fff1bc10000 - 0x00007fff1bd1e000 	C:\WINDOWS\system32\opengl32.dll
0x00007fff1bbe0000 - 0x00007fff1bc0d000 	C:\WINDOWS\SYSTEM32\GLU32.dll
0x00007fffc4180000 - 0x00007fffc41c3000 	C:\WINDOWS\SYSTEM32\dxcore.dll
0x00007fff4e1e0000 - 0x00007fff4e392000 	C:\WINDOWS\system32\d3d9.dll
0x00007fffbf2b0000 - 0x00007fffbf374000 	C:\WINDOWS\System32\DriverStore\FileRepository\nv_dispi.inf_amd64_021cb587ccc8964f\nvldumdx.dll
0x00007fffbf010000 - 0x00007fffbf04b000 	C:\WINDOWS\SYSTEM32\cryptnet.dll
0x00007fffc5f30000 - 0x00007fffc5f98000 	C:\WINDOWS\SYSTEM32\wldp.dll
0x00007fffbee90000 - 0x00007fffbf008000 	C:\WINDOWS\SYSTEM32\drvstore.dll
0x00007fffc6500000 - 0x00007fffc652d000 	C:\WINDOWS\SYSTEM32\devobj.dll
0x00007fffc6530000 - 0x00007fffc6587000 	C:\WINDOWS\SYSTEM32\cfgmgr32.dll
0x00007fffc73a0000 - 0x00007fffc7421000 	C:\WINDOWS\System32\wintrust.dll
0x00007fffc8730000 - 0x00007fffc8750000 	C:\WINDOWS\System32\imagehlp.dll
0x00007fffb8dc0000 - 0x00007fffbdd17000 	C:\WINDOWS\System32\DriverStore\FileRepository\nv_dispi.inf_amd64_021cb587ccc8964f\nvgpucomp64.dll
0x00007fffb6f70000 - 0x00007fffb70ab000 	C:\WINDOWS\System32\DriverStore\FileRepository\nv_dispi.inf_amd64_021cb587ccc8964f\NvMemMapStoragex.dll
0x00007ffe61c70000 - 0x00007ffe643a6000 	C:\WINDOWS\System32\DriverStore\FileRepository\nv_dispi.inf_amd64_021cb587ccc8964f\nvd3dumx.dll
0x00007fffc03f0000 - 0x00007fffc0450000 	C:\WINDOWS\SYSTEM32\directxdatabasehelper.dll
0x00007fff91260000 - 0x00007fff913a7000 	C:\WINDOWS\system32\nvspcap64.dll
0x00007fffc5800000 - 0x00007fffc5836000 	C:\WINDOWS\SYSTEM32\ntmarta.dll
0x00007fff8fdc0000 - 0x00007fff904e5000 	C:\WINDOWS\System32\DriverStore\FileRepository\nv_dispi.inf_amd64_021cb587ccc8964f\nvppex.dll
0x00007fff75150000 - 0x00007fff751d7000 	C:\Program Files\Java\jdk-21.0.10\bin\freetype.dll
0x00007ffea49e0000 - 0x00007ffea4ad1000 	C:\Program Files\Java\jdk-21.0.10\bin\fontmanager.dll
0x00007fff9a930000 - 0x00007fff9aa78000 	C:\WINDOWS\SYSTEM32\textinputframework.dll
0x00007fffa86a0000 - 0x00007fffa86aa000 	C:\Program Files\Java\jdk-21.0.10\bin\management.dll
0x00007fffa3980000 - 0x00007fffa398c000 	C:\Program Files\Java\jdk-21.0.10\bin\management_ext.dll
0x00007fffc9f90000 - 0x00007fffc9f98000 	C:\WINDOWS\System32\PSAPI.DLL
0x00007fffc5110000 - 0x00007fffc523a000 	C:\WINDOWS\SYSTEM32\DNSAPI.dll
0x00007fffc07c0000 - 0x00007fffc07cb000 	C:\Windows\System32\rasadhlp.dll
0x00007fffbf740000 - 0x00007fffbf7c6000 	C:\WINDOWS\System32\fwpuclnt.dll
0x00007fffa30b0000 - 0x00007fffa30b9000 	C:\Program Files\Java\jdk-21.0.10\bin\extnet.dll
0x00007fff89b20000 - 0x00007fff89b64000 	C:\Users\tyler\AppData\Local\Temp\jna-110840180\jna5546307747359172479.dll
0x00007ffeaf220000 - 0x00007ffeaf2bc000 	C:\Users\tyler\AppData\Local\Temp\jna-110840180\jna15109779446828799986.dll
0x00007fff89c50000 - 0x00007fff89c62000 	C:\Program Files\Java\jdk-21.0.10\bin\jsound.dll
0x00007fff00d10000 - 0x00007fff00da4000 	C:\WINDOWS\SYSTEM32\DSOUND.dll
0x00007fff00c50000 - 0x00007fff00d01000 	C:\WINDOWS\SYSTEM32\ResampleDmo.DLL
0x00007fff00db0000 - 0x00007fff00de7000 	C:\WINDOWS\SYSTEM32\winmmbase.dll
0x00007fff8c780000 - 0x00007fff8c78e000 	C:\WINDOWS\SYSTEM32\msdmo.dll
0x00007fffc8f00000 - 0x00007fffc8fae000 	C:\WINDOWS\System32\clbcatq.dll
0x00007fffbf610000 - 0x00007fffbf6a8000 	C:\WINDOWS\System32\MMDevApi.dll
0x00007fffacf20000 - 0x00007fffacf67000 	C:\WINDOWS\SYSTEM32\wdmaud.drv
0x00007fffc3690000 - 0x00007fffc36b3000 	C:\WINDOWS\SYSTEM32\wdmaud2.drv
0x00007fffbfe20000 - 0x00007fffbfe2b000 	C:\WINDOWS\SYSTEM32\AVRT.dll
0x00007fffb0f10000 - 0x00007fffb10c2000 	C:\WINDOWS\SYSTEM32\AUDIOSES.DLL
0x00007fffc3d60000 - 0x00007fffc3d6f000 	C:\WINDOWS\SYSTEM32\msacm32.drv
0x00007fffa8700000 - 0x00007fffa8721000 	C:\WINDOWS\SYSTEM32\MSACM32.dll
0x00007fffc3790000 - 0x00007fffc379c000 	C:\WINDOWS\SYSTEM32\midimap.dll
0x00007fffc47a0000 - 0x00007fffc47b4000 	C:\WINDOWS\SYSTEM32\resourcepolicyclient.dll
0x00007fff9d1e0000 - 0x00007fff9d336000 	C:\Windows\System32\Windows.UI.dll
0x00007fff752c0000 - 0x00007fff752f0000 	C:\Program Files\Java\jdk-21.0.10\bin\javajpeg.dll
0x00007ffe9fb30000 - 0x00007ffe9fbb1000 	C:\Program Files\Java\jdk-21.0.10\bin\mlib_image.dll
0x00007fff89c40000 - 0x00007fff89c48000 	C:\Program Files\Java\jdk-21.0.10\bin\rl_gpushared_shim.dll
0x00007fff89c30000 - 0x00007fff89c36000 	C:\Users\tyler\AppData\Local\Temp\flatlaf.temp\flatlaf-windows-x86_64-815845051541000.dll
0x00007fff89b10000 - 0x00007fff89b17000 	C:\Program Files\Java\jdk-21.0.10\bin\jawt.dll
0x00007fff75120000 - 0x00007fff75147000 	C:\Users\tyler\AppData\Local\Temp\14251315364363971186rlawt.dll
0x00007fffc4030000 - 0x00007fffc403e000 	C:\WINDOWS\SYSTEM32\WINNSI.DLL
0x00007fff750f0000 - 0x00007fff75117000 	C:\Users\tyler\AppData\Local\Temp\1632987348444480332rlicn_amd64.dll
0x00007fffc1710000 - 0x00007fffc193d000 	C:\WINDOWS\SYSTEM32\WindowsCodecs.dll
0x00007fff85150000 - 0x00007fff851aa000 	C:\WINDOWS\system32\dataexchange.dll
0x00007fffb7aa0000 - 0x00007fffb7ce4000 	C:\WINDOWS\system32\twinapi.appcore.dll
0x00007fffaf3e0000 - 0x00007fffaf3fa000 	C:\WINDOWS\SYSTEM32\windows.staterepositorycore.dll
0x00007ffefa030000 - 0x00007ffefccdf000 	C:\WINDOWS\System32\DriverStore\FileRepository\nv_dispi.inf_amd64_021cb587ccc8964f\nvoglv64.dll
0x00007fffc8fc0000 - 0x00007fffc9447000 	C:\WINDOWS\System32\SETUPAPI.dll
0x00007fffc3f30000 - 0x00007fffc3f59000 	C:\WINDOWS\SYSTEM32\WTSAPI32.dll

dbghelp: loaded successfully - version: 4.0.5 - missing functions: none
symbol engine: initialized successfully - sym options: 0x614 - pdb path: .;C:\Program Files\Java\jdk-21.0.10\bin;C:\WINDOWS\SYSTEM32;C:\WINDOWS\WinSxS\amd64_microsoft.windows.common-controls_6595b64144ccf1df_6.0.26100.8037_none_3e092faae333b53b;C:\Program Files\Java\jdk-21.0.10\bin\server;C:\WINDOWS\System32\DriverStore\FileRepository\nv_dispi.inf_amd64_021cb587ccc8964f;C:\Users\tyler\AppData\Local\Temp\jna-110840180;C:\Users\tyler\AppData\Local\Temp\flatlaf.temp;C:\Users\tyler\AppData\Local\Temp;C:\Users\tyler\AppData\Local\Temp\lwjgl-rl\3.3.2+13\x64

VM Arguments:
jvm_args: -Dfile.encoding=UTF-8 -Duser.country=US -Duser.language=en -Duser.variant 
java_command: net.runelite.client.RuneLite
java_class_path (initial): C:\Users\tyler\Documents\code\UnrealRS2\rl-gpushared-shim\runelite-master\runelite-client\build\classes\java\main;C:\Users\tyler\Documents\code\UnrealRS2\rl-gpushared-shim\runelite-master\runelite-client\build\resources\main;C:\Users\tyler\Documents\code\UnrealRS2\rl-gpushared-shim\runelite-master\runelite-api\build\libs\runelite-api-1.12.20.jar;C:\Users\tyler\.gradle\caches\modules-2\files-2.1\net.runelite.arn\http-api\1.2.22\4c8a190097c0a98ffed6fcf89728c834f57fc05a\http-api-1.2.22.jar;C:\Users\tyler\.gradle\caches\modules-2\files-2.1\net.runelite\discord\1.4\5e3d040c8c8922d3e8cb900f532d7c08a748d687\discord-1.4.jar;C:\Users\tyler\.gradle\caches\modules-2\files-2.1\net.runelite\rlawt\1.8\f16657784ff32b98e108385bcf4ecfcf7185d67\rlawt-1.8.jar;C:\Users\tyler\Documents\code\UnrealRS2\rl-gpushared-shim\runelite-master\runelite-jshell\build\libs\jshell-1.12.20.jar;C:\Users\tyler\.gradle\caches\modules-2\files-2.1\org.slf4j\slf4j-api\1.7.25\da76ca59f6a57ee3102f8f9bd9cee742973efa8a\slf4j-api-1.7.25.jar;C:\Users\tyler\.gradle\caches\modules-2\files-2.1\ch.qos.logback\logback-classic\1.2.9\7d495522b08a9a66084bf417e70eedf95ef706bc\logback-classic-1.2.9.jar;C:\Users\tyler\.gradle\caches\modules-2\files-2.1\net.sf.jopt-simple\jopt-simple\5.0.1\20f7d76f9d06033d68f1b8e58666e7c542e91f08\jopt-simple-5.0.1.jar;C:\Users\tyler\.gradle\caches\modules-2\files-2.1\com.google.guava\guava\23.2-jre\a1a3e54263d357d2ecadcb3f5e7eb6464c66fe93\guava-23.2-jre.jar;C:\Users\tyler\.gradle\caches\modules-2\files-2.1\com.google.inject\guice\4.1.0\faf9ee8ac09eafd1128091426dd367a8c0085d55\guice-4.1.0-no_aop.jar;C:\Users\tyler\.gradle\caches\modules-2\files-2.1\com.google.code.gson\gson\2.8.5\f645ed69d595b24d4cf8b3fbb64cc505bede8829\gson-2.8.5.jar;C:\Users\tyler\.gradle\caches\modules-2\files-2.1\net.runelite\flatlaf-extras\3.2.5-rl4\1112b8c52e3c113b60747ed83d6ab9cbdb84f0\flatlaf-extras-3.2.5-rl4.jar;C:\Users\tyler\.gradle\caches\modules-2\files-2.1\net.runelite\flatlaf\3.2.5-rl4\b1fe47f883df98b5e948212089105ccb011a6ecb\flatlaf-3.2.5-rl4.jar;C:\Users\tyler\.gradle\caches\modules-2\files-2.1\org.apache.commons\commons-text\1.2\74acdec7237f576c4803fff0c1008ab8a3808b2b\commons-text-1.2.jar;C:\Users\tyler\.gradle\caches\modules-2\files-2.1\net.java.dev.jna\jna-platform\5.9.0\c535a5bda553d7d7690356c825010da74b2671b5\jna-platform-5.9.0.jar;C:\Users\tyler\.gradle\caches\modules-2\files-2.1\net.java.dev.jna\jna\5.9.0\8f503e6d9b500ceff299052d6be75b38c7257758\jna-5.9.0.jar;C:\Users\tyler\.gradle\caches\modules-2\files-2.1\com.google.code.findbugs\jsr305\3.0.2\25ea2e8b0c338a877313bd4672d3fe056ea78f0d\jsr305-3.0.2.jar;C:\Users\tyler\.gradle\caches\modules-2\files-2.1\com.google.protobuf\protobuf-javalite\3.21.12\e450dd89f2b4f79af08a9cb8ccbe62b25b1e7be8\protobuf-javalite-3.21.12.jar;C:\Users\tyler\.gradle\caches\modules-2\files-2.1\org.lwjgl\lwjgl-opengl\3.3.2\ee8e95be0b438602038bc1f02dc5e3d011b1b216\lwjgl-opengl-3.3.2.jar;C:\Users\tyler\.gradle\caches\modules-2\files-2.1\org.lwjgl\lwjgl-opengl\3.3.2\b8368430ef0d91a5acbc6fbfa47b20c3ec083aec\lwjgl-opengl-3.3.2-natives-linux.jar;C:\Users\tyler\.gradle\caches\modules-2\files-2.1\org.lwjgl\lwjgl-opengl\3.3.2\bb9eb56da6d1d549d6a767218e675e36bc568eb9\lwjgl-opengl-3.3.2-natives-linux-arm64.jar;C:\Users\tyler\.gradle\caches\modules-2\files-2.1\org.lwjgl\lwjgl-opengl\3.3.2\5141389ca737369f317b1288a570534c40db9cf\lwjgl-opengl-3.3.2-natives-macos.jar;C:\Users\tyler\.gradle\caches\modules-2\files-2.1\org.lwjgl\lwjgl-opengl\3.3.2\baadfd67936dcd7e0334dd3a9cf8dd13a0bcb009\lwjgl-opengl-3.3.2-natives-macos-arm64.jar;C:\Users\tyler\.gradle\caches\modules-2\files-2.1\org.lwjgl\lwjgl-opengl\3.3.2\22fa4149159154b24f6c1bd46a342d4958a9fba1\lwjgl-opengl-3.3.2-natives-windows-x86.jar;C:\Users\tyler\.gradle\caches\modules-2\files-2.1\org.lwjgl\lwjgl-opengl\3.3.2\83cd34469d4e0bc335bf74c7f62206530a9480bf\lwjgl-opengl-3.3.2-natives-windows.jar;C:\Users\tyler\.gradle\caches\modules-2\files-2.1\org.lwjgl\lwjgl-opengl\3.3.2\21df035bf03dbf5001f92291b24dc951da513481\lwjgl-opengl-3.3.2-natives-windows-arm64.jar;C:\Users\tyler\.gradle\caches\modules-2\files-2.1\org.lwjgl\lwjgl-opencl\3.3.2\25cefb263d7da6d3328aab9db41b6d1ea256a134\lwjgl-opencl-3.3.2.jar;C:\Users\tyler\.gradle\caches\modules-2\files-2.1\org.lwjgl\lwjgl\3.3.2\4421d94af68e35dcaa31737a6fc59136a1e61b94\lwjgl-3.3.2.jar;C:\Users\tyler\.gradle\caches\modules-2\files-2.1\org.lwjgl\lwjgl\3.3.2\767684973f259d97e7dc66a125eb153986f177e7\lwjgl-3.3.2-natives-linux.jar;C:\Users\tyler\.gradle\caches\modules-2\files-2.1\org.lwjgl\lwjgl\3.3.2\8bd89332c90a90e6bc4aa997a25c05b7db02c90a\lwjgl-3.3.2-natives-linux-arm64.jar;C:\Users\tyler\.gradle\caches\modules-2\files-2.1\org.lwjgl\lwjgl\3.3.2\3256dce7fa36d6b572afa5e5730f532cf987f3bf\lwjgl-3.3.2-natives-macos.jar;C:\Users\tyler\.gradle\caches\modules-2\files-2.1\org.lwjgl\lwjgl\3.3.2\319eea74a8829ce92fd54ce7c684b6b6557c05bb\lwjgl-3.3.2-natives-macos-arm64.jar;C:\Users\tyler\.gradle\caches\modules-2\files-2.1\org.lwjgl\lwjgl\3.3.2\ed495259b2c8f068794da0ffedfa7ae7c130b3c5\lwjgl-3.3.2-natives-windows-x86.jar;C:\Users\tyler\.gradle\caches\modules-2\files-2.1\org.lwjgl\lwjgl\3.3.2\a55169ced70ffcd15f2162daf4a9c968578f6cd5\lwjgl-3.3.2-natives-windows.jar;C:\Users\tyler\.gradle\caches\modules-2\files-2.1\org.lwjgl\lwjgl\3.3.2\d900e4678449ba97ff46fa64b22e0376bf8cd00e\lwjgl-3.3.2-natives-windows-arm64.jar;C:\Users\tyler\.gradle\caches\modules-2\files-2.1\net.runelite\injected-client\1.12.20\ee64fe98402dab52ec4f9b8f425404533e183495\injected-client-1.12.20.jar;C:\Users\tyler\.gradle\caches\modules-2\files-2.1\com.squareup.okhttp3\okhttp\3.14.9\3e6d101343c7ea687cd593e4990f73b25c878383\okhttp-3.14.9.jar;C:\Users\tyler\.gradle\caches\modules-2\files-2.1\ch.qos.logback\logback-core\1.2.9\cdaca0cf922c5791a8efa0063ec714ca974affe3\logback-core-1.2.9.jar;C:\Users\tyler\.gradle\caches\modules-2\files-2.1\javax.inject\javax.inject\1\6975da39a7040257bd51d21a231b76c915872d38\javax.inject-1.jar;C:\Users\tyler\.gradle\caches\modules-2\files-2.1\aopalliance\aopalliance\1.0\235ba8b489512805ac13a8f9ea77a1ca5ebe3e8\aopalliance-1.0.jar;C:\Users\tyler\.gradle\caches\modules-2\files-2.1\org.apache.commons\commons-lang3\3.7\557edd918fd41f9260963583ebf5a61a43a6b423\commons-lang3-3.7.jar;C:\Users\tyler\.gradle\caches\modules-2\files-2.1\com.fifesoft\autocomplete\3.1.1\462acc825af76747e8a90642d23150024cb9fd87\autocomplete-3.1.1.jar;C:\Users\tyler\.gradle\caches\modules-2\files-2.1\com.fifesoft\rsyntaxtextarea\3.1.2\d7b4588faf4e7abf5455b0b40e71a5a20249ac73\rsyntaxtextarea-3.1.2.jar;C:\Users\tyler\.gradle\caches\modules-2\files-2.1\com.github.weisj\jsvg\1.2.0\7a1dfd541dc48ca58e706c356d1604971f58db25\jsvg-1.2.0.jar;C:\Users\tyler\.gradle\caches\modules-2\files-2.1\net.runelite\rlicn\1.1\37e791f652c9f0c3390e0eca1c92215b66b4a42\rlicn-1.1-windows.jar;C:\Users\tyler\.gradle\caches\modules-2\files-2.1\org.json\json\20090211\c183aa3a2a6250293808bba12262c8920ce5a51c\json-20090211.jar;C:\Users\tyler\.gradle\caches\modules-2\files-2.1\com.squareup.okio\okio\1.17.2\78c7820b205002da4d2d137f6f312bd64b3d6049\okio-1.17.2.jar
Launcher Type: SUN_STANDARD

[Global flags]
     intx CICompilerCount                          = 12                                        {product} {ergonomic}
     uint ConcGCThreads                            = 5                                         {product} {ergonomic}
     uint G1ConcRefinementThreads                  = 18                                        {product} {ergonomic}
   size_t G1HeapRegionSize                         = 4194304                                   {product} {ergonomic}
    uintx GCDrainStackTargetSize                   = 64                                        {product} {ergonomic}
   size_t InitialHeapSize                          = 536870912                                 {product} {ergonomic}
   size_t MarkStackSize                            = 4194304                                   {product} {ergonomic}
   size_t MaxHeapSize                              = 8531214336                                {product} {ergonomic}
   size_t MaxNewSize                               = 5117050880                                {product} {ergonomic}
   size_t MinHeapDeltaBytes                        = 4194304                                   {product} {ergonomic}
   size_t MinHeapSize                              = 8388608                                   {product} {ergonomic}
    uintx NonNMethodCodeHeapSize                   = 7602480                                {pd product} {ergonomic}
    uintx NonProfiledCodeHeapSize                  = 122027880                              {pd product} {ergonomic}
    uintx ProfiledCodeHeapSize                     = 122027880                              {pd product} {ergonomic}
    uintx ReservedCodeCacheSize                    = 251658240                              {pd product} {ergonomic}
     bool SegmentedCodeCache                       = true                                      {product} {ergonomic}
   size_t SoftMaxHeapSize                          = 8531214336                             {manageable} {ergonomic}
     bool UseCompressedOops                        = true                           {product lp64_product} {ergonomic}
     bool UseG1GC                                  = true                                      {product} {ergonomic}
     bool UseLargePagesIndividualAllocation        = false                                  {pd product} {ergonomic}

Logging:
Log output configuration:
 #0: stdout all=warning uptime,level,tags foldmultilines=false
 #1: stderr all=off uptime,level,tags foldmultilines=false

Environment Variables:
PATH=C:\Program Files\Common Files\Oracle\Java\javapath;C:\Python314\Scripts\;C:\Python314\;C:\WINDOWS\system32;C:\WINDOWS;C:\WINDOWS\System32\Wbem;C:\WINDOWS\System32\WindowsPowerShell\v1.0\;C:\WINDOWS\System32\OpenSSH\;C:\Program Files\Sunshine;C:\Program Files\Sunshine\tools;C:\Program Files\NVIDIA Corporation\NVIDIA App\NvDLISR;C:\Program Files (x86)\NVIDIA Corporation\PhysX\Common;C:\Program Files\dotnet\;C:\Program Files\Git\cmd;C:\Program Files\nodejs\;C:\ProgramData\chocolatey\bin;C:\Program Files\VSCodium\bin;C:\Users\tyler\AppData\Local\Microsoft\WindowsApps;C:\Users\tyler\AppData\Local\PowerToys\DSCModules\;C:\Users\tyler\AppData\Roaming\npm;C:\Users\tyler\AppData\Local\JetBrains\Toolbox\scripts;C:\Users\tyler\AppData\Local\gitkraken\bin;C:\Users\tyler\.bun\bin;C:\Users\tyler\.local\bin;
USERNAME=tyler
OS=Windows_NT
PROCESSOR_IDENTIFIER=Intel64 Family 6 Model 151 Stepping 2, GenuineIntel
TMP=C:\Users\tyler\AppData\Local\Temp
TEMP=C:\Users\tyler\AppData\Local\Temp




Periodic native trim disabled

---------------  S Y S T E M  ---------------

OS:
 Windows 11 , 64 bit Build 26100 (10.0.26100.7920)
OS uptime: 0 days 22:40 hours
Hyper-V role detected

CPU: total 24 (initial active 24) (12 cores per cpu, 2 threads per core) family 6 model 151 stepping 2 microcode 0x36, cx8, cmov, fxsr, ht, mmx, 3dnowpref, sse, sse2, sse3, ssse3, sse4.1, sse4.2, popcnt, lzcnt, tsc, tscinvbit, avx, avx2, aes, erms, clmul, bmi1, bmi2, adx, sha, fma, vzeroupper, clflush, clflushopt, clwb, hv, serialize, rdtscp, rdpid, fsrm, f16c, cet_ibt, cet_ss
Processor Information for all 24 processors :
  Max Mhz: 3200, Current Mhz: 3200, Mhz Limit: 3200

Memory: 4k page, system-wide physical 32535M (7941M free)
TotalPageFile size 58183M (AvailPageFile size 9942M)
current process WorkingSet (physical memory assigned to process): 823M, peak: 1006M
current process commit charge ("private bytes"): 1034M, peak: 1324M

vm_info: Java HotSpot(TM) 64-Bit Server VM (21.0.10+8-LTS-217) for windows-amd64 JRE (21.0.10+8-LTS-217), built on 2025-12-18T14:59:28Z by "mach5run" with MS VC++ 17.13 (VS2022)

END.
